../Core/Src/main.c:92:5:main	24	static
../Core/Src/main.c:199:6:SystemClock_Config	88	static
../Core/Src/main.c:245:13:MX_CRC_Init	8	static
../Core/Src/main.c:271:13:MX_DMA2D_Init	8	static
../Core/Src/main.c:308:13:MX_I2C3_Init	8	static
../Core/Src/main.c:356:13:MX_LTDC_Init	64	static
../Core/Src/main.c:418:13:MX_SPI5_Init	8	static
../Core/Src/main.c:456:13:MX_TIM1_Init	32	static
../Core/Src/main.c:502:13:MX_UART5_Init	8	static
../Core/Src/main.c:535:13:MX_USART1_UART_Init	8	static
../Core/Src/main.c:564:13:MX_FMC_Init	40	static
../Core/Src/main.c:615:13:MX_GPIO_Init	64	static
../Core/Src/main.c:697:5:__io_putchar	16	static
../Core/Src/main.c:707:13:go_to_application	16	static
../Core/Src/main.c:726:6:HAL_TIM_PeriodElapsedCallback	16	static
../Core/Src/main.c:743:6:Error_Handler	4	static,ignoring_inline_asm
