../Core/Src/main.c:92:5:main	16	static
../Core/Src/main.c:184:6:SystemClock_Config	88	static
../Core/Src/main.c:230:13:MX_CRC_Init	8	static
../Core/Src/main.c:256:13:MX_DMA2D_Init	8	static
../Core/Src/main.c:293:13:MX_I2C3_Init	8	static
../Core/Src/main.c:341:13:MX_LTDC_Init	64	static
../Core/Src/main.c:403:13:MX_SPI5_Init	8	static
../Core/Src/main.c:441:13:MX_TIM1_Init	32	static
../Core/Src/main.c:487:13:MX_UART5_Init	8	static
../Core/Src/main.c:520:13:MX_USART1_UART_Init	8	static
../Core/Src/main.c:549:13:MX_FMC_Init	40	static
../Core/Src/main.c:600:13:MX_GPIO_Init	64	static
../Core/Src/main.c:682:5:__io_putchar	16	static
../Core/Src/main.c:692:13:go_to_application	16	static
../Core/Src/main.c:711:6:HAL_TIM_PeriodElapsedCallback	16	static
../Core/Src/main.c:728:6:Error_Handler	4	static,ignoring_inline_asm
