Archive member included to satisfy reference by file (symbol)

d:/program files/stm32cubeide_1.11.2/stm32cubeide/plugins/com.st.stm32cube.ide.mcu.externaltools.gnu-tools-for-stm32.10.3-2021.10.win32_1.0.100.202210260954/tools/bin/../lib/gcc/arm-none-eabi/10.3.1/../../../../arm-none-eabi/lib/thumb/v7e-m+fp/hard\libc_nano.a(lib_a-errno.o)
                              ./Core/Src/syscalls.o (__errno)
d:/program files/stm32cubeide_1.11.2/stm32cubeide/plugins/com.st.stm32cube.ide.mcu.externaltools.gnu-tools-for-stm32.10.3-2021.10.win32_1.0.100.202210260954/tools/bin/../lib/gcc/arm-none-eabi/10.3.1/../../../../arm-none-eabi/lib/thumb/v7e-m+fp/hard\libc_nano.a(lib_a-exit.o)
                              d:/program files/stm32cubeide_1.11.2/stm32cubeide/plugins/com.st.stm32cube.ide.mcu.externaltools.gnu-tools-for-stm32.10.3-2021.10.win32_1.0.100.202210260954/tools/bin/../lib/gcc/arm-none-eabi/10.3.1/../../../../arm-none-eabi/lib/thumb/v7e-m+fp/hard/crt0.o (exit)
d:/program files/stm32cubeide_1.11.2/stm32cubeide/plugins/com.st.stm32cube.ide.mcu.externaltools.gnu-tools-for-stm32.10.3-2021.10.win32_1.0.100.202210260954/tools/bin/../lib/gcc/arm-none-eabi/10.3.1/../../../../arm-none-eabi/lib/thumb/v7e-m+fp/hard\libc_nano.a(lib_a-impure.o)
                              d:/program files/stm32cubeide_1.11.2/stm32cubeide/plugins/com.st.stm32cube.ide.mcu.externaltools.gnu-tools-for-stm32.10.3-2021.10.win32_1.0.100.202210260954/tools/bin/../lib/gcc/arm-none-eabi/10.3.1/../../../../arm-none-eabi/lib/thumb/v7e-m+fp/hard\libc_nano.a(lib_a-exit.o) (_global_impure_ptr)
d:/program files/stm32cubeide_1.11.2/stm32cubeide/plugins/com.st.stm32cube.ide.mcu.externaltools.gnu-tools-for-stm32.10.3-2021.10.win32_1.0.100.202210260954/tools/bin/../lib/gcc/arm-none-eabi/10.3.1/../../../../arm-none-eabi/lib/thumb/v7e-m+fp/hard\libc_nano.a(lib_a-init.o)
                              d:/program files/stm32cubeide_1.11.2/stm32cubeide/plugins/com.st.stm32cube.ide.mcu.externaltools.gnu-tools-for-stm32.10.3-2021.10.win32_1.0.100.202210260954/tools/bin/../lib/gcc/arm-none-eabi/10.3.1/../../../../arm-none-eabi/lib/thumb/v7e-m+fp/hard/crt0.o (__libc_init_array)
d:/program files/stm32cubeide_1.11.2/stm32cubeide/plugins/com.st.stm32cube.ide.mcu.externaltools.gnu-tools-for-stm32.10.3-2021.10.win32_1.0.100.202210260954/tools/bin/../lib/gcc/arm-none-eabi/10.3.1/../../../../arm-none-eabi/lib/thumb/v7e-m+fp/hard\libc_nano.a(lib_a-malloc.o)
                              ./Middlewares/ST/STM32_USB_Host_Library/Class/CDC/Src/usbh_cdc.o (malloc)
d:/program files/stm32cubeide_1.11.2/stm32cubeide/plugins/com.st.stm32cube.ide.mcu.externaltools.gnu-tools-for-stm32.10.3-2021.10.win32_1.0.100.202210260954/tools/bin/../lib/gcc/arm-none-eabi/10.3.1/../../../../arm-none-eabi/lib/thumb/v7e-m+fp/hard\libc_nano.a(lib_a-memset.o)
                              d:/program files/stm32cubeide_1.11.2/stm32cubeide/plugins/com.st.stm32cube.ide.mcu.externaltools.gnu-tools-for-stm32.10.3-2021.10.win32_1.0.100.202210260954/tools/bin/../lib/gcc/arm-none-eabi/10.3.1/../../../../arm-none-eabi/lib/thumb/v7e-m+fp/hard/crt0.o (memset)
d:/program files/stm32cubeide_1.11.2/stm32cubeide/plugins/com.st.stm32cube.ide.mcu.externaltools.gnu-tools-for-stm32.10.3-2021.10.win32_1.0.100.202210260954/tools/bin/../lib/gcc/arm-none-eabi/10.3.1/../../../../arm-none-eabi/lib/thumb/v7e-m+fp/hard\libc_nano.a(lib_a-nano-freer.o)
                              d:/program files/stm32cubeide_1.11.2/stm32cubeide/plugins/com.st.stm32cube.ide.mcu.externaltools.gnu-tools-for-stm32.10.3-2021.10.win32_1.0.100.202210260954/tools/bin/../lib/gcc/arm-none-eabi/10.3.1/../../../../arm-none-eabi/lib/thumb/v7e-m+fp/hard\libc_nano.a(lib_a-malloc.o) (_free_r)
d:/program files/stm32cubeide_1.11.2/stm32cubeide/plugins/com.st.stm32cube.ide.mcu.externaltools.gnu-tools-for-stm32.10.3-2021.10.win32_1.0.100.202210260954/tools/bin/../lib/gcc/arm-none-eabi/10.3.1/../../../../arm-none-eabi/lib/thumb/v7e-m+fp/hard\libc_nano.a(lib_a-nano-mallocr.o)
                              d:/program files/stm32cubeide_1.11.2/stm32cubeide/plugins/com.st.stm32cube.ide.mcu.externaltools.gnu-tools-for-stm32.10.3-2021.10.win32_1.0.100.202210260954/tools/bin/../lib/gcc/arm-none-eabi/10.3.1/../../../../arm-none-eabi/lib/thumb/v7e-m+fp/hard\libc_nano.a(lib_a-malloc.o) (_malloc_r)
d:/program files/stm32cubeide_1.11.2/stm32cubeide/plugins/com.st.stm32cube.ide.mcu.externaltools.gnu-tools-for-stm32.10.3-2021.10.win32_1.0.100.202210260954/tools/bin/../lib/gcc/arm-none-eabi/10.3.1/../../../../arm-none-eabi/lib/thumb/v7e-m+fp/hard\libc_nano.a(lib_a-printf.o)
                              ./Core/Src/main.o (printf)
d:/program files/stm32cubeide_1.11.2/stm32cubeide/plugins/com.st.stm32cube.ide.mcu.externaltools.gnu-tools-for-stm32.10.3-2021.10.win32_1.0.100.202210260954/tools/bin/../lib/gcc/arm-none-eabi/10.3.1/../../../../arm-none-eabi/lib/thumb/v7e-m+fp/hard\libc_nano.a(lib_a-puts.o)
                              ./Core/Src/main.o (puts)
[...]
Memory Configuration

Name             Origin             Length             Attributes
CCMRAM           0x0000000010000000 0x0000000000010000 xrw
RAM              0x0000000020000000 0x0000000000030000 xrw
FLASH            0x0000000008040000 0x0000000000100000 xr
*default*        0x0000000000000000 0xffffffffffffffff

Linker script and memory map

LOAD d:/program files/stm32cubeide_1.11.2/stm32cubeide/plugins/com.st.stm32cube.ide.mcu.externaltools.gnu-tools-for-stm32.10.3-2021.10.win32_1.0.100.202210260954/tools/bin/../lib/gcc/arm-none-eabi/10.3.1/thumb/v7e-m+fp/hard/crti.o
LOAD d:/program files/stm32cubeide_1.11.2/stm32cubeide/plugins/com.st.stm32cube.ide.mcu.externaltools.gnu-tools-for-stm32.10.3-2021.10.win32_1.0.100.202210260954/tools/bin/../lib/gcc/arm-none-eabi/10.3.1/thumb/v7e-m+fp/hard/crtbegin.o
LOAD d:/program files/stm32cubeide_1.11.2/stm32cubeide/plugins/com.st.stm32cube.ide.mcu.externaltools.gnu-tools-for-stm32.10.3-2021.10.win32_1.0.100.202210260954/tools/bin/../lib/gcc/arm-none-eabi/10.3.1/../../../../arm-none-eabi/lib/thumb/v7e-m+fp/hard/crt0.o
LOAD ./Core/Src/main.o
LOAD ./Core/Src/ota_app.o
LOAD ./Core/Src/stm32f4xx_hal_msp.o
LOAD ./Core/Src/stm32f4xx_hal_timebase_tim.o
LOAD ./Core/Src/stm32f4xx_it.o
LOAD ./Core/Src/syscalls.o
LOAD ./Core/Src/sysmem.o
LOAD ./Core/Src/system_stm32f4xx.o
LOAD ./Core/Startup/startup_stm32f429zitx.o
LOAD ./Drivers/BSP/Components/i3g4250d/i3g4250d.o
LOAD ./Drivers/BSP/Components/ili9341/ili9341.o
LOAD ./Drivers/BSP/Components/l3gd20/l3gd20.o
LOAD ./Drivers/BSP/Components/stmpe811/stmpe811.o
LOAD ./Drivers/BSP/STM32F429I-Discovery/stm32f429i_discovery.o
LOAD ./Drivers/BSP/STM32F429I-Discovery/stm32f429i_discovery_eeprom.o
LOAD ./Drivers/BSP/STM32F429I-Discovery/stm32f429i_discovery_gyroscope.o
LOAD ./Drivers/BSP/STM32F429I-Discovery/stm32f429i_discovery_io.o
LOAD ./Drivers/BSP/STM32F429I-Discovery/stm32f429i_discovery_lcd.o
LOAD ./Drivers/BSP/STM32F429I-Discovery/stm32f429i_discovery_sdram.o
LOAD ./Drivers/BSP/STM32F429I-Discovery/stm32f429i_discovery_ts.o
LOAD ./Drivers/STM32F4xx_HAL_Driver/Src/stm32f4xx_hal.o
LOAD ./Drivers/STM32F4xx_HAL_Driver/Src/stm32f4xx_hal_cortex.o
LOAD ./Drivers/STM32F4xx_HAL_Driver/Src/stm32f4xx_hal_crc.o
LOAD ./Drivers/STM32F4xx_HAL_Driver/Src/stm32f4xx_hal_dma.o
LOAD ./Drivers/STM32F4xx_HAL_Driver/Src/stm32f4xx_hal_dma2d.o
LOAD ./Drivers/STM32F4xx_HAL_Driver/Src/stm32f4xx_hal_dma_ex.o
LOAD ./Drivers/STM32F4xx_HAL_Driver/Src/stm32f4xx_hal_dsi.o
LOAD ./Drivers/STM32F4xx_HAL_Driver/Src/stm32f4xx_hal_exti.o
LOAD ./Drivers/STM32F4xx_HAL_Driver/Src/stm32f4xx_hal_flash.o
LOAD ./Drivers/STM32F4xx_HAL_Driver/Src/stm32f4xx_hal_flash_ex.o
LOAD ./Drivers/STM32F4xx_HAL_Driver/Src/stm32f4xx_hal_flash_ramfunc.o
LOAD ./Drivers/STM32F4xx_HAL_Driver/Src/stm32f4xx_hal_gpio.o
LOAD ./Drivers/STM32F4xx_HAL_Driver/Src/stm32f4xx_hal_hcd.o
LOAD ./Drivers/STM32F4xx_HAL_Driver/Src/stm32f4xx_hal_i2c.o
LOAD ./Drivers/STM32F4xx_HAL_Driver/Src/stm32f4xx_hal_i2c_ex.o
LOAD ./Drivers/STM32F4xx_HAL_Driver/Src/stm32f4xx_hal_ltdc.o
LOAD ./Drivers/STM32F4xx_HAL_Driver/Src/stm32f4xx_hal_ltdc_ex.o
LOAD ./Drivers/STM32F4xx_HAL_Driver/Src/stm32f4xx_hal_pwr.o
LOAD ./Drivers/STM32F4xx_HAL_Driver/Src/stm32f4xx_hal_pwr_ex.o
LOAD ./Drivers/STM32F4xx_HAL_Driver/Src/stm32f4xx_hal_rcc.o
LOAD ./Drivers/STM32F4xx_HAL_Driver/Src/stm32f4xx_hal_rcc_ex.o
LOAD ./Drivers/STM32F4xx_HAL_Driver/Src/stm32f4xx_hal_sdram.o
LOAD ./Drivers/STM32F4xx_HAL_Driver/Src/stm32f4xx_hal_spi.o
LOAD ./Drivers/STM32F4xx_HAL_Driver/Src/stm32f4xx_hal_tim.o
LOAD ./Drivers/STM32F4xx_HAL_Driver/Src/stm32f4xx_hal_tim_ex.o
LOAD ./Drivers/STM32F4xx_HAL_Driver/Src/stm32f4xx_hal_uart.o
LOAD ./Drivers/STM32F4xx_HAL_Driver/Src/stm32f4xx_ll_fmc.o
LOAD ./Drivers/STM32F4xx_HAL_Driver/Src/stm32f4xx_ll_usb.o
LOAD ./Middlewares/ST/STM32_USB_Host_Library/Class/CDC/Src/usbh_cdc.o
LOAD ./Middlewares/ST/STM32_USB_Host_Library/Core/Src/usbh_core.o
LOAD ./Middlewares/ST/STM32_USB_Host_Library/Core/Src/usbh_ctlreq.o
LOAD ./Middlewares/ST/STM32_USB_Host_Library/Core/Src/usbh_ioreq.o
LOAD ./Middlewares/ST/STM32_USB_Host_Library/Core/Src/usbh_pipes.o
LOAD ./USB_HOST/App/usb_host.o
LOAD ./USB_HOST/Target/usbh_conf.o
LOAD ./USB_HOST/Target/usbh_platform.o
START GROUP
LOAD d:/program files/stm32cubeide_1.11.2/stm32cubeide/plugins/com.st.stm32cube.ide.mcu.externaltools.gnu-tools-for-stm32.10.3-2021.10.win32_1.0.100.202210260954/tools/bin/../lib/gcc/arm-none-eabi/10.3.1/../../../../arm-none-eabi/lib/thumb/v7e-m+fp/hard\libc_nano.a
LOAD d:/program files/stm32cubeide_1.11.2/stm32cubeide/plugins/com.st.stm32cube.ide.mcu.externaltools.gnu-tools-for-stm32.10.3-2021.10.win32_1.0.100.202210260954/tools/bin/../lib/gcc/arm-none-eabi/10.3.1/../../../../arm-none-eabi/lib/thumb/v7e-m+fp/hard\libm.a
END GROUP
START GROUP
LOAD d:/program files/stm32cubeide_1.11.2/stm32cubeide/plugins/com.st.stm32cube.ide.mcu.externaltools.gnu-tools-for-stm32.10.3-2021.10.win32_1.0.100.202210260954/tools/bin/../lib/gcc/arm-none-eabi/10.3.1/thumb/v7e-m+fp/hard\libgcc.a
LOAD d:/program files/stm32cubeide_1.11.2/stm32cubeide/plugins/com.st.stm32cube.ide.mcu.externaltools.gnu-tools-for-stm32.10.3-2021.10.win32_1.0.100.202210260954/tools/bin/../lib/gcc/arm-none-eabi/10.3.1/../../../../arm-none-eabi/lib/thumb/v7e-m+fp/hard\libc_nano.a
END GROUP
START GROUP
LOAD d:/program files/stm32cubeide_1.11.2/stm32cubeide/plugins/com.st.stm32cube.ide.mcu.externaltools.gnu-tools-for-stm32.10.3-2021.10.win32_1.0.100.202210260954/tools/bin/../lib/gcc/arm-none-eabi/10.3.1/thumb/v7e-m+fp/hard\libgcc.a
LOAD d:/program files/stm32cubeide_1.11.2/stm32cubeide/plugins/com.st.stm32cube.ide.mcu.externaltools.gnu-tools-for-stm32.10.3-2021.10.win32_1.0.100.202210260954/tools/bin/../lib/gcc/arm-none-eabi/10.3.1/../../../../arm-none-eabi/lib/thumb/v7e-m+fp/hard\libc_nano.a
LOAD d:/program files/stm32cubeide_1.11.2/stm32cubeide/plugins/com.st.stm32cube.ide.mcu.externaltools.gnu-tools-for-stm32.10.3-2021.10.win32_1.0.100.202210260954/tools/bin/../lib/gcc/arm-none-eabi/10.3.1/../../../../arm-none-eabi/lib/thumb/v7e-m+fp/hard\libnosys.a
END GROUP
START GROUP
LOAD d:/program files/stm32cubeide_1.11.2/stm32cubeide/plugins/com.st.stm32cube.ide.mcu.externaltools.gnu-tools-for-stm32.10.3-2021.10.win32_1.0.100.202210260954/tools/bin/../lib/gcc/arm-none-eabi/10.3.1/thumb/v7e-m+fp/hard\libgcc.a
LOAD d:/program files/stm32cubeide_1.11.2/stm32cubeide/plugins/com.st.stm32cube.ide.mcu.externaltools.gnu-tools-for-stm32.10.3-2021.10.win32_1.0.100.202210260954/tools/bin/../lib/gcc/arm-none-eabi/10.3.1/../../../../arm-none-eabi/lib/thumb/v7e-m+fp/hard\libc_nano.a
LOAD d:/program files/stm32cubeide_1.11.2/stm32cubeide/plugins/com.st.stm32cube.ide.mcu.externaltools.gnu-tools-for-stm32.10.3-2021.10.win32_1.0.100.202210260954/tools/bin/../lib/gcc/arm-none-eabi/10.3.1/../../../../arm-none-eabi/lib/thumb/v7e-m+fp/hard\libnosys.a
END GROUP
LOAD d:/program files/stm32cubeide_1.11.2/stm32cubeide/plugins/com.st.stm32cube.ide.mcu.externaltools.gnu-tools-for-stm32.10.3-2021.10.win32_1.0.100.202210260954/tools/bin/../lib/gcc/arm-none-eabi/10.3.1/thumb/v7e-m+fp/hard/crtend.o
LOAD d:/program files/stm32cubeide_1.11.2/stm32cubeide/plugins/com.st.stm32cube.ide.mcu.externaltools.gnu-tools-for-stm32.10.3-2021.10.win32_1.0.100.202210260954/tools/bin/../lib/gcc/arm-none-eabi/10.3.1/thumb/v7e-m+fp/hard/crtn.o
                0x0000000020030000                _estack = (ORIGIN (RAM) + LENGTH (RAM))
                0x0000000000000200                _Min_Heap_Size = 0x200
                0x0000000000000400                _Min_Stack_Size = 0x400

.isr_vector     0x0000000008040000      0x1ac
                0x0000000008040000                . = ALIGN (0x4)
 *(.isr_vector)
 .isr_vector    0x0000000008040000      0x1ac ./Core/Startup/startup_stm32f429zitx.o
                0x0000000008040000                g_pfnVectors
                0x00000000080401ac                . = ALIGN (0x4)

.text           0x00000000080401b0     0xdfe8
                0x00000000080401b0                . = ALIGN (0x4)
 *(.text)
 .text          0x00000000080401b0       0x40 d:/program files/stm32cubeide_1.11.2/stm32cubeide/plugins/com.st.stm32cube.ide.mcu.externaltools.gnu-tools-for-stm32.10.3-2021.10.win32_1.0.100.202210260954/tools/bin/../lib/gcc/arm-none-eabi/10.3.1/thumb/v7e-m+fp/hard/crtbegin.o
 .text          0x00000000080401f0       0xa0 d:/program files/stm32cubeide_1.11.2/stm32cubeide/plugins/com.st.stm32cube.ide.mcu.externaltools.gnu-tools-for-stm32.10.3-2021.10.win32_1.0.100.202210260954/tools/bin/../lib/gcc/arm-none-eabi/10.3.1/../../../../arm-none-eabi/lib/thumb/v7e-m+fp/hard\libc_nano.a(lib_a-memchr.o)
                0x00000000080401f0                memchr
 .text          0x0000000008040290       0x30 d:/program files/stm32cubeide_1.11.2/stm32cubeide/plugins/com.st.stm32cube.ide.mcu.externaltools.gnu-tools-for-stm32.10.3-2021.10.win32_1.0.100.202210260954/tools/bin/../lib/gcc/arm-none-eabi/10.3.1/thumb/v7e-m+fp/hard\libgcc.a(_aeabi_uldivmod.o)
                0x0000000008040290                __aeabi_uldivmod
 .text          0x00000000080402c0      0x2d0 d:/program files/stm32cubeide_1.11.2/stm32cubeide/plugins/com.st.stm32cube.ide.mcu.externaltools.gnu-tools-for-stm32.10.3-2021.10.win32_1.0.100.202210260954/tools/bin/../lib/gcc/arm-none-eabi/10.3.1/thumb/v7e-m+fp/hard\libgcc.a(_udivmoddi4.o)
                0x00000000080402c0                __udivmoddi4
 .text          0x0000000008040590        0x4 d:/program files/stm32cubeide_1.11.2/stm32cubeide/plugins/com.st.stm32cube.ide.mcu.externaltools.gnu-tools-for-stm32.10.3-2021.10.win32_1.0.100.202210260954/tools/bin/../lib/gcc/arm-none-eabi/10.3.1/thumb/v7e-m+fp/hard\libgcc.a(_dvmd_tls.o)
                0x0000000008040590                __aeabi_idiv0
                0x0000000008040590                __aeabi_ldiv0
 *(.text*)
 .text.main     0x0000000008040594      0x1b4 ./Core/Src/main.o
                0x0000000008040594                main
 .text.SystemClock_Config
                0x0000000008040748       0xd8 ./Core/Src/main.o
                0x0000000008040748                SystemClock_Config
 .text.MX_CRC_Init
                0x0000000008040820       0x28 ./Core/Src/main.o
 .text.MX_DMA2D_Init
                0x0000000008040848       0x64 ./Core/Src/main.o
 .text.MX_I2C3_Init
                0x00000000080408ac       0x80 ./Core/Src/main.o
 .text.MX_LTDC_Init
                0x000000000804092c      0x100 ./Core/Src/main.o
 .text.MX_SPI5_Init
                0x0000000008040a2c       0x6c ./Core/Src/main.o
 .text.MX_TIM1_Init
                0x0000000008040a98       0xa0 ./Core/Src/main.o
 .text.MX_USART1_UART_Init
                0x0000000008040b38       0x54 ./Core/Src/main.o
 .text.MX_FMC_Init
                0x0000000008040b8c       0xa0 ./Core/Src/main.o
 .text.MX_GPIO_Init
                0x0000000008040c2c      0x248 ./Core/Src/main.o
 .text.__io_putchar
                0x0000000008040e74       0x24 ./Core/Src/main.o
                0x0000000008040e74                __io_putchar
 .text.HAL_TIM_PeriodElapsedCallback
                0x0000000008040e98       0x24 ./Core/Src/main.o
                0x0000000008040e98                HAL_TIM_PeriodElapsedCallback
 .text.Error_Handler
                0x0000000008040ebc        0xa ./Core/Src/main.o
                0x0000000008040ebc                Error_Handler
 *fill*         0x0000000008040ec6        0x2 
 .text.go_to_ota_app
                0x0000000008040ec8       0x54 ./Core/Src/ota_app.o
                0x0000000008040ec8                go_to_ota_app
 .text.ota_download_and_flash
                0x0000000008040f1c       0xac ./Core/Src/ota_app.o
                0x0000000008040f1c                ota_download_and_flash
 .text.ota_receive_chunk
                0x0000000008040fc8      0x1c4 ./Core/Src/ota_app.o
 .text.ota_process_data
                0x000000000804118c      0x1f4 ./Core/Src/ota_app.o
 .text.ota_send_resp
                0x0000000008041380       0x58 ./Core/Src/ota_app.o
 .text.ota_calcCRC
                0x00000000080413d8       0x5c ./Core/Src/ota_app.o
                0x00000000080413d8                ota_calcCRC
 .text.HAL_MspInit
                0x0000000008041434       0x50 ./Core/Src/stm32f4xx_hal_msp.o
                0x0000000008041434                HAL_MspInit
 .text.HAL_CRC_MspInit
                0x0000000008041484       0x44 ./Core/Src/stm32f4xx_hal_msp.o
                0x0000000008041484                HAL_CRC_MspInit
 .text.HAL_DMA2D_MspInit
                0x00000000080414c8       0x50 ./Core/Src/stm32f4xx_hal_msp.o
                0x00000000080414c8                HAL_DMA2D_MspInit
 .text.HAL_I2C_MspInit
                0x0000000008041518       0xd4 ./Core/Src/stm32f4xx_hal_msp.o
                0x0000000008041518                HAL_I2C_MspInit
 .text.HAL_LTDC_MspInit
                0x00000000080415ec      0x260 ./Core/Src/stm32f4xx_hal_msp.o
                0x00000000080415ec                HAL_LTDC_MspInit
 .text.HAL_SPI_MspInit
                0x000000000804184c       0x90 ./Core/Src/stm32f4xx_hal_msp.o
                0x000000000804184c                HAL_SPI_MspInit
 .text.HAL_SPI_MspDeInit
                0x00000000080418dc       0x3c ./Core/Src/stm32f4xx_hal_msp.o
                0x00000000080418dc                HAL_SPI_MspDeInit
 .text.HAL_TIM_Base_MspInit
                0x0000000008041918       0x44 ./Core/Src/stm32f4xx_hal_msp.o
                0x0000000008041918                HAL_TIM_Base_MspInit
 .text.HAL_UART_MspInit
                0x000000000804195c       0x90 ./Core/Src/stm32f4xx_hal_msp.o
                0x000000000804195c                HAL_UART_MspInit
 .text.HAL_FMC_MspInit
                0x00000000080419ec      0x124 ./Core/Src/stm32f4xx_hal_msp.o
 .text.HAL_SDRAM_MspInit
                0x0000000008041b10       0x14 ./Core/Src/stm32f4xx_hal_msp.o
                0x0000000008041b10                HAL_SDRAM_MspInit
 .text.HAL_InitTick
                0x0000000008041b24       0xf8 ./Core/Src/stm32f4xx_hal_timebase_tim.o
                0x0000000008041b24                HAL_InitTick
 .text.NMI_Handler
                0x0000000008041c1c        0x6 ./Core/Src/stm32f4xx_it.o
                0x0000000008041c1c                NMI_Handler
 .text.HardFault_Handler
                0x0000000008041c22        0x6 ./Core/Src/stm32f4xx_it.o
                0x0000000008041c22                HardFault_Handler
 .text.MemManage_Handler
                0x0000000008041c28        0x6 ./Core/Src/stm32f4xx_it.o
                0x0000000008041c28                MemManage_Handler
 .text.BusFault_Handler
                0x0000000008041c2e        0x6 ./Core/Src/stm32f4xx_it.o
                0x0000000008041c2e                BusFault_Handler
 .text.UsageFault_Handler
                0x0000000008041c34        0x6 ./Core/Src/stm32f4xx_it.o
                0x0000000008041c34                UsageFault_Handler
 .text.SVC_Handler
                0x0000000008041c3a        0xe ./Core/Src/stm32f4xx_it.o
                0x0000000008041c3a                SVC_Handler
 .text.DebugMon_Handler
                0x0000000008041c48        0xe ./Core/Src/stm32f4xx_it.o
                0x0000000008041c48                DebugMon_Handler
 .text.PendSV_Handler
                0x0000000008041c56        0xe ./Core/Src/stm32f4xx_it.o
                0x0000000008041c56                PendSV_Handler
 .text.SysTick_Handler
                0x0000000008041c64        0xe ./Core/Src/stm32f4xx_it.o
                0x0000000008041c64                SysTick_Handler
 .text.EXTI0_IRQHandler
                0x0000000008041c72        0xe ./Core/Src/stm32f4xx_it.o
                0x0000000008041c72                EXTI0_IRQHandler
 .text.TIM6_DAC_IRQHandler
                0x0000000008041c80       0x14 ./Core/Src/stm32f4xx_it.o
                0x0000000008041c80                TIM6_DAC_IRQHandler
 .text.OTG_HS_IRQHandler
                0x0000000008041c94       0x14 ./Core/Src/stm32f4xx_it.o
                0x0000000008041c94                OTG_HS_IRQHandler
 .text.LTDC_IRQHandler
                0x0000000008041ca8       0x14 ./Core/Src/stm32f4xx_it.o
                0x0000000008041ca8                LTDC_IRQHandler
 .text.DMA2D_IRQHandler
                0x0000000008041cbc       0x14 ./Core/Src/stm32f4xx_it.o
                0x0000000008041cbc                DMA2D_IRQHandler
 .text.HAL_GPIO_EXTI_Callback
                0x0000000008041cd0       0x28 ./Core/Src/stm32f4xx_it.o
                0x0000000008041cd0                HAL_GPIO_EXTI_Callback
 .text._read    0x0000000008041cf8       0x3a ./Core/Src/syscalls.o
                0x0000000008041cf8                _read
 .text._write   0x0000000008041d32       0x38 ./Core/Src/syscalls.o
                0x0000000008041d32                _write
 .text._close   0x0000000008041d6a       0x18 ./Core/Src/syscalls.o
                0x0000000008041d6a                _close
 .text._fstat   0x0000000008041d82       0x20 ./Core/Src/syscalls.o
                0x0000000008041d82                _fstat
 .text._isatty  0x0000000008041da2       0x16 ./Core/Src/syscalls.o
                0x0000000008041da2                _isatty
 .text._lseek   0x0000000008041db8       0x1a ./Core/Src/syscalls.o
                0x0000000008041db8                _lseek
 *fill*         0x0000000008041dd2        0x2 
 .text._sbrk    0x0000000008041dd4       0x6c ./Core/Src/sysmem.o
                0x0000000008041dd4                _sbrk
 .text.SystemInit
                0x0000000008041e40       0x2c ./Core/Src/system_stm32f4xx.o
                0x0000000008041e40                SystemInit
 .text.Reset_Handler
                0x0000000008041e6c       0x50 ./Core/Startup/startup_stm32f429zitx.o
                0x0000000008041e6c                Reset_Handler
 .text.Default_Handler
                0x0000000008041ebc        0x2 ./Core/Startup/startup_stm32f429zitx.o
                0x0000000008041ebc                RTC_Alarm_IRQHandler
                0x0000000008041ebc                HASH_RNG_IRQHandler
                0x0000000008041ebc                EXTI2_IRQHandler
                0x0000000008041ebc                TIM8_CC_IRQHandler
                0x0000000008041ebc                UART8_IRQHandler
                0x0000000008041ebc                SPI4_IRQHandler
                0x0000000008041ebc                TIM1_CC_IRQHandler
                0x0000000008041ebc                DMA2_Stream5_IRQHandler
                0x0000000008041ebc                DMA1_Stream5_IRQHandler
                0x0000000008041ebc                PVD_IRQHandler
                0x0000000008041ebc                SDIO_IRQHandler
                0x0000000008041ebc                TAMP_STAMP_IRQHandler
                0x0000000008041ebc                CAN2_RX1_IRQHandler
                0x0000000008041ebc                EXTI3_IRQHandler
                0x0000000008041ebc                TIM8_TRG_COM_TIM14_IRQHandler
                0x0000000008041ebc                TIM1_UP_TIM10_IRQHandler
                0x0000000008041ebc                TIM8_UP_TIM13_IRQHandler
                0x0000000008041ebc                I2C3_ER_IRQHandler
                0x0000000008041ebc                I2C2_EV_IRQHandler
                0x0000000008041ebc                DMA1_Stream2_IRQHandler
                0x0000000008041ebc                CAN1_RX0_IRQHandler
                0x0000000008041ebc                FPU_IRQHandler
                0x0000000008041ebc                OTG_HS_WKUP_IRQHandler
                0x0000000008041ebc                LTDC_ER_IRQHandler
                0x0000000008041ebc                CAN2_SCE_IRQHandler
                0x0000000008041ebc                DMA2_Stream2_IRQHandler
                0x0000000008041ebc                SPI1_IRQHandler
                0x0000000008041ebc                TIM1_BRK_TIM9_IRQHandler
                0x0000000008041ebc                DCMI_IRQHandler
                0x0000000008041ebc                CAN2_RX0_IRQHandler
                0x0000000008041ebc                DMA2_Stream3_IRQHandler
                0x0000000008041ebc                USART6_IRQHandler
                0x0000000008041ebc                USART3_IRQHandler
                0x0000000008041ebc                CAN1_RX1_IRQHandler
                0x0000000008041ebc                UART5_IRQHandler
                0x0000000008041ebc                DMA2_Stream0_IRQHandler
                0x0000000008041ebc                TIM4_IRQHandler
                0x0000000008041ebc                I2C1_EV_IRQHandler
                0x0000000008041ebc                DMA1_Stream6_IRQHandler
                0x0000000008041ebc                DMA1_Stream1_IRQHandler
                0x0000000008041ebc                UART4_IRQHandler
                0x0000000008041ebc                TIM3_IRQHandler
                0x0000000008041ebc                RCC_IRQHandler
                0x0000000008041ebc                TIM8_BRK_TIM12_IRQHandler
                0x0000000008041ebc                Default_Handler
                0x0000000008041ebc                EXTI15_10_IRQHandler
                0x0000000008041ebc                ADC_IRQHandler
                0x0000000008041ebc                DMA1_Stream7_IRQHandler
                0x0000000008041ebc                SPI5_IRQHandler
                0x0000000008041ebc                TIM7_IRQHandler
                0x0000000008041ebc                CAN2_TX_IRQHandler
                0x0000000008041ebc                TIM5_IRQHandler
                0x0000000008041ebc                DMA2_Stream7_IRQHandler
                0x0000000008041ebc                I2C3_EV_IRQHandler
                0x0000000008041ebc                EXTI9_5_IRQHandler
                0x0000000008041ebc                RTC_WKUP_IRQHandler
                0x0000000008041ebc                ETH_WKUP_IRQHandler
                0x0000000008041ebc                SPI2_IRQHandler
                0x0000000008041ebc                OTG_HS_EP1_IN_IRQHandler
                0x0000000008041ebc                DMA1_Stream0_IRQHandler
                0x0000000008041ebc                CAN1_TX_IRQHandler
                0x0000000008041ebc                EXTI4_IRQHandler
                0x0000000008041ebc                ETH_IRQHandler
                0x0000000008041ebc                OTG_HS_EP1_OUT_IRQHandler
                0x0000000008041ebc                WWDG_IRQHandler
                0x0000000008041ebc                SPI6_IRQHandler
                0x0000000008041ebc                TIM2_IRQHandler
                0x0000000008041ebc                OTG_FS_WKUP_IRQHandler
                0x0000000008041ebc                TIM1_TRG_COM_TIM11_IRQHandler
                0x0000000008041ebc                EXTI1_IRQHandler
                0x0000000008041ebc                UART7_IRQHandler
                0x0000000008041ebc                USART2_IRQHandler
                0x0000000008041ebc                I2C2_ER_IRQHandler
                0x0000000008041ebc                DMA2_Stream1_IRQHandler
                0x0000000008041ebc                CAN1_SCE_IRQHandler
                0x0000000008041ebc                FLASH_IRQHandler
                0x0000000008041ebc                DMA2_Stream4_IRQHandler
                0x0000000008041ebc                USART1_IRQHandler
                0x0000000008041ebc                OTG_FS_IRQHandler
                0x0000000008041ebc                SPI3_IRQHandler
                0x0000000008041ebc                DMA1_Stream4_IRQHandler
                0x0000000008041ebc                I2C1_ER_IRQHandler
                0x0000000008041ebc                FMC_IRQHandler
                0x0000000008041ebc                DMA2_Stream6_IRQHandler
                0x0000000008041ebc                SAI1_IRQHandler
                0x0000000008041ebc                DMA1_Stream3_IRQHandler
 .text.ili9341_Init
                0x0000000008041ebe      0x294 ./Drivers/BSP/Components/ili9341/ili9341.o
                0x0000000008041ebe                ili9341_Init
 .text.ili9341_ReadID
                0x0000000008042152       0x18 ./Drivers/BSP/Components/ili9341/ili9341.o
                0x0000000008042152                ili9341_ReadID
 .text.ili9341_DisplayOn
                0x000000000804216a        0xe ./Drivers/BSP/Components/ili9341/ili9341.o
                0x000000000804216a                ili9341_DisplayOn
 .text.ili9341_DisplayOff
                0x0000000008042178        0xe ./Drivers/BSP/Components/ili9341/ili9341.o
                0x0000000008042178                ili9341_DisplayOff
 .text.ili9341_WriteReg
                0x0000000008042186       0x1a ./Drivers/BSP/Components/ili9341/ili9341.o
                0x0000000008042186                ili9341_WriteReg
 .text.ili9341_WriteData
                0x00000000080421a0       0x1a ./Drivers/BSP/Components/ili9341/ili9341.o
                0x00000000080421a0                ili9341_WriteData
 .text.ili9341_ReadData
                0x00000000080421ba       0x26 ./Drivers/BSP/Components/ili9341/ili9341.o
                0x00000000080421ba                ili9341_ReadData
 .text.ili9341_GetLcdPixelWidth
                0x00000000080421e0       0x10 ./Drivers/BSP/Components/ili9341/ili9341.o
                0x00000000080421e0                ili9341_GetLcdPixelWidth
 .text.ili9341_GetLcdPixelHeight
                0x00000000080421f0       0x12 ./Drivers/BSP/Components/ili9341/ili9341.o
                0x00000000080421f0                ili9341_GetLcdPixelHeight
 *fill*         0x0000000008042202        0x2 
 .text.SPIx_Init
                0x0000000008042204       0x74 ./Drivers/BSP/STM32F429I-Discovery/stm32f429i_discovery.o
 .text.SPIx_Read
                0x0000000008042278       0x40 ./Drivers/BSP/STM32F429I-Discovery/stm32f429i_discovery.o
 .text.SPIx_Write
                0x00000000080422b8       0x3c ./Drivers/BSP/STM32F429I-Discovery/stm32f429i_discovery.o
 .text.SPIx_Error
                0x00000000080422f4       0x18 ./Drivers/BSP/STM32F429I-Discovery/stm32f429i_discovery.o
 .text.SPIx_MspInit
                0x000000000804230c       0x74 ./Drivers/BSP/STM32F429I-Discovery/stm32f429i_discovery.o
 .text.LCD_IO_Init
                0x0000000008042380       0xf0 ./Drivers/BSP/STM32F429I-Discovery/stm32f429i_discovery.o
                0x0000000008042380                LCD_IO_Init
 .text.LCD_IO_WriteData
                0x0000000008042470       0x44 ./Drivers/BSP/STM32F429I-Discovery/stm32f429i_discovery.o
                0x0000000008042470                LCD_IO_WriteData
 .text.LCD_IO_WriteReg
                0x00000000080424b4       0x44 ./Drivers/BSP/STM32F429I-Discovery/stm32f429i_discovery.o
                0x00000000080424b4                LCD_IO_WriteReg
 .text.LCD_IO_ReadData
                0x00000000080424f8       0x64 ./Drivers/BSP/STM32F429I-Discovery/stm32f429i_discovery.o
                0x00000000080424f8                LCD_IO_ReadData
 .text.LCD_Delay
                0x000000000804255c       0x16 ./Drivers/BSP/STM32F429I-Discovery/stm32f429i_discovery.o
                0x000000000804255c                LCD_Delay
 *fill*         0x0000000008042572        0x2 
 .text.BSP_LCD_Init
                0x0000000008042574       0xd4 ./Drivers/BSP/STM32F429I-Discovery/stm32f429i_discovery_lcd.o
                0x0000000008042574                BSP_LCD_Init
 .text.BSP_LCD_GetXSize
                0x0000000008042648       0x18 ./Drivers/BSP/STM32F429I-Discovery/stm32f429i_discovery_lcd.o
                0x0000000008042648                BSP_LCD_GetXSize
 .text.BSP_LCD_GetYSize
                0x0000000008042660       0x18 ./Drivers/BSP/STM32F429I-Discovery/stm32f429i_discovery_lcd.o
                0x0000000008042660                BSP_LCD_GetYSize
 .text.BSP_LCD_LayerDefaultInit
                0x0000000008042678       0xc8 ./Drivers/BSP/STM32F429I-Discovery/stm32f429i_discovery_lcd.o
                0x0000000008042678                BSP_LCD_LayerDefaultInit
 .text.BSP_LCD_SelectLayer
                0x0000000008042740       0x20 ./Drivers/BSP/STM32F429I-Discovery/stm32f429i_discovery_lcd.o
                0x0000000008042740                BSP_LCD_SelectLayer
 .text.BSP_LCD_SetLayerVisible
                0x0000000008042760       0x7c ./Drivers/BSP/STM32F429I-Discovery/stm32f429i_discovery_lcd.o
                0x0000000008042760                BSP_LCD_SetLayerVisible
 .text.BSP_LCD_SetColorKeying
                0x00000000080427dc       0x28 ./Drivers/BSP/STM32F429I-Discovery/stm32f429i_discovery_lcd.o
                0x00000000080427dc                BSP_LCD_SetColorKeying
 .text.BSP_LCD_SetTextColor
                0x0000000008042804       0x30 ./Drivers/BSP/STM32F429I-Discovery/stm32f429i_discovery_lcd.o
                0x0000000008042804                BSP_LCD_SetTextColor
 .text.BSP_LCD_SetBackColor
                0x0000000008042834       0x34 ./Drivers/BSP/STM32F429I-Discovery/stm32f429i_discovery_lcd.o
                0x0000000008042834                BSP_LCD_SetBackColor
 .text.BSP_LCD_SetFont
                0x0000000008042868       0x34 ./Drivers/BSP/STM32F429I-Discovery/stm32f429i_discovery_lcd.o
                0x0000000008042868                BSP_LCD_SetFont
 .text.BSP_LCD_Clear
                0x000000000804289c       0x50 ./Drivers/BSP/STM32F429I-Discovery/stm32f429i_discovery_lcd.o
                0x000000000804289c                BSP_LCD_Clear
 .text.BSP_LCD_DisplayChar
                0x00000000080428ec       0x88 ./Drivers/BSP/STM32F429I-Discovery/stm32f429i_discovery_lcd.o
                0x00000000080428ec                BSP_LCD_DisplayChar
 .text.BSP_LCD_DisplayStringAt
                0x0000000008042974      0x17c ./Drivers/BSP/STM32F429I-Discovery/stm32f429i_discovery_lcd.o
                0x0000000008042974                BSP_LCD_DisplayStringAt
 .text.BSP_LCD_DisplayOn
                0x0000000008042af0       0x20 ./Drivers/BSP/STM32F429I-Discovery/stm32f429i_discovery_lcd.o
                0x0000000008042af0                BSP_LCD_DisplayOn
 .text.BSP_LCD_MspInit
                0x0000000008042b10      0x1ac ./Drivers/BSP/STM32F429I-Discovery/stm32f429i_discovery_lcd.o
                0x0000000008042b10                BSP_LCD_MspInit
 .text.BSP_LCD_DrawPixel
                0x0000000008042cbc       0x4c ./Drivers/BSP/STM32F429I-Discovery/stm32f429i_discovery_lcd.o
                0x0000000008042cbc                BSP_LCD_DrawPixel
 .text.DrawChar
                0x0000000008042d08      0x174 ./Drivers/BSP/STM32F429I-Discovery/stm32f429i_discovery_lcd.o
 .text.FillBuffer
                0x0000000008042e7c       0x70 ./Drivers/BSP/STM32F429I-Discovery/stm32f429i_discovery_lcd.o
 .text.BSP_SDRAM_Init
                0x0000000008042eec       0xbc ./Drivers/BSP/STM32F429I-Discovery/stm32f429i_discovery_sdram.o
                0x0000000008042eec                BSP_SDRAM_Init
 .text.BSP_SDRAM_Initialization_sequence
                0x0000000008042fa8       0xc0 ./Drivers/BSP/STM32F429I-Discovery/stm32f429i_discovery_sdram.o
                0x0000000008042fa8                BSP_SDRAM_Initialization_sequence
 .text.BSP_SDRAM_MspInit
                0x0000000008043068      0x218 ./Drivers/BSP/STM32F429I-Discovery/stm32f429i_discovery_sdram.o
                0x0000000008043068                BSP_SDRAM_MspInit
 .text.HAL_Init
                0x0000000008043280       0x44 ./Drivers/STM32F4xx_HAL_Driver/Src/stm32f4xx_hal.o
                0x0000000008043280                HAL_Init
 .text.HAL_IncTick
                0x00000000080432c4       0x28 ./Drivers/STM32F4xx_HAL_Driver/Src/stm32f4xx_hal.o
                0x00000000080432c4                HAL_IncTick
 .text.HAL_GetTick
                0x00000000080432ec       0x18 ./Drivers/STM32F4xx_HAL_Driver/Src/stm32f4xx_hal.o
                0x00000000080432ec                HAL_GetTick
 .text.HAL_Delay
                0x0000000008043304       0x48 ./Drivers/STM32F4xx_HAL_Driver/Src/stm32f4xx_hal.o
                0x0000000008043304                HAL_Delay
 .text.__NVIC_SetPriorityGrouping
                0x000000000804334c       0x48 ./Drivers/STM32F4xx_HAL_Driver/Src/stm32f4xx_hal_cortex.o
 .text.__NVIC_GetPriorityGrouping
                0x0000000008043394       0x1c ./Drivers/STM32F4xx_HAL_Driver/Src/stm32f4xx_hal_cortex.o
 .text.__NVIC_EnableIRQ
                0x00000000080433b0       0x3c ./Drivers/STM32F4xx_HAL_Driver/Src/stm32f4xx_hal_cortex.o
 .text.__NVIC_SetPriority
                0x00000000080433ec       0x54 ./Drivers/STM32F4xx_HAL_Driver/Src/stm32f4xx_hal_cortex.o
 .text.NVIC_EncodePriority
                0x0000000008043440       0x66 ./Drivers/STM32F4xx_HAL_Driver/Src/stm32f4xx_hal_cortex.o
 .text.HAL_NVIC_SetPriorityGrouping
                0x00000000080434a6       0x16 ./Drivers/STM32F4xx_HAL_Driver/Src/stm32f4xx_hal_cortex.o
                0x00000000080434a6                HAL_NVIC_SetPriorityGrouping
 .text.HAL_NVIC_SetPriority
                0x00000000080434bc       0x38 ./Drivers/STM32F4xx_HAL_Driver/Src/stm32f4xx_hal_cortex.o
                0x00000000080434bc                HAL_NVIC_SetPriority
 .text.HAL_NVIC_EnableIRQ
                0x00000000080434f4       0x1c ./Drivers/STM32F4xx_HAL_Driver/Src/stm32f4xx_hal_cortex.o
                0x00000000080434f4                HAL_NVIC_EnableIRQ
 .text.HAL_CRC_Init
                0x0000000008043510       0x38 ./Drivers/STM32F4xx_HAL_Driver/Src/stm32f4xx_hal_crc.o
                0x0000000008043510                HAL_CRC_Init
 .text.HAL_DMA_Init
                0x0000000008043548      0x15c ./Drivers/STM32F4xx_HAL_Driver/Src/stm32f4xx_hal_dma.o
                0x0000000008043548                HAL_DMA_Init
 .text.HAL_DMA_DeInit
                0x00000000080436a4       0xbc ./Drivers/STM32F4xx_HAL_Driver/Src/stm32f4xx_hal_dma.o
                0x00000000080436a4                HAL_DMA_DeInit
 .text.DMA_CalcBaseAndBitshift
                0x0000000008043760       0x6c ./Drivers/STM32F4xx_HAL_Driver/Src/stm32f4xx_hal_dma.o
 .text.DMA_CheckFifoParam
                0x00000000080437cc       0xf8 ./Drivers/STM32F4xx_HAL_Driver/Src/stm32f4xx_hal_dma.o
 .text.HAL_DMA2D_Init
                0x00000000080438c4       0x92 ./Drivers/STM32F4xx_HAL_Driver/Src/stm32f4xx_hal_dma2d.o
                0x00000000080438c4                HAL_DMA2D_Init
 .text.HAL_DMA2D_Start
                0x0000000008043956       0x56 ./Drivers/STM32F4xx_HAL_Driver/Src/stm32f4xx_hal_dma2d.o
                0x0000000008043956                HAL_DMA2D_Start
 .text.HAL_DMA2D_PollForTransfer
                0x00000000080439ac      0x1d2 ./Drivers/STM32F4xx_HAL_Driver/Src/stm32f4xx_hal_dma2d.o
                0x00000000080439ac                HAL_DMA2D_PollForTransfer
 .text.HAL_DMA2D_IRQHandler
                0x0000000008043b7e      0x1f8 ./Drivers/STM32F4xx_HAL_Driver/Src/stm32f4xx_hal_dma2d.o
                0x0000000008043b7e                HAL_DMA2D_IRQHandler
 .text.HAL_DMA2D_LineEventCallback
                0x0000000008043d76       0x14 ./Drivers/STM32F4xx_HAL_Driver/Src/stm32f4xx_hal_dma2d.o
                0x0000000008043d76                HAL_DMA2D_LineEventCallback
 .text.HAL_DMA2D_CLUTLoadingCpltCallback
                0x0000000008043d8a       0x14 ./Drivers/STM32F4xx_HAL_Driver/Src/stm32f4xx_hal_dma2d.o
                0x0000000008043d8a                HAL_DMA2D_CLUTLoadingCpltCallback
 *fill*         0x0000000008043d9e        0x2 
 .text.HAL_DMA2D_ConfigLayer
                0x0000000008043da0      0x124 ./Drivers/STM32F4xx_HAL_Driver/Src/stm32f4xx_hal_dma2d.o
                0x0000000008043da0                HAL_DMA2D_ConfigLayer
 .text.DMA2D_SetConfig
                0x0000000008043ec4      0x138 ./Drivers/STM32F4xx_HAL_Driver/Src/stm32f4xx_hal_dma2d.o
 .text.HAL_GPIO_Init
                0x0000000008043ffc      0x358 ./Drivers/STM32F4xx_HAL_Driver/Src/stm32f4xx_hal_gpio.o
                0x0000000008043ffc                HAL_GPIO_Init
 .text.HAL_GPIO_DeInit
                0x0000000008044354      0x218 ./Drivers/STM32F4xx_HAL_Driver/Src/stm32f4xx_hal_gpio.o
                0x0000000008044354                HAL_GPIO_DeInit
 .text.HAL_GPIO_WritePin
                0x000000000804456c       0x32 ./Drivers/STM32F4xx_HAL_Driver/Src/stm32f4xx_hal_gpio.o
                0x000000000804456c                HAL_GPIO_WritePin
 *fill*         0x000000000804459e        0x2 
 .text.HAL_GPIO_EXTI_IRQHandler
                0x00000000080445a0       0x30 ./Drivers/STM32F4xx_HAL_Driver/Src/stm32f4xx_hal_gpio.o
                0x00000000080445a0                HAL_GPIO_EXTI_IRQHandler
 .text.HAL_HCD_Init
                0x00000000080445d0       0xc4 ./Drivers/STM32F4xx_HAL_Driver/Src/stm32f4xx_hal_hcd.o
                0x00000000080445d0                HAL_HCD_Init
 .text.HAL_HCD_HC_Init
                0x0000000008044694      0x11e ./Drivers/STM32F4xx_HAL_Driver/Src/stm32f4xx_hal_hcd.o
                0x0000000008044694                HAL_HCD_HC_Init
 .text.HAL_HCD_HC_Halt
                0x00000000080447b2       0x46 ./Drivers/STM32F4xx_HAL_Driver/Src/stm32f4xx_hal_hcd.o
                0x00000000080447b2                HAL_HCD_HC_Halt
 .text.HAL_HCD_HC_SubmitRequest
                0x00000000080447f8      0x2ac ./Drivers/STM32F4xx_HAL_Driver/Src/stm32f4xx_hal_hcd.o
                0x00000000080447f8                HAL_HCD_HC_SubmitRequest
 .text.HAL_HCD_IRQHandler
                0x0000000008044aa4      0x216 ./Drivers/STM32F4xx_HAL_Driver/Src/stm32f4xx_hal_hcd.o
                0x0000000008044aa4                HAL_HCD_IRQHandler
 .text.HAL_HCD_Start
                0x0000000008044cba       0x46 ./Drivers/STM32F4xx_HAL_Driver/Src/stm32f4xx_hal_hcd.o
                0x0000000008044cba                HAL_HCD_Start
 .text.HAL_HCD_Stop
                0x0000000008044d00       0x3a ./Drivers/STM32F4xx_HAL_Driver/Src/stm32f4xx_hal_hcd.o
                0x0000000008044d00                HAL_HCD_Stop
 .text.HAL_HCD_ResetPort
                0x0000000008044d3a       0x1c ./Drivers/STM32F4xx_HAL_Driver/Src/stm32f4xx_hal_hcd.o
                0x0000000008044d3a                HAL_HCD_ResetPort
 .text.HAL_HCD_HC_GetURBState
                0x0000000008044d56       0x28 ./Drivers/STM32F4xx_HAL_Driver/Src/stm32f4xx_hal_hcd.o
                0x0000000008044d56                HAL_HCD_HC_GetURBState
 .text.HAL_HCD_HC_GetXferCount
                0x0000000008044d7e       0x28 ./Drivers/STM32F4xx_HAL_Driver/Src/stm32f4xx_hal_hcd.o
                0x0000000008044d7e                HAL_HCD_HC_GetXferCount
 .text.HAL_HCD_GetCurrentFrame
                0x0000000008044da6       0x1c ./Drivers/STM32F4xx_HAL_Driver/Src/stm32f4xx_hal_hcd.o
                0x0000000008044da6                HAL_HCD_GetCurrentFrame
 .text.HAL_HCD_GetCurrentSpeed
                0x0000000008044dc2       0x1c ./Drivers/STM32F4xx_HAL_Driver/Src/stm32f4xx_hal_hcd.o
                0x0000000008044dc2                HAL_HCD_GetCurrentSpeed
 .text.HCD_HC_IN_IRQHandler
                0x0000000008044dde      0x6aa ./Drivers/STM32F4xx_HAL_Driver/Src/stm32f4xx_hal_hcd.o
 .text.HCD_HC_OUT_IRQHandler
                0x0000000008045488      0x6d2 ./Drivers/STM32F4xx_HAL_Driver/Src/stm32f4xx_hal_hcd.o
 .text.HCD_RXQLVL_IRQHandler
                0x0000000008045b5a      0x1a4 ./Drivers/STM32F4xx_HAL_Driver/Src/stm32f4xx_hal_hcd.o
 .text.HCD_Port_IRQHandler
                0x0000000008045cfe       0xe6 ./Drivers/STM32F4xx_HAL_Driver/Src/stm32f4xx_hal_hcd.o
 .text.HAL_I2C_Init
                0x0000000008045de4      0x288 ./Drivers/STM32F4xx_HAL_Driver/Src/stm32f4xx_hal_i2c.o
                0x0000000008045de4                HAL_I2C_Init
 .text.HAL_I2CEx_ConfigAnalogFilter
                0x000000000804606c       0x78 ./Drivers/STM32F4xx_HAL_Driver/Src/stm32f4xx_hal_i2c_ex.o
                0x000000000804606c                HAL_I2CEx_ConfigAnalogFilter
 .text.HAL_I2CEx_ConfigDigitalFilter
                0x00000000080460e4       0x7e ./Drivers/STM32F4xx_HAL_Driver/Src/stm32f4xx_hal_i2c_ex.o
                0x00000000080460e4                HAL_I2CEx_ConfigDigitalFilter
 *fill*         0x0000000008046162        0x2 
 .text.HAL_LTDC_Init
                0x0000000008046164      0x1a0 ./Drivers/STM32F4xx_HAL_Driver/Src/stm32f4xx_hal_ltdc.o
                0x0000000008046164                HAL_LTDC_Init
 .text.HAL_LTDC_IRQHandler
                0x0000000008046304      0x148 ./Drivers/STM32F4xx_HAL_Driver/Src/stm32f4xx_hal_ltdc.o
                0x0000000008046304                HAL_LTDC_IRQHandler
 .text.HAL_LTDC_ErrorCallback
                0x000000000804644c       0x14 ./Drivers/STM32F4xx_HAL_Driver/Src/stm32f4xx_hal_ltdc.o
                0x000000000804644c                HAL_LTDC_ErrorCallback
 .text.HAL_LTDC_LineEventCallback
                0x0000000008046460       0x14 ./Drivers/STM32F4xx_HAL_Driver/Src/stm32f4xx_hal_ltdc.o
                0x0000000008046460                HAL_LTDC_LineEventCallback
 .text.HAL_LTDC_ReloadEventCallback
                0x0000000008046474       0x14 ./Drivers/STM32F4xx_HAL_Driver/Src/stm32f4xx_hal_ltdc.o
                0x0000000008046474                HAL_LTDC_ReloadEventCallback
 .text.HAL_LTDC_ConfigLayer
                0x0000000008046488       0x7c ./Drivers/STM32F4xx_HAL_Driver/Src/stm32f4xx_hal_ltdc.o
                0x0000000008046488                HAL_LTDC_ConfigLayer
 .text.HAL_LTDC_ConfigColorKeying
                0x0000000008046504       0x88 ./Drivers/STM32F4xx_HAL_Driver/Src/stm32f4xx_hal_ltdc.o
                0x0000000008046504                HAL_LTDC_ConfigColorKeying
 .text.HAL_LTDC_EnableColorKeying
                0x000000000804658c       0x72 ./Drivers/STM32F4xx_HAL_Driver/Src/stm32f4xx_hal_ltdc.o
                0x000000000804658c                HAL_LTDC_EnableColorKeying
 *fill*         0x00000000080465fe        0x2 
 .text.HAL_LTDC_EnableDither
                0x0000000008046600       0x54 ./Drivers/STM32F4xx_HAL_Driver/Src/stm32f4xx_hal_ltdc.o
                0x0000000008046600                HAL_LTDC_EnableDither
 .text.LTDC_SetConfig
                0x0000000008046654      0x32e ./Drivers/STM32F4xx_HAL_Driver/Src/stm32f4xx_hal_ltdc.o
 *fill*         0x0000000008046982        0x2 
 .text.HAL_RCC_OscConfig
                0x0000000008046984      0x4f0 ./Drivers/STM32F4xx_HAL_Driver/Src/stm32f4xx_hal_rcc.o
                0x0000000008046984                HAL_RCC_OscConfig
 .text.HAL_RCC_ClockConfig
                0x0000000008046e74      0x1cc ./Drivers/STM32F4xx_HAL_Driver/Src/stm32f4xx_hal_rcc.o
                0x0000000008046e74                HAL_RCC_ClockConfig
 .text.HAL_RCC_GetSysClockFreq
                0x0000000008047040      0x20c ./Drivers/STM32F4xx_HAL_Driver/Src/stm32f4xx_hal_rcc.o
                0x0000000008047040                HAL_RCC_GetSysClockFreq
 .text.HAL_RCC_GetHCLKFreq
                0x000000000804724c       0x18 ./Drivers/STM32F4xx_HAL_Driver/Src/stm32f4xx_hal_rcc.o
                0x000000000804724c                HAL_RCC_GetHCLKFreq
 .text.HAL_RCC_GetPCLK1Freq
                0x0000000008047264       0x28 ./Drivers/STM32F4xx_HAL_Driver/Src/stm32f4xx_hal_rcc.o
                0x0000000008047264                HAL_RCC_GetPCLK1Freq
 .text.HAL_RCC_GetPCLK2Freq
                0x000000000804728c       0x28 ./Drivers/STM32F4xx_HAL_Driver/Src/stm32f4xx_hal_rcc.o
                0x000000000804728c                HAL_RCC_GetPCLK2Freq
 .text.HAL_RCC_GetClockConfig
                0x00000000080472b4       0x64 ./Drivers/STM32F4xx_HAL_Driver/Src/stm32f4xx_hal_rcc.o
                0x00000000080472b4                HAL_RCC_GetClockConfig
 .text.HAL_RCCEx_PeriphCLKConfig
                0x0000000008047318      0x380 ./Drivers/STM32F4xx_HAL_Driver/Src/stm32f4xx_hal_rcc_ex.o
                0x0000000008047318                HAL_RCCEx_PeriphCLKConfig
 .text.HAL_SDRAM_Init
                0x0000000008047698       0x68 ./Drivers/STM32F4xx_HAL_Driver/Src/stm32f4xx_hal_sdram.o
                0x0000000008047698                HAL_SDRAM_Init
 .text.HAL_SDRAM_SendCommand
                0x0000000008047700       0x6a ./Drivers/STM32F4xx_HAL_Driver/Src/stm32f4xx_hal_sdram.o
                0x0000000008047700                HAL_SDRAM_SendCommand
 .text.HAL_SDRAM_ProgramRefreshRate
                0x000000000804776a       0x50 ./Drivers/STM32F4xx_HAL_Driver/Src/stm32f4xx_hal_sdram.o
                0x000000000804776a                HAL_SDRAM_ProgramRefreshRate
 .text.HAL_SPI_Init
                0x00000000080477ba      0x112 ./Drivers/STM32F4xx_HAL_Driver/Src/stm32f4xx_hal_spi.o
                0x00000000080477ba                HAL_SPI_Init
 .text.HAL_SPI_DeInit
                0x00000000080478cc       0x50 ./Drivers/STM32F4xx_HAL_Driver/Src/stm32f4xx_hal_spi.o
                0x00000000080478cc                HAL_SPI_DeInit
 .text.HAL_SPI_Transmit
                0x000000000804791c      0x278 ./Drivers/STM32F4xx_HAL_Driver/Src/stm32f4xx_hal_spi.o
                0x000000000804791c                HAL_SPI_Transmit
 .text.HAL_SPI_Receive
                0x0000000008047b94      0x222 ./Drivers/STM32F4xx_HAL_Driver/Src/stm32f4xx_hal_spi.o
                0x0000000008047b94                HAL_SPI_Receive
 .text.HAL_SPI_TransmitReceive
                0x0000000008047db6      0x344 ./Drivers/STM32F4xx_HAL_Driver/Src/stm32f4xx_hal_spi.o
                0x0000000008047db6                HAL_SPI_TransmitReceive
 .text.HAL_SPI_GetState
                0x00000000080480fa       0x1c ./Drivers/STM32F4xx_HAL_Driver/Src/stm32f4xx_hal_spi.o
                0x00000000080480fa                HAL_SPI_GetState
 *fill*         0x0000000008048116        0x2 
 .text.SPI_WaitFlagStateUntilTimeout
                0x0000000008048118      0x110 ./Drivers/STM32F4xx_HAL_Driver/Src/stm32f4xx_hal_spi.o
 .text.SPI_EndRxTransaction
                0x0000000008048228       0xca ./Drivers/STM32F4xx_HAL_Driver/Src/stm32f4xx_hal_spi.o
 *fill*         0x00000000080482f2        0x2 
 .text.SPI_EndRxTxTransaction
                0x00000000080482f4       0x84 ./Drivers/STM32F4xx_HAL_Driver/Src/stm32f4xx_hal_spi.o
 .text.HAL_TIM_Base_Init
                0x0000000008048378       0x9e ./Drivers/STM32F4xx_HAL_Driver/Src/stm32f4xx_hal_tim.o
                0x0000000008048378                HAL_TIM_Base_Init
 *fill*         0x0000000008048416        0x2 
 .text.HAL_TIM_Base_Start_IT
                0x0000000008048418       0xe0 ./Drivers/STM32F4xx_HAL_Driver/Src/stm32f4xx_hal_tim.o
                0x0000000008048418                HAL_TIM_Base_Start_IT
 .text.HAL_TIM_IRQHandler
                0x00000000080484f8      0x210 ./Drivers/STM32F4xx_HAL_Driver/Src/stm32f4xx_hal_tim.o
                0x00000000080484f8                HAL_TIM_IRQHandler
 .text.HAL_TIM_ConfigClockSource
                0x0000000008048708      0x18e ./Drivers/STM32F4xx_HAL_Driver/Src/stm32f4xx_hal_tim.o
                0x0000000008048708                HAL_TIM_ConfigClockSource
 .text.HAL_TIM_OC_DelayElapsedCallback
                0x0000000008048896       0x14 ./Drivers/STM32F4xx_HAL_Driver/Src/stm32f4xx_hal_tim.o
                0x0000000008048896                HAL_TIM_OC_DelayElapsedCallback
 .text.HAL_TIM_IC_CaptureCallback
                0x00000000080488aa       0x14 ./Drivers/STM32F4xx_HAL_Driver/Src/stm32f4xx_hal_tim.o
                0x00000000080488aa                HAL_TIM_IC_CaptureCallback
 .text.HAL_TIM_PWM_PulseFinishedCallback
                0x00000000080488be       0x14 ./Drivers/STM32F4xx_HAL_Driver/Src/stm32f4xx_hal_tim.o
                0x00000000080488be                HAL_TIM_PWM_PulseFinishedCallback
 .text.HAL_TIM_TriggerCallback
                0x00000000080488d2       0x14 ./Drivers/STM32F4xx_HAL_Driver/Src/stm32f4xx_hal_tim.o
                0x00000000080488d2                HAL_TIM_TriggerCallback
 *fill*         0x00000000080488e6        0x2 
 .text.TIM_Base_SetConfig
                0x00000000080488e8      0x140 ./Drivers/STM32F4xx_HAL_Driver/Src/stm32f4xx_hal_tim.o
                0x00000000080488e8                TIM_Base_SetConfig
 .text.TIM_TI1_ConfigInputStage
                0x0000000008048a28       0x5e ./Drivers/STM32F4xx_HAL_Driver/Src/stm32f4xx_hal_tim.o
 .text.TIM_TI2_ConfigInputStage
                0x0000000008048a86       0x60 ./Drivers/STM32F4xx_HAL_Driver/Src/stm32f4xx_hal_tim.o
 .text.TIM_ITRx_SetConfig
                0x0000000008048ae6       0x36 ./Drivers/STM32F4xx_HAL_Driver/Src/stm32f4xx_hal_tim.o
 .text.TIM_ETR_SetConfig
                0x0000000008048b1c       0x40 ./Drivers/STM32F4xx_HAL_Driver/Src/stm32f4xx_hal_tim.o
                0x0000000008048b1c                TIM_ETR_SetConfig
 .text.HAL_TIMEx_MasterConfigSynchronization
                0x0000000008048b5c       0xf8 ./Drivers/STM32F4xx_HAL_Driver/Src/stm32f4xx_hal_tim_ex.o
                0x0000000008048b5c                HAL_TIMEx_MasterConfigSynchronization
 .text.HAL_TIMEx_CommutCallback
                0x0000000008048c54       0x14 ./Drivers/STM32F4xx_HAL_Driver/Src/stm32f4xx_hal_tim_ex.o
                0x0000000008048c54                HAL_TIMEx_CommutCallback
 .text.HAL_TIMEx_BreakCallback
                0x0000000008048c68       0x14 ./Drivers/STM32F4xx_HAL_Driver/Src/stm32f4xx_hal_tim_ex.o
                0x0000000008048c68                HAL_TIMEx_BreakCallback
 .text.HAL_UART_Init
                0x0000000008048c7c       0x9a ./Drivers/STM32F4xx_HAL_Driver/Src/stm32f4xx_hal_uart.o
                0x0000000008048c7c                HAL_UART_Init
 .text.HAL_UART_Transmit
                0x0000000008048d16      0x124 ./Drivers/STM32F4xx_HAL_Driver/Src/stm32f4xx_hal_uart.o
                0x0000000008048d16                HAL_UART_Transmit
 .text.HAL_UART_Receive
                0x0000000008048e3a      0x144 ./Drivers/STM32F4xx_HAL_Driver/Src/stm32f4xx_hal_uart.o
                0x0000000008048e3a                HAL_UART_Receive
 .text.UART_WaitOnFlagUntilTimeout
                0x0000000008048f7e       0xdc ./Drivers/STM32F4xx_HAL_Driver/Src/stm32f4xx_hal_uart.o
 *fill*         0x000000000804905a        0x2 
 .text.UART_SetConfig
                0x000000000804905c      0x4e8 ./Drivers/STM32F4xx_HAL_Driver/Src/stm32f4xx_hal_uart.o
 .text.FMC_SDRAM_Init
                0x0000000008049544       0xba ./Drivers/STM32F4xx_HAL_Driver/Src/stm32f4xx_ll_fmc.o
                0x0000000008049544                FMC_SDRAM_Init
 .text.FMC_SDRAM_Timing_Init
                0x00000000080495fe       0xd2 ./Drivers/STM32F4xx_HAL_Driver/Src/stm32f4xx_ll_fmc.o
                0x00000000080495fe                FMC_SDRAM_Timing_Init
 .text.FMC_SDRAM_SendCommand
                0x00000000080496d0       0x7a ./Drivers/STM32F4xx_HAL_Driver/Src/stm32f4xx_ll_fmc.o
                0x00000000080496d0                FMC_SDRAM_SendCommand
 .text.FMC_SDRAM_ProgramRefreshRate
                0x000000000804974a       0x2e ./Drivers/STM32F4xx_HAL_Driver/Src/stm32f4xx_ll_fmc.o
                0x000000000804974a                FMC_SDRAM_ProgramRefreshRate
 .text.USB_CoreInit
                0x0000000008049778       0xc2 ./Drivers/STM32F4xx_HAL_Driver/Src/stm32f4xx_ll_usb.o
                0x0000000008049778                USB_CoreInit
 .text.USB_EnableGlobalInt
                0x000000000804983a       0x22 ./Drivers/STM32F4xx_HAL_Driver/Src/stm32f4xx_ll_usb.o
                0x000000000804983a                USB_EnableGlobalInt
 .text.USB_DisableGlobalInt
                0x000000000804985c       0x22 ./Drivers/STM32F4xx_HAL_Driver/Src/stm32f4xx_ll_usb.o
                0x000000000804985c                USB_DisableGlobalInt
 .text.USB_SetCurrentMode
                0x000000000804987e       0x98 ./Drivers/STM32F4xx_HAL_Driver/Src/stm32f4xx_ll_usb.o
                0x000000000804987e                USB_SetCurrentMode
 *fill*         0x0000000008049916        0x2 
 .text.USB_FlushTxFifo
                0x0000000008049918       0x68 ./Drivers/STM32F4xx_HAL_Driver/Src/stm32f4xx_ll_usb.o
                0x0000000008049918                USB_FlushTxFifo
 .text.USB_FlushRxFifo
                0x0000000008049980       0x60 ./Drivers/STM32F4xx_HAL_Driver/Src/stm32f4xx_ll_usb.o
                0x0000000008049980                USB_FlushRxFifo
 .text.USB_WritePacket
                0x00000000080499e0       0x7c ./Drivers/STM32F4xx_HAL_Driver/Src/stm32f4xx_ll_usb.o
                0x00000000080499e0                USB_WritePacket
 .text.USB_ReadPacket
                0x0000000008049a5c       0xb0 ./Drivers/STM32F4xx_HAL_Driver/Src/stm32f4xx_ll_usb.o
                0x0000000008049a5c                USB_ReadPacket
 .text.USB_ReadInterrupts
                0x0000000008049b0c       0x26 ./Drivers/STM32F4xx_HAL_Driver/Src/stm32f4xx_ll_usb.o
                0x0000000008049b0c                USB_ReadInterrupts
 .text.USB_GetMode
                0x0000000008049b32       0x1c ./Drivers/STM32F4xx_HAL_Driver/Src/stm32f4xx_ll_usb.o
                0x0000000008049b32                USB_GetMode
 *fill*         0x0000000008049b4e        0x2 
 .text.USB_CoreReset
                0x0000000008049b50       0x68 ./Drivers/STM32F4xx_HAL_Driver/Src/stm32f4xx_ll_usb.o
 .text.USB_HostInit
                0x0000000008049bb8      0x180 ./Drivers/STM32F4xx_HAL_Driver/Src/stm32f4xx_ll_usb.o
                0x0000000008049bb8                USB_HostInit
 .text.USB_InitFSLSPClkSel
                0x0000000008049d38       0x74 ./Drivers/STM32F4xx_HAL_Driver/Src/stm32f4xx_ll_usb.o
                0x0000000008049d38                USB_InitFSLSPClkSel
 .text.USB_ResetPort
                0x0000000008049dac       0x54 ./Drivers/STM32F4xx_HAL_Driver/Src/stm32f4xx_ll_usb.o
                0x0000000008049dac                USB_ResetPort
 .text.USB_DriveVbus
                0x0000000008049e00       0x72 ./Drivers/STM32F4xx_HAL_Driver/Src/stm32f4xx_ll_usb.o
                0x0000000008049e00                USB_DriveVbus
 .text.USB_GetHostSpeed
                0x0000000008049e72       0x2e ./Drivers/STM32F4xx_HAL_Driver/Src/stm32f4xx_ll_usb.o
                0x0000000008049e72                USB_GetHostSpeed
 .text.USB_GetCurrentFrame
                0x0000000008049ea0       0x22 ./Drivers/STM32F4xx_HAL_Driver/Src/stm32f4xx_ll_usb.o
                0x0000000008049ea0                USB_GetCurrentFrame
 *fill*         0x0000000008049ec2        0x2 
 .text.USB_HC_Init
                0x0000000008049ec4      0x244 ./Drivers/STM32F4xx_HAL_Driver/Src/stm32f4xx_ll_usb.o
                0x0000000008049ec4                USB_HC_Init
 .text.USB_HC_StartXfer
                0x000000000804a108      0x284 ./Drivers/STM32F4xx_HAL_Driver/Src/stm32f4xx_ll_usb.o
                0x000000000804a108                USB_HC_StartXfer
 .text.USB_HC_ReadInterrupt
                0x000000000804a38c       0x22 ./Drivers/STM32F4xx_HAL_Driver/Src/stm32f4xx_ll_usb.o
                0x000000000804a38c                USB_HC_ReadInterrupt
 .text.USB_HC_Halt
                0x000000000804a3ae      0x1f8 ./Drivers/STM32F4xx_HAL_Driver/Src/stm32f4xx_ll_usb.o
                0x000000000804a3ae                USB_HC_Halt
 *fill*         0x000000000804a5a6        0x2 
 .text.USB_DoPing
                0x000000000804a5a8       0x78 ./Drivers/STM32F4xx_HAL_Driver/Src/stm32f4xx_ll_usb.o
                0x000000000804a5a8                USB_DoPing
 .text.USB_StopHost
                0x000000000804a620      0x124 ./Drivers/STM32F4xx_HAL_Driver/Src/stm32f4xx_ll_usb.o
                0x000000000804a620                USB_StopHost
 .text.USBH_CDC_InterfaceInit
                0x000000000804a744      0x2ac ./Middlewares/ST/STM32_USB_Host_Library/Class/CDC/Src/usbh_cdc.o
 .text.USBH_CDC_InterfaceDeInit
                0x000000000804a9f0       0xb2 ./Middlewares/ST/STM32_USB_Host_Library/Class/CDC/Src/usbh_cdc.o
 .text.USBH_CDC_ClassRequest
                0x000000000804aaa2       0x3e ./Middlewares/ST/STM32_USB_Host_Library/Class/CDC/Src/usbh_cdc.o
 .text.USBH_CDC_Process
                0x000000000804aae0      0x12c ./Middlewares/ST/STM32_USB_Host_Library/Class/CDC/Src/usbh_cdc.o
 .text.USBH_CDC_SOFProcess
                0x000000000804ac0c       0x16 ./Middlewares/ST/STM32_USB_Host_Library/Class/CDC/Src/usbh_cdc.o
 .text.GetLineCoding
                0x000000000804ac22       0x3e ./Middlewares/ST/STM32_USB_Host_Library/Class/CDC/Src/usbh_cdc.o
 .text.SetLineCoding
                0x000000000804ac60       0x3e ./Middlewares/ST/STM32_USB_Host_Library/Class/CDC/Src/usbh_cdc.o
 .text.CDC_ProcessTransmission
                0x000000000804ac9e       0xec ./Middlewares/ST/STM32_USB_Host_Library/Class/CDC/Src/usbh_cdc.o
 .text.CDC_ProcessReception
                0x000000000804ad8a       0xb6 ./Middlewares/ST/STM32_USB_Host_Library/Class/CDC/Src/usbh_cdc.o
 .text.USBH_CDC_TransmitCallback
                0x000000000804ae40       0x14 ./Middlewares/ST/STM32_USB_Host_Library/Class/CDC/Src/usbh_cdc.o
                0x000000000804ae40                USBH_CDC_TransmitCallback
 .text.USBH_CDC_ReceiveCallback
                0x000000000804ae54       0x14 ./Middlewares/ST/STM32_USB_Host_Library/Class/CDC/Src/usbh_cdc.o
                0x000000000804ae54                USBH_CDC_ReceiveCallback
 .text.USBH_CDC_LineCodingChanged
                0x000000000804ae68       0x14 ./Middlewares/ST/STM32_USB_Host_Library/Class/CDC/Src/usbh_cdc.o
                0x000000000804ae68                USBH_CDC_LineCodingChanged
 .text.USBH_Init
                0x000000000804ae7c       0x74 ./Middlewares/ST/STM32_USB_Host_Library/Core/Src/usbh_core.o
                0x000000000804ae7c                USBH_Init
 .text.DeInitStateMachine
                0x000000000804aef0       0xa8 ./Middlewares/ST/STM32_USB_Host_Library/Core/Src/usbh_core.o
 .text.USBH_RegisterClass
                0x000000000804af98       0x54 ./Middlewares/ST/STM32_USB_Host_Library/Core/Src/usbh_core.o
                0x000000000804af98                USBH_RegisterClass
 .text.USBH_SelectInterface
                0x000000000804afec       0x38 ./Middlewares/ST/STM32_USB_Host_Library/Core/Src/usbh_core.o
                0x000000000804afec                USBH_SelectInterface
 .text.USBH_FindInterface
                0x000000000804b024       0x8c ./Middlewares/ST/STM32_USB_Host_Library/Core/Src/usbh_core.o
                0x000000000804b024                USBH_FindInterface
 .text.USBH_Start
                0x000000000804b0b0       0x20 ./Middlewares/ST/STM32_USB_Host_Library/Core/Src/usbh_core.o
                0x000000000804b0b0                USBH_Start
 .text.USBH_Process
                0x000000000804b0d0      0x3d8 ./Middlewares/ST/STM32_USB_Host_Library/Core/Src/usbh_core.o
                0x000000000804b0d0                USBH_Process
 .text.USBH_HandleEnum
                0x000000000804b4a8      0x3c8 ./Middlewares/ST/STM32_USB_Host_Library/Core/Src/usbh_core.o
 .text.USBH_LL_SetTimer
                0x000000000804b870       0x1e ./Middlewares/ST/STM32_USB_Host_Library/Core/Src/usbh_core.o
                0x000000000804b870                USBH_LL_SetTimer
 .text.USBH_LL_IncTimer
                0x000000000804b88e       0x24 ./Middlewares/ST/STM32_USB_Host_Library/Core/Src/usbh_core.o
                0x000000000804b88e                USBH_LL_IncTimer
 .text.USBH_HandleSof
                0x000000000804b8b2       0x30 ./Middlewares/ST/STM32_USB_Host_Library/Core/Src/usbh_core.o
 .text.USBH_LL_PortEnabled
                0x000000000804b8e2       0x1c ./Middlewares/ST/STM32_USB_Host_Library/Core/Src/usbh_core.o
                0x000000000804b8e2                USBH_LL_PortEnabled
 .text.USBH_LL_PortDisabled
                0x000000000804b8fe       0x1c ./Middlewares/ST/STM32_USB_Host_Library/Core/Src/usbh_core.o
                0x000000000804b8fe                USBH_LL_PortDisabled
 .text.USBH_LL_Connect
                0x000000000804b91a       0x2e ./Middlewares/ST/STM32_USB_Host_Library/Core/Src/usbh_core.o
                0x000000000804b91a                USBH_LL_Connect
 .text.USBH_LL_Disconnect
                0x000000000804b948       0x48 ./Middlewares/ST/STM32_USB_Host_Library/Core/Src/usbh_core.o
                0x000000000804b948                USBH_LL_Disconnect
 .text.USBH_Get_DevDesc
                0x000000000804b990       0x50 ./Middlewares/ST/STM32_USB_Host_Library/Core/Src/usbh_ctlreq.o
                0x000000000804b990                USBH_Get_DevDesc
 .text.USBH_Get_CfgDesc
                0x000000000804b9e0       0x48 ./Middlewares/ST/STM32_USB_Host_Library/Core/Src/usbh_ctlreq.o
                0x000000000804b9e0                USBH_Get_CfgDesc
 .text.USBH_Get_StringDesc
                0x000000000804ba28       0x56 ./Middlewares/ST/STM32_USB_Host_Library/Core/Src/usbh_ctlreq.o
                0x000000000804ba28                USBH_Get_StringDesc
 .text.USBH_GetDescriptor
                0x000000000804ba7e       0x6a ./Middlewares/ST/STM32_USB_Host_Library/Core/Src/usbh_ctlreq.o
                0x000000000804ba7e                USBH_GetDescriptor
 .text.USBH_SetAddress
                0x000000000804bae8       0x48 ./Middlewares/ST/STM32_USB_Host_Library/Core/Src/usbh_ctlreq.o
                0x000000000804bae8                USBH_SetAddress
 .text.USBH_SetCfg
                0x000000000804bb30       0x46 ./Middlewares/ST/STM32_USB_Host_Library/Core/Src/usbh_ctlreq.o
                0x000000000804bb30                USBH_SetCfg
 .text.USBH_SetFeature
                0x000000000804bb76       0x48 ./Middlewares/ST/STM32_USB_Host_Library/Core/Src/usbh_ctlreq.o
                0x000000000804bb76                USBH_SetFeature
 .text.USBH_ClrFeature
                0x000000000804bbbe       0x48 ./Middlewares/ST/STM32_USB_Host_Library/Core/Src/usbh_ctlreq.o
                0x000000000804bbbe                USBH_ClrFeature
 .text.USBH_ParseDevDesc
                0x000000000804bc06      0x122 ./Middlewares/ST/STM32_USB_Host_Library/Core/Src/usbh_ctlreq.o
 .text.USBH_ParseCfgDesc
                0x000000000804bd28      0x1ec ./Middlewares/ST/STM32_USB_Host_Library/Core/Src/usbh_ctlreq.o
 .text.USBH_ParseInterfaceDesc
                0x000000000804bf14       0x5e ./Middlewares/ST/STM32_USB_Host_Library/Core/Src/usbh_ctlreq.o
 .text.USBH_ParseEPDesc
                0x000000000804bf72      0x14a ./Middlewares/ST/STM32_USB_Host_Library/Core/Src/usbh_ctlreq.o
 .text.USBH_ParseStringDesc
                0x000000000804c0bc       0x66 ./Middlewares/ST/STM32_USB_Host_Library/Core/Src/usbh_ctlreq.o
 .text.USBH_GetNextDesc
                0x000000000804c122       0x36 ./Middlewares/ST/STM32_USB_Host_Library/Core/Src/usbh_ctlreq.o
                0x000000000804c122                USBH_GetNextDesc
 .text.USBH_CtlReq
                0x000000000804c158       0x7a ./Middlewares/ST/STM32_USB_Host_Library/Core/Src/usbh_ctlreq.o
                0x000000000804c158                USBH_CtlReq
 *fill*         0x000000000804c1d2        0x2 
 .text.USBH_HandleControl
                0x000000000804c1d4      0x2e8 ./Middlewares/ST/STM32_USB_Host_Library/Core/Src/usbh_ctlreq.o
 .text.USBH_CtlSendSetup
                0x000000000804c4bc       0x34 ./Middlewares/ST/STM32_USB_Host_Library/Core/Src/usbh_ioreq.o
                0x000000000804c4bc                USBH_CtlSendSetup
 .text.USBH_CtlSendData
                0x000000000804c4f0       0x4a ./Middlewares/ST/STM32_USB_Host_Library/Core/Src/usbh_ioreq.o
                0x000000000804c4f0                USBH_CtlSendData
 .text.USBH_CtlReceiveData
                0x000000000804c53a       0x3c ./Middlewares/ST/STM32_USB_Host_Library/Core/Src/usbh_ioreq.o
                0x000000000804c53a                USBH_CtlReceiveData
 .text.USBH_BulkSendData
                0x000000000804c576       0x4a ./Middlewares/ST/STM32_USB_Host_Library/Core/Src/usbh_ioreq.o
                0x000000000804c576                USBH_BulkSendData
 .text.USBH_BulkReceiveData
                0x000000000804c5c0       0x3c ./Middlewares/ST/STM32_USB_Host_Library/Core/Src/usbh_ioreq.o
                0x000000000804c5c0                USBH_BulkReceiveData
 .text.USBH_OpenPipe
                0x000000000804c5fc       0x3e ./Middlewares/ST/STM32_USB_Host_Library/Core/Src/usbh_pipes.o
                0x000000000804c5fc                USBH_OpenPipe
 .text.USBH_ClosePipe
                0x000000000804c63a       0x20 ./Middlewares/ST/STM32_USB_Host_Library/Core/Src/usbh_pipes.o
                0x000000000804c63a                USBH_ClosePipe
 .text.USBH_AllocPipe
                0x000000000804c65a       0x42 ./Middlewares/ST/STM32_USB_Host_Library/Core/Src/usbh_pipes.o
                0x000000000804c65a                USBH_AllocPipe
 .text.USBH_FreePipe
                0x000000000804c69c       0x3c ./Middlewares/ST/STM32_USB_Host_Library/Core/Src/usbh_pipes.o
                0x000000000804c69c                USBH_FreePipe
 .text.USBH_GetFreePipe
                0x000000000804c6d8       0x48 ./Middlewares/ST/STM32_USB_Host_Library/Core/Src/usbh_pipes.o
 .text.MX_USB_HOST_Init
                0x000000000804c720       0x4c ./USB_HOST/App/usb_host.o
                0x000000000804c720                MX_USB_HOST_Init
 .text.MX_USB_HOST_Process
                0x000000000804c76c       0x14 ./USB_HOST/App/usb_host.o
                0x000000000804c76c                MX_USB_HOST_Process
 .text.USBH_UserProcess
                0x000000000804c780       0x5c ./USB_HOST/App/usb_host.o
 .text.HAL_HCD_MspInit
                0x000000000804c7dc       0xbc ./USB_HOST/Target/usbh_conf.o
                0x000000000804c7dc                HAL_HCD_MspInit
 .text.HAL_HCD_SOF_Callback
                0x000000000804c898       0x1c ./USB_HOST/Target/usbh_conf.o
                0x000000000804c898                HAL_HCD_SOF_Callback
 .text.HAL_HCD_Connect_Callback
                0x000000000804c8b4       0x1c ./USB_HOST/Target/usbh_conf.o
                0x000000000804c8b4                HAL_HCD_Connect_Callback
 .text.HAL_HCD_Disconnect_Callback
                0x000000000804c8d0       0x1c ./USB_HOST/Target/usbh_conf.o
                0x000000000804c8d0                HAL_HCD_Disconnect_Callback
 .text.HAL_HCD_HC_NotifyURBChange_Callback
                0x000000000804c8ec       0x1c ./USB_HOST/Target/usbh_conf.o
                0x000000000804c8ec                HAL_HCD_HC_NotifyURBChange_Callback
 .text.HAL_HCD_PortEnabled_Callback
                0x000000000804c908       0x1c ./USB_HOST/Target/usbh_conf.o
                0x000000000804c908                HAL_HCD_PortEnabled_Callback
 .text.HAL_HCD_PortDisabled_Callback
                0x000000000804c924       0x1c ./USB_HOST/Target/usbh_conf.o
                0x000000000804c924                HAL_HCD_PortDisabled_Callback
 .text.USBH_LL_Init
                0x000000000804c940       0x8c ./USB_HOST/Target/usbh_conf.o
                0x000000000804c940                USBH_LL_Init
 .text.USBH_LL_Start
                0x000000000804c9cc       0x36 ./USB_HOST/Target/usbh_conf.o
                0x000000000804c9cc                USBH_LL_Start
 .text.USBH_LL_Stop
                0x000000000804ca02       0x36 ./USB_HOST/Target/usbh_conf.o
                0x000000000804ca02                USBH_LL_Stop
 .text.USBH_LL_GetSpeed
                0x000000000804ca38       0x4e ./USB_HOST/Target/usbh_conf.o
                0x000000000804ca38                USBH_LL_GetSpeed
 .text.USBH_LL_ResetPort
                0x000000000804ca86       0x36 ./USB_HOST/Target/usbh_conf.o
                0x000000000804ca86                USBH_LL_ResetPort
 .text.USBH_LL_GetLastXferSize
                0x000000000804cabc       0x26 ./USB_HOST/Target/usbh_conf.o
                0x000000000804cabc                USBH_LL_GetLastXferSize
 .text.USBH_LL_OpenPipe
                0x000000000804cae2       0x5e ./USB_HOST/Target/usbh_conf.o
                0x000000000804cae2                USBH_LL_OpenPipe
 .text.USBH_LL_ClosePipe
                0x000000000804cb40       0x3e ./USB_HOST/Target/usbh_conf.o
                0x000000000804cb40                USBH_LL_ClosePipe
 .text.USBH_LL_SubmitURB
                0x000000000804cb7e       0x62 ./USB_HOST/Target/usbh_conf.o
                0x000000000804cb7e                USBH_LL_SubmitURB
 .text.USBH_LL_GetURBState
                0x000000000804cbe0       0x26 ./USB_HOST/Target/usbh_conf.o
                0x000000000804cbe0                USBH_LL_GetURBState
 .text.USBH_LL_DriverVBUS
                0x000000000804cc06       0x2e ./USB_HOST/Target/usbh_conf.o
                0x000000000804cc06                USBH_LL_DriverVBUS
 .text.USBH_LL_SetToggle
                0x000000000804cc34       0x60 ./USB_HOST/Target/usbh_conf.o
                0x000000000804cc34                USBH_LL_SetToggle
 .text.USBH_Delay
                0x000000000804cc94       0x16 ./USB_HOST/Target/usbh_conf.o
                0x000000000804cc94                USBH_Delay
 *fill*         0x000000000804ccaa        0x2 
 .text.USBH_Get_USB_Status
                0x000000000804ccac       0x58 ./USB_HOST/Target/usbh_conf.o
                0x000000000804ccac                USBH_Get_USB_Status
 .text.MX_DriverVbusHS
                0x000000000804cd04       0x38 ./USB_HOST/Target/usbh_platform.o
                0x000000000804cd04                MX_DriverVbusHS
 .text.__errno  0x000000000804cd3c        0xc d:/program files/stm32cubeide_1.11.2/stm32cubeide/plugins/com.st.stm32cube.ide.mcu.externaltools.gnu-tools-for-stm32.10.3-2021.10.win32_1.0.100.202210260954/tools/bin/../lib/gcc/arm-none-eabi/10.3.1/../../../../arm-none-eabi/lib/thumb/v7e-m+fp/hard\libc_nano.a(lib_a-errno.o)
                0x000000000804cd3c                __errno
 .text.__libc_init_array
                0x000000000804cd48       0x48 d:/program files/stm32cubeide_1.11.2/stm32cubeide/plugins/com.st.stm32cube.ide.mcu.externaltools.gnu-tools-for-stm32.10.3-2021.10.win32_1.0.100.202210260954/tools/bin/../lib/gcc/arm-none-eabi/10.3.1/../../../../arm-none-eabi/lib/thumb/v7e-m+fp/hard\libc_nano.a(lib_a-init.o)
                0x000000000804cd48                __libc_init_array
 .text.malloc   0x000000000804cd90       0x10 d:/program files/stm32cubeide_1.11.2/stm32cubeide/plugins/com.st.stm32cube.ide.mcu.externaltools.gnu-tools-for-stm32.10.3-2021.10.win32_1.0.100.202210260954/tools/bin/../lib/gcc/arm-none-eabi/10.3.1/../../../../arm-none-eabi/lib/thumb/v7e-m+fp/hard\libc_nano.a(lib_a-malloc.o)
                0x000000000804cd90                malloc
 .text.free     0x000000000804cda0       0x10 d:/program files/stm32cubeide_1.11.2/stm32cubeide/plugins/com.st.stm32cube.ide.mcu.externaltools.gnu-tools-for-stm32.10.3-2021.10.win32_1.0.100.202210260954/tools/bin/../lib/gcc/arm-none-eabi/10.3.1/../../../../arm-none-eabi/lib/thumb/v7e-m+fp/hard\libc_nano.a(lib_a-malloc.o)
                0x000000000804cda0                free
 .text.memset   0x000000000804cdb0       0x10 d:/program files/stm32cubeide_1.11.2/stm32cubeide/plugins/com.st.stm32cube.ide.mcu.externaltools.gnu-tools-for-stm32.10.3-2021.10.win32_1.0.100.202210260954/tools/bin/../lib/gcc/arm-none-eabi/10.3.1/../../../../arm-none-eabi/lib/thumb/v7e-m+fp/hard\libc_nano.a(lib_a-memset.o)
                0x000000000804cdb0                memset
 .text._free_r  0x000000000804cdc0       0x98 d:/program files/stm32cubeide_1.11.2/stm32cubeide/plugins/com.st.stm32cube.ide.mcu.externaltools.gnu-tools-for-stm32.10.3-2021.10.win32_1.0.100.202210260954/tools/bin/../lib/gcc/arm-none-eabi/10.3.1/../../../../arm-none-eabi/lib/thumb/v7e-m+fp/hard\libc_nano.a(lib_a-nano-freer.o)
                0x000000000804cdc0                _free_r
 .text.sbrk_aligned
                0x000000000804ce58       0x40 d:/program files/stm32cubeide_1.11.2/stm32cubeide/plugins/com.st.stm32cube.ide.mcu.externaltools.gnu-tools-for-stm32.10.3-2021.10.win32_1.0.100.202210260954/tools/bin/../lib/gcc/arm-none-eabi/10.3.1/../../../../arm-none-eabi/lib/thumb/v7e-m+fp/hard\libc_nano.a(lib_a-nano-mallocr.o)
 .text._malloc_r
                0x000000000804ce98       0xe8 d:/program files/stm32cubeide_1.11.2/stm32cubeide/plugins/com.st.stm32cube.ide.mcu.externaltools.gnu-tools-for-stm32.10.3-2021.10.win32_1.0.100.202210260954/tools/bin/../lib/gcc/arm-none-eabi/10.3.1/../../../../arm-none-eabi/lib/thumb/v7e-m+fp/hard\libc_nano.a(lib_a-nano-mallocr.o)
                0x000000000804ce98                _malloc_r
 .text.printf   0x000000000804cf80       0x30 d:/program files/stm32cubeide_1.11.2/stm32cubeide/plugins/com.st.stm32cube.ide.mcu.externaltools.gnu-tools-for-stm32.10.3-2021.10.win32_1.0.100.202210260954/tools/bin/../lib/gcc/arm-none-eabi/10.3.1/../../../../arm-none-eabi/lib/thumb/v7e-m+fp/hard\libc_nano.a(lib_a-printf.o)
                0x000000000804cf80                iprintf
                0x000000000804cf80                printf
 .text._puts_r  0x000000000804cfb0       0xdc d:/program files/stm32cubeide_1.11.2/stm32cubeide/plugins/com.st.stm32cube.ide.mcu.externaltools.gnu-tools-for-stm32.10.3-2021.10.win32_1.0.100.202210260954/tools/bin/../lib/gcc/arm-none-eabi/10.3.1/../../../../arm-none-eabi/lib/thumb/v7e-m+fp/hard\libc_nano.a(lib_a-puts.o)
                0x000000000804cfb0                _puts_r
 .text.puts     0x000000000804d08c       0x10 d:/program files/stm32cubeide_1.11.2/stm32cubeide/plugins/com.st.stm32cube.ide.mcu.externaltools.gnu-tools-for-stm32.10.3-2021.10.win32_1.0.100.202210260954/tools/bin/../lib/gcc/arm-none-eabi/10.3.1/../../../../arm-none-eabi/lib/thumb/v7e-m+fp/hard\libc_nano.a(lib_a-puts.o)
                0x000000000804d08c                puts
 .text._sbrk_r  0x000000000804d09c       0x20 d:/program files/stm32cubeide_1.11.2/stm32cubeide/plugins/com.st.stm32cube.ide.mcu.externaltools.gnu-tools-for-stm32.10.3-2021.10.win32_1.0.100.202210260954/tools/bin/../lib/gcc/arm-none-eabi/10.3.1/../../../../arm-none-eabi/lib/thumb/v7e-m+fp/hard\libc_nano.a(lib_a-sbrkr.o)
                0x000000000804d09c                _sbrk_r
 .text.sprintf  0x000000000804d0bc       0x40 d:/program files/stm32cubeide_1.11.2/stm32cubeide/plugins/com.st.stm32cube.ide.mcu.externaltools.gnu-tools-for-stm32.10.3-2021.10.win32_1.0.100.202210260954/tools/bin/../lib/gcc/arm-none-eabi/10.3.1/../../../../arm-none-eabi/lib/thumb/v7e-m+fp/hard\libc_nano.a(lib_a-sprintf.o)
                0x000000000804d0bc                siprintf
                0x000000000804d0bc                sprintf
 .text.__swbuf_r
                0x000000000804d0fc       0xa4 d:/program files/stm32cubeide_1.11.2/stm32cubeide/plugins/com.st.stm32cube.ide.mcu.externaltools.gnu-tools-for-stm32.10.3-2021.10.win32_1.0.100.202210260954/tools/bin/../lib/gcc/arm-none-eabi/10.3.1/../../../../arm-none-eabi/lib/thumb/v7e-m+fp/hard\libc_nano.a(lib_a-wbuf.o)
                0x000000000804d0fc                __swbuf_r
 .text.__swsetup_r
                0x000000000804d1a0       0xdc d:/program files/stm32cubeide_1.11.2/stm32cubeide/plugins/com.st.stm32cube.ide.mcu.externaltools.gnu-tools-for-stm32.10.3-2021.10.win32_1.0.100.202210260954/tools/bin/../lib/gcc/arm-none-eabi/10.3.1/../../../../arm-none-eabi/lib/thumb/v7e-m+fp/hard\libc_nano.a(lib_a-wsetup.o)
                0x000000000804d1a0                __swsetup_r
 .text.__sflush_r
                0x000000000804d27c      0x10c d:/program files/stm32cubeide_1.11.2/stm32cubeide/plugins/com.st.stm32cube.ide.mcu.externaltools.gnu-tools-for-stm32.10.3-2021.10.win32_1.0.100.202210260954/tools/bin/../lib/gcc/arm-none-eabi/10.3.1/../../../../arm-none-eabi/lib/thumb/v7e-m+fp/hard\libc_nano.a(lib_a-fflush.o)
                0x000000000804d27c                __sflush_r
 .text._fflush_r
                0x000000000804d388       0x78 d:/program files/stm32cubeide_1.11.2/stm32cubeide/plugins/com.st.stm32cube.ide.mcu.externaltools.gnu-tools-for-stm32.10.3-2021.10.win32_1.0.100.202210260954/tools/bin/../lib/gcc/arm-none-eabi/10.3.1/../../../../arm-none-eabi/lib/thumb/v7e-m+fp/hard\libc_nano.a(lib_a-fflush.o)
                0x000000000804d388                _fflush_r
 .text.std      0x000000000804d400       0x48 d:/program files/stm32cubeide_1.11.2/stm32cubeide/plugins/com.st.stm32cube.ide.mcu.externaltools.gnu-tools-for-stm32.10.3-2021.10.win32_1.0.100.202210260954/tools/bin/../lib/gcc/arm-none-eabi/10.3.1/../../../../arm-none-eabi/lib/thumb/v7e-m+fp/hard\libc_nano.a(lib_a-findfp.o)
 .text._cleanup_r
                0x000000000804d448        0xc d:/program files/stm32cubeide_1.11.2/stm32cubeide/plugins/com.st.stm32cube.ide.mcu.externaltools.gnu-tools-for-stm32.10.3-2021.10.win32_1.0.100.202210260954/tools/bin/../lib/gcc/arm-none-eabi/10.3.1/../../../../arm-none-eabi/lib/thumb/v7e-m+fp/hard\libc_nano.a(lib_a-findfp.o)
                0x000000000804d448                _cleanup_r
 .text.__sfmoreglue
                0x000000000804d454       0x2c d:/program files/stm32cubeide_1.11.2/stm32cubeide/plugins/com.st.stm32cube.ide.mcu.externaltools.gnu-tools-for-stm32.10.3-2021.10.win32_1.0.100.202210260954/tools/bin/../lib/gcc/arm-none-eabi/10.3.1/../../../../arm-none-eabi/lib/thumb/v7e-m+fp/hard\libc_nano.a(lib_a-findfp.o)
                0x000000000804d454                __sfmoreglue
 .text.__sfp_lock_acquire
                0x000000000804d480        0xc d:/program files/stm32cubeide_1.11.2/stm32cubeide/plugins/com.st.stm32cube.ide.mcu.externaltools.gnu-tools-for-stm32.10.3-2021.10.win32_1.0.100.202210260954/tools/bin/../lib/gcc/arm-none-eabi/10.3.1/../../../../arm-none-eabi/lib/thumb/v7e-m+fp/hard\libc_nano.a(lib_a-findfp.o)
                0x000000000804d480                __sfp_lock_acquire
 .text.__sfp_lock_release
                0x000000000804d48c        0xc d:/program files/stm32cubeide_1.11.2/stm32cubeide/plugins/com.st.stm32cube.ide.mcu.externaltools.gnu-tools-for-stm32.10.3-2021.10.win32_1.0.100.202210260954/tools/bin/../lib/gcc/arm-none-eabi/10.3.1/../../../../arm-none-eabi/lib/thumb/v7e-m+fp/hard\libc_nano.a(lib_a-findfp.o)
                0x000000000804d48c                __sfp_lock_release
 .text.__sinit_lock_acquire
                0x000000000804d498        0xc d:/program files/stm32cubeide_1.11.2/stm32cubeide/plugins/com.st.stm32cube.ide.mcu.externaltools.gnu-tools-for-stm32.10.3-2021.10.win32_1.0.100.202210260954/tools/bin/../lib/gcc/arm-none-eabi/10.3.1/../../../../arm-none-eabi/lib/thumb/v7e-m+fp/hard\libc_nano.a(lib_a-findfp.o)
                0x000000000804d498                __sinit_lock_acquire
 .text.__sinit_lock_release
                0x000000000804d4a4        0xc d:/program files/stm32cubeide_1.11.2/stm32cubeide/plugins/com.st.stm32cube.ide.mcu.externaltools.gnu-tools-for-stm32.10.3-2021.10.win32_1.0.100.202210260954/tools/bin/../lib/gcc/arm-none-eabi/10.3.1/../../../../arm-none-eabi/lib/thumb/v7e-m+fp/hard\libc_nano.a(lib_a-findfp.o)
                0x000000000804d4a4                __sinit_lock_release
 .text.__sinit  0x000000000804d4b0       0x70 d:/program files/stm32cubeide_1.11.2/stm32cubeide/plugins/com.st.stm32cube.ide.mcu.externaltools.gnu-tools-for-stm32.10.3-2021.10.win32_1.0.100.202210260954/tools/bin/../lib/gcc/arm-none-eabi/10.3.1/../../../../arm-none-eabi/lib/thumb/v7e-m+fp/hard\libc_nano.a(lib_a-findfp.o)
                0x000000000804d4b0                __sinit
 .text.__sfp    0x000000000804d520       0x8c d:/program files/stm32cubeide_1.11.2/stm32cubeide/plugins/com.st.stm32cube.ide.mcu.externaltools.gnu-tools-for-stm32.10.3-2021.10.win32_1.0.100.202210260954/tools/bin/../lib/gcc/arm-none-eabi/10.3.1/../../../../arm-none-eabi/lib/thumb/v7e-m+fp/hard\libc_nano.a(lib_a-findfp.o)
                0x000000000804d520                __sfp
 .text._fwalk_reent
                0x000000000804d5ac       0x3e d:/program files/stm32cubeide_1.11.2/stm32cubeide/plugins/com.st.stm32cube.ide.mcu.externaltools.gnu-tools-for-stm32.10.3-2021.10.win32_1.0.100.202210260954/tools/bin/../lib/gcc/arm-none-eabi/10.3.1/../../../../arm-none-eabi/lib/thumb/v7e-m+fp/hard\libc_nano.a(lib_a-fwalk.o)
                0x000000000804d5ac                _fwalk_reent
 .text.__retarget_lock_init_recursive
                0x000000000804d5ea        0x2 d:/program files/stm32cubeide_1.11.2/stm32cubeide/plugins/com.st.stm32cube.ide.mcu.externaltools.gnu-tools-for-stm32.10.3-2021.10.win32_1.0.100.202210260954/tools/bin/../lib/gcc/arm-none-eabi/10.3.1/../../../../arm-none-eabi/lib/thumb/v7e-m+fp/hard\libc_nano.a(lib_a-lock.o)
                0x000000000804d5ea                __retarget_lock_init_recursive
 .text.__retarget_lock_acquire_recursive
                0x000000000804d5ec        0x2 d:/program files/stm32cubeide_1.11.2/stm32cubeide/plugins/com.st.stm32cube.ide.mcu.externaltools.gnu-tools-for-stm32.10.3-2021.10.win32_1.0.100.202210260954/tools/bin/../lib/gcc/arm-none-eabi/10.3.1/../../../../arm-none-eabi/lib/thumb/v7e-m+fp/hard\libc_nano.a(lib_a-lock.o)
                0x000000000804d5ec                __retarget_lock_acquire_recursive
 .text.__retarget_lock_release_recursive
                0x000000000804d5ee        0x2 d:/program files/stm32cubeide_1.11.2/stm32cubeide/plugins/com.st.stm32cube.ide.mcu.externaltools.gnu-tools-for-stm32.10.3-2021.10.win32_1.0.100.202210260954/tools/bin/../lib/gcc/arm-none-eabi/10.3.1/../../../../arm-none-eabi/lib/thumb/v7e-m+fp/hard\libc_nano.a(lib_a-lock.o)
                0x000000000804d5ee                __retarget_lock_release_recursive
 .text.__swhatbuf_r
                0x000000000804d5f0       0x4a d:/program files/stm32cubeide_1.11.2/stm32cubeide/plugins/com.st.stm32cube.ide.mcu.externaltools.gnu-tools-for-stm32.10.3-2021.10.win32_1.0.100.202210260954/tools/bin/../lib/gcc/arm-none-eabi/10.3.1/../../../../arm-none-eabi/lib/thumb/v7e-m+fp/hard\libc_nano.a(lib_a-makebuf.o)
                0x000000000804d5f0                __swhatbuf_r
 *fill*         0x000000000804d63a        0x2 
 .text.__smakebuf_r
                0x000000000804d63c       0x80 d:/program files/stm32cubeide_1.11.2/stm32cubeide/plugins/com.st.stm32cube.ide.mcu.externaltools.gnu-tools-for-stm32.10.3-2021.10.win32_1.0.100.202210260954/tools/bin/../lib/gcc/arm-none-eabi/10.3.1/../../../../arm-none-eabi/lib/thumb/v7e-m+fp/hard\libc_nano.a(lib_a-makebuf.o)
                0x000000000804d63c                __smakebuf_r
 .text.__malloc_lock
                0x000000000804d6bc        0xc d:/program files/stm32cubeide_1.11.2/stm32cubeide/plugins/com.st.stm32cube.ide.mcu.externaltools.gnu-tools-for-stm32.10.3-2021.10.win32_1.0.100.202210260954/tools/bin/../lib/gcc/arm-none-eabi/10.3.1/../../../../arm-none-eabi/lib/thumb/v7e-m+fp/hard\libc_nano.a(lib_a-mlock.o)
                0x000000000804d6bc                __malloc_lock
 .text.__malloc_unlock
                0x000000000804d6c8        0xc d:/program files/stm32cubeide_1.11.2/stm32cubeide/plugins/com.st.stm32cube.ide.mcu.externaltools.gnu-tools-for-stm32.10.3-2021.10.win32_1.0.100.202210260954/tools/bin/../lib/gcc/arm-none-eabi/10.3.1/../../../../arm-none-eabi/lib/thumb/v7e-m+fp/hard\libc_nano.a(lib_a-mlock.o)
                0x000000000804d6c8                __malloc_unlock
 .text.__ssputs_r
                0x000000000804d6d4       0xb6 d:/program files/stm32cubeide_1.11.2/stm32cubeide/plugins/com.st.stm32cube.ide.mcu.externaltools.gnu-tools-for-stm32.10.3-2021.10.win32_1.0.100.202210260954/tools/bin/../lib/gcc/arm-none-eabi/10.3.1/../../../../arm-none-eabi/lib/thumb/v7e-m+fp/hard\libc_nano.a(lib_a-nano-svfprintf.o)
                0x000000000804d6d4                __ssputs_r
 *fill*         0x000000000804d78a        0x2 
 .text._svfprintf_r
                0x000000000804d78c      0x200 d:/program files/stm32cubeide_1.11.2/stm32cubeide/plugins/com.st.stm32cube.ide.mcu.externaltools.gnu-tools-for-stm32.10.3-2021.10.win32_1.0.100.202210260954/tools/bin/../lib/gcc/arm-none-eabi/10.3.1/../../../../arm-none-eabi/lib/thumb/v7e-m+fp/hard\libc_nano.a(lib_a-nano-svfprintf.o)
                0x000000000804d78c                _svfiprintf_r
                0x000000000804d78c                _svfprintf_r
 .text.__sfputc_r
                0x000000000804d98c       0x2e d:/program files/stm32cubeide_1.11.2/stm32cubeide/plugins/com.st.stm32cube.ide.mcu.externaltools.gnu-tools-for-stm32.10.3-2021.10.win32_1.0.100.202210260954/tools/bin/../lib/gcc/arm-none-eabi/10.3.1/../../../../arm-none-eabi/lib/thumb/v7e-m+fp/hard\libc_nano.a(lib_a-nano-vfprintf.o)
 .text.__sfputs_r
                0x000000000804d9ba       0x24 d:/program files/stm32cubeide_1.11.2/stm32cubeide/plugins/com.st.stm32cube.ide.mcu.externaltools.gnu-tools-for-stm32.10.3-2021.10.win32_1.0.100.202210260954/tools/bin/../lib/gcc/arm-none-eabi/10.3.1/../../../../arm-none-eabi/lib/thumb/v7e-m+fp/hard\libc_nano.a(lib_a-nano-vfprintf.o)
                0x000000000804d9ba                __sfputs_r
 *fill*         0x000000000804d9de        0x2 
 .text._vfprintf_r
                0x000000000804d9e0      0x260 d:/program files/stm32cubeide_1.11.2/stm32cubeide/plugins/com.st.stm32cube.ide.mcu.externaltools.gnu-tools-for-stm32.10.3-2021.10.win32_1.0.100.202210260954/tools/bin/../lib/gcc/arm-none-eabi/10.3.1/../../../../arm-none-eabi/lib/thumb/v7e-m+fp/hard\libc_nano.a(lib_a-nano-vfprintf.o)
                0x000000000804d9e0                _vfprintf_r
                0x000000000804d9e0                _vfiprintf_r
 .text._printf_common
                0x000000000804dc40       0xda d:/program files/stm32cubeide_1.11.2/stm32cubeide/plugins/com.st.stm32cube.ide.mcu.externaltools.gnu-tools-for-stm32.10.3-2021.10.win32_1.0.100.202210260954/tools/bin/../lib/gcc/arm-none-eabi/10.3.1/../../../../arm-none-eabi/lib/thumb/v7e-m+fp/hard\libc_nano.a(lib_a-nano-vfprintf_i.o)
                0x000000000804dc40                _printf_common
 *fill*         0x000000000804dd1a        0x2 
 .text._printf_i
                0x000000000804dd1c      0x24c d:/program files/stm32cubeide_1.11.2/stm32cubeide/plugins/com.st.stm32cube.ide.mcu.externaltools.gnu-tools-for-stm32.10.3-2021.10.win32_1.0.100.202210260954/tools/bin/../lib/gcc/arm-none-eabi/10.3.1/../../../../arm-none-eabi/lib/thumb/v7e-m+fp/hard\libc_nano.a(lib_a-nano-vfprintf_i.o)
                0x000000000804dd1c                _printf_i
 .text.__sread  0x000000000804df68       0x22 d:/program files/stm32cubeide_1.11.2/stm32cubeide/plugins/com.st.stm32cube.ide.mcu.externaltools.gnu-tools-for-stm32.10.3-2021.10.win32_1.0.100.202210260954/tools/bin/../lib/gcc/arm-none-eabi/10.3.1/../../../../arm-none-eabi/lib/thumb/v7e-m+fp/hard\libc_nano.a(lib_a-stdio.o)
                0x000000000804df68                __sread
 .text.__swrite
                0x000000000804df8a       0x38 d:/program files/stm32cubeide_1.11.2/stm32cubeide/plugins/com.st.stm32cube.ide.mcu.externaltools.gnu-tools-for-stm32.10.3-2021.10.win32_1.0.100.202210260954/tools/bin/../lib/gcc/arm-none-eabi/10.3.1/../../../../arm-none-eabi/lib/thumb/v7e-m+fp/hard\libc_nano.a(lib_a-stdio.o)
                0x000000000804df8a                __swrite
 .text.__sseek  0x000000000804dfc2       0x24 d:/program files/stm32cubeide_1.11.2/stm32cubeide/plugins/com.st.stm32cube.ide.mcu.externaltools.gnu-tools-for-stm32.10.3-2021.10.win32_1.0.100.202210260954/tools/bin/../lib/gcc/arm-none-eabi/10.3.1/../../../../arm-none-eabi/lib/thumb/v7e-m+fp/hard\libc_nano.a(lib_a-stdio.o)
                0x000000000804dfc2                __sseek
 .text.__sclose
                0x000000000804dfe6        0x8 d:/program files/stm32cubeide_1.11.2/stm32cubeide/plugins/com.st.stm32cube.ide.mcu.externaltools.gnu-tools-for-stm32.10.3-2021.10.win32_1.0.100.202210260954/tools/bin/../lib/gcc/arm-none-eabi/10.3.1/../../../../arm-none-eabi/lib/thumb/v7e-m+fp/hard\libc_nano.a(lib_a-stdio.o)
                0x000000000804dfe6                __sclose
 *fill*         0x000000000804dfee        0x2 
 .text._write_r
                0x000000000804dff0       0x24 d:/program files/stm32cubeide_1.11.2/stm32cubeide/plugins/com.st.stm32cube.ide.mcu.externaltools.gnu-tools-for-stm32.10.3-2021.10.win32_1.0.100.202210260954/tools/bin/../lib/gcc/arm-none-eabi/10.3.1/../../../../arm-none-eabi/lib/thumb/v7e-m+fp/hard\libc_nano.a(lib_a-writer.o)
                0x000000000804dff0                _write_r
 .text._close_r
                0x000000000804e014       0x20 d:/program files/stm32cubeide_1.11.2/stm32cubeide/plugins/com.st.stm32cube.ide.mcu.externaltools.gnu-tools-for-stm32.10.3-2021.10.win32_1.0.100.202210260954/tools/bin/../lib/gcc/arm-none-eabi/10.3.1/../../../../arm-none-eabi/lib/thumb/v7e-m+fp/hard\libc_nano.a(lib_a-closer.o)
                0x000000000804e014                _close_r
 .text._fstat_r
                0x000000000804e034       0x24 d:/program files/stm32cubeide_1.11.2/stm32cubeide/plugins/com.st.stm32cube.ide.mcu.externaltools.gnu-tools-for-stm32.10.3-2021.10.win32_1.0.100.202210260954/tools/bin/../lib/gcc/arm-none-eabi/10.3.1/../../../../arm-none-eabi/lib/thumb/v7e-m+fp/hard\libc_nano.a(lib_a-fstatr.o)
                0x000000000804e034                _fstat_r
 .text._isatty_r
                0x000000000804e058       0x20 d:/program files/stm32cubeide_1.11.2/stm32cubeide/plugins/com.st.stm32cube.ide.mcu.externaltools.gnu-tools-for-stm32.10.3-2021.10.win32_1.0.100.202210260954/tools/bin/../lib/gcc/arm-none-eabi/10.3.1/../../../../arm-none-eabi/lib/thumb/v7e-m+fp/hard\libc_nano.a(lib_a-isattyr.o)
                0x000000000804e058                _isatty_r
 .text._lseek_r
                0x000000000804e078       0x24 d:/program files/stm32cubeide_1.11.2/stm32cubeide/plugins/com.st.stm32cube.ide.mcu.externaltools.gnu-tools-for-stm32.10.3-2021.10.win32_1.0.100.202210260954/tools/bin/../lib/gcc/arm-none-eabi/10.3.1/../../../../arm-none-eabi/lib/thumb/v7e-m+fp/hard\libc_nano.a(lib_a-lseekr.o)
                0x000000000804e078                _lseek_r
 .text.memcpy   0x000000000804e09c       0x1c d:/program files/stm32cubeide_1.11.2/stm32cubeide/plugins/com.st.stm32cube.ide.mcu.externaltools.gnu-tools-for-stm32.10.3-2021.10.win32_1.0.100.202210260954/tools/bin/../lib/gcc/arm-none-eabi/10.3.1/../../../../arm-none-eabi/lib/thumb/v7e-m+fp/hard\libc_nano.a(lib_a-memcpy-stub.o)
                0x000000000804e09c                memcpy
 .text.memmove  0x000000000804e0b8       0x34 d:/program files/stm32cubeide_1.11.2/stm32cubeide/plugins/com.st.stm32cube.ide.mcu.externaltools.gnu-tools-for-stm32.10.3-2021.10.win32_1.0.100.202210260954/tools/bin/../lib/gcc/arm-none-eabi/10.3.1/../../../../arm-none-eabi/lib/thumb/v7e-m+fp/hard\libc_nano.a(lib_a-memmove.o)
                0x000000000804e0b8                memmove
 .text._realloc_r
                0x000000000804e0ec       0x5e d:/program files/stm32cubeide_1.11.2/stm32cubeide/plugins/com.st.stm32cube.ide.mcu.externaltools.gnu-tools-for-stm32.10.3-2021.10.win32_1.0.100.202210260954/tools/bin/../lib/gcc/arm-none-eabi/10.3.1/../../../../arm-none-eabi/lib/thumb/v7e-m+fp/hard\libc_nano.a(lib_a-nano-reallocr.o)
                0x000000000804e0ec                _realloc_r
 *fill*         0x000000000804e14a        0x2 
 .text._read_r  0x000000000804e14c       0x24 d:/program files/stm32cubeide_1.11.2/stm32cubeide/plugins/com.st.stm32cube.ide.mcu.externaltools.gnu-tools-for-stm32.10.3-2021.10.win32_1.0.100.202210260954/tools/bin/../lib/gcc/arm-none-eabi/10.3.1/../../../../arm-none-eabi/lib/thumb/v7e-m+fp/hard\libc_nano.a(lib_a-readr.o)
                0x000000000804e14c                _read_r
 .text._malloc_usable_size_r
                0x000000000804e170       0x10 d:/program files/stm32cubeide_1.11.2/stm32cubeide/plugins/com.st.stm32cube.ide.mcu.externaltools.gnu-tools-for-stm32.10.3-2021.10.win32_1.0.100.202210260954/tools/bin/../lib/gcc/arm-none-eabi/10.3.1/../../../../arm-none-eabi/lib/thumb/v7e-m+fp/hard\libc_nano.a(lib_a-nano-msizer.o)
                0x000000000804e170                _malloc_usable_size_r
 *(.glue_7)
 .glue_7        0x000000000804e180        0x0 linker stubs
 *(.glue_7t)
 .glue_7t       0x000000000804e180        0x0 linker stubs
 *(.eh_frame)
 .eh_frame      0x000000000804e180        0x0 d:/program files/stm32cubeide_1.11.2/stm32cubeide/plugins/com.st.stm32cube.ide.mcu.externaltools.gnu-tools-for-stm32.10.3-2021.10.win32_1.0.100.202210260954/tools/bin/../lib/gcc/arm-none-eabi/10.3.1/thumb/v7e-m+fp/hard/crtbegin.o
 *(.init)
 .init          0x000000000804e180        0x4 d:/program files/stm32cubeide_1.11.2/stm32cubeide/plugins/com.st.stm32cube.ide.mcu.externaltools.gnu-tools-for-stm32.10.3-2021.10.win32_1.0.100.202210260954/tools/bin/../lib/gcc/arm-none-eabi/10.3.1/thumb/v7e-m+fp/hard/crti.o
                0x000000000804e180                _init
 .init          0x000000000804e184        0x8 d:/program files/stm32cubeide_1.11.2/stm32cubeide/plugins/com.st.stm32cube.ide.mcu.externaltools.gnu-tools-for-stm32.10.3-2021.10.win32_1.0.100.202210260954/tools/bin/../lib/gcc/arm-none-eabi/10.3.1/thumb/v7e-m+fp/hard/crtn.o
 *(.fini)
 .fini          0x000000000804e18c        0x4 d:/program files/stm32cubeide_1.11.2/stm32cubeide/plugins/com.st.stm32cube.ide.mcu.externaltools.gnu-tools-for-stm32.10.3-2021.10.win32_1.0.100.202210260954/tools/bin/../lib/gcc/arm-none-eabi/10.3.1/thumb/v7e-m+fp/hard/crti.o
                0x000000000804e18c                _fini
 .fini          0x000000000804e190        0x8 d:/program files/stm32cubeide_1.11.2/stm32cubeide/plugins/com.st.stm32cube.ide.mcu.externaltools.gnu-tools-for-stm32.10.3-2021.10.win32_1.0.100.202210260954/tools/bin/../lib/gcc/arm-none-eabi/10.3.1/thumb/v7e-m+fp/hard/crtn.o
                0x000000000804e198                . = ALIGN (0x4)
                0x000000000804e198                _etext = .

.vfp11_veneer   0x000000000804e198        0x0
 .vfp11_veneer  0x000000000804e198        0x0 linker stubs

.v4_bx          0x000000000804e198        0x0
 .v4_bx         0x000000000804e198        0x0 linker stubs

.iplt           0x000000000804e198        0x0
 .iplt          0x000000000804e198        0x0 d:/program files/stm32cubeide_1.11.2/stm32cubeide/plugins/com.st.stm32cube.ide.mcu.externaltools.gnu-tools-for-stm32.10.3-2021.10.win32_1.0.100.202210260954/tools/bin/../lib/gcc/arm-none-eabi/10.3.1/thumb/v7e-m+fp/hard/crtbegin.o

.rodata         0x000000000804e198     0x2684
                0x000000000804e198                . = ALIGN (0x4)
 *(.rodata)
 .rodata        0x000000000804e198       0x79 ./Core/Src/main.o
 *fill*         0x000000000804e211        0x3 
 .rodata        0x000000000804e214      0x21f ./Core/Src/ota_app.o
 *fill*         0x000000000804e433        0x1 
 .rodata        0x000000000804e434        0x4 ./Middlewares/ST/STM32_USB_Host_Library/Class/CDC/Src/usbh_cdc.o
 *(.rodata*)
 .rodata.crc_table
                0x000000000804e438      0x400 ./Core/Src/ota_app.o
 .rodata.AHBPrescTable
                0x000000000804e838       0x10 ./Core/Src/system_stm32f4xx.o
                0x000000000804e838                AHBPrescTable
 .rodata.APBPrescTable
                0x000000000804e848        0x8 ./Core/Src/system_stm32f4xx.o
                0x000000000804e848                APBPrescTable
 .rodata.Font24_Table
                0x000000000804e850     0x1ab8 ./Drivers/BSP/STM32F429I-Discovery/stm32f429i_discovery_lcd.o
                0x000000000804e850                Font24_Table
 .rodata.Font12_Table