Archive member included to satisfy reference by file (symbol)

d:/program files/stm32cubeide_1.11.2/stm32cubeide/plugins/com.st.stm32cube.ide.mcu.externaltools.gnu-tools-for-stm32.10.3-2021.10.win32_1.0.100.202210260954/tools/bin/../lib/gcc/arm-none-eabi/10.3.1/../../../../arm-none-eabi/lib/thumb/v7e-m+fp/hard\libc_nano.a(lib_a-errno.o)
                              ./Core/Src/syscalls.o (__errno)
d:/program files/stm32cubeide_1.11.2/stm32cubeide/plugins/com.st.stm32cube.ide.mcu.externaltools.gnu-tools-for-stm32.10.3-2021.10.win32_1.0.100.202210260954/tools/bin/../lib/gcc/arm-none-eabi/10.3.1/../../../../arm-none-eabi/lib/thumb/v7e-m+fp/hard\libc_nano.a(lib_a-exit.o)
                              d:/program files/stm32cubeide_1.11.2/stm32cubeide/plugins/com.st.stm32cube.ide.mcu.externaltools.gnu-tools-for-stm32.10.3-2021.10.win32_1.0.100.202210260954/tools/bin/../lib/gcc/arm-none-eabi/10.3.1/../../../../arm-none-eabi/lib/thumb/v7e-m+fp/hard/crt0.o (exit)
d:/program files/stm32cubeide_1.11.2/stm32cubeide/plugins/com.st.stm32cube.ide.mcu.externaltools.gnu-tools-for-stm32.10.3-2021.10.win32_1.0.100.202210260954/tools/bin/../lib/gcc/arm-none-eabi/10.3.1/../../../../arm-none-eabi/lib/thumb/v7e-m+fp/hard\libc_nano.a(lib_a-impure.o)
                              d:/program files/stm32cubeide_1.11.2/stm32cubeide/plugins/com.st.stm32cube.ide.mcu.externaltools.gnu-tools-for-stm32.10.3-2021.10.win32_1.0.100.202210260954/tools/bin/../lib/gcc/arm-none-eabi/10.3.1/../../../../arm-none-eabi/lib/thumb/v7e-m+fp/hard\libc_nano.a(lib_a-exit.o) (_global_impure_ptr)
d:/program files/stm32cubeide_1.11.2/stm32cubeide/plugins/com.st.stm32cube.ide.mcu.externaltools.gnu-tools-for-stm32.10.3-2021.10.win32_1.0.100.202210260954/tools/bin/../lib/gcc/arm-none-eabi/10.3.1/../../../../arm-none-eabi/lib/thumb/v7e-m+fp/hard\libc_nano.a(lib_a-init.o)
                              d:/program files/stm32cubeide_1.11.2/stm32cubeide/plugins/com.st.stm32cube.ide.mcu.externaltools.gnu-tools-for-stm32.10.3-2021.10.win32_1.0.100.202210260954/tools/bin/../lib/gcc/arm-none-eabi/10.3.1/../../../../arm-none-eabi/lib/thumb/v7e-m+fp/hard/crt0.o (__libc_init_array)
d:/program files/stm32cubeide_1.11.2/stm32cubeide/plugins/com.st.stm32cube.ide.mcu.externaltools.gnu-tools-for-stm32.10.3-2021.10.win32_1.0.100.202210260954/tools/bin/../lib/gcc/arm-none-eabi/10.3.1/../../../../arm-none-eabi/lib/thumb/v7e-m+fp/hard\libc_nano.a(lib_a-malloc.o)
                              ./Middlewares/ST/STM32_USB_Host_Library/Class/CDC/Src/usbh_cdc.o (malloc)
d:/program files/stm32cubeide_1.11.2/stm32cubeide/plugins/com.st.stm32cube.ide.mcu.externaltools.gnu-tools-for-stm32.10.3-2021.10.win32_1.0.100.202210260954/tools/bin/../lib/gcc/arm-none-eabi/10.3.1/../../../../arm-none-eabi/lib/thumb/v7e-m+fp/hard\libc_nano.a(lib_a-memset.o)
                              d:/program files/stm32cubeide_1.11.2/stm32cubeide/plugins/com.st.stm32cube.ide.mcu.externaltools.gnu-tools-for-stm32.10.3-2021.10.win32_1.0.100.202210260954/tools/bin/../lib/gcc/arm-none-eabi/10.3.1/../../../../arm-none-eabi/lib/thumb/v7e-m+fp/hard/crt0.o (memset)
d:/program files/stm32cubeide_1.11.2/stm32cubeide/plugins/com.st.stm32cube.ide.mcu.externaltools.gnu-tools-for-stm32.10.3-2021.10.win32_1.0.100.202210260954/tools/bin/../lib/gcc/arm-none-eabi/10.3.1/../../../../arm-none-eabi/lib/thumb/v7e-m+fp/hard\libc_nano.a(lib_a-nano-freer.o)
                              d:/program files/stm32cubeide_1.11.2/stm32cubeide/plugins/com.st.stm32cube.ide.mcu.externaltools.gnu-tools-for-stm32.10.3-2021.10.win32_1.0.100.202210260954/tools/bin/../lib/gcc/arm-none-eabi/10.3.1/../../../../arm-none-eabi/lib/thumb/v7e-m+fp/hard\libc_nano.a(lib_a-malloc.o) (_free_r)
d:/program files/stm32cubeide_1.11.2/stm32cubeide/plugins/com.st.stm32cube.ide.mcu.externaltools.gnu-tools-for-stm32.10.3-2021.10.win32_1.0.100.202210260954/tools/bin/../lib/gcc/arm-none-eabi/10.3.1/../../../../arm-none-eabi/lib/thumb/v7e-m+fp/hard\libc_nano.a(lib_a-nano-mallocr.o)
                              d:/program files/stm32cubeide_1.11.2/stm32cubeide/plugins/com.st.stm32cube.ide.mcu.externaltools.gnu-tools-for-stm32.10.3-2021.10.win32_1.0.100.202210260954/tools/bin/../lib/gcc/arm-none-eabi/10.3.1/../../../../arm-none-eabi/lib/thumb/v7e-m+fp/hard\libc_nano.a(lib_a-malloc.o) (_malloc_r)
d:/program files/stm32cubeide_1.11.2/stm32cubeide/plugins/com.st.stm32cube.ide.mcu.externaltools.gnu-tools-for-stm32.10.3-2021.10.win32_1.0.100.202210260954/tools/bin/../lib/gcc/arm-none-eabi/10.3.1/../../../../arm-none-eabi/lib/thumb/v7e-m+fp/hard\libc_nano.a(lib_a-printf.o)
                              ./Core/Src/main.o (printf)
d:/program files/stm32cubeide_1.11.2/stm32cubeide/plugins/com.st.stm32cube.ide.mcu.externaltools.gnu-tools-for-stm32.10.3-2021.10.win32_1.0.100.202210260954/tools/bin/../lib/gcc/arm-none-eabi/10.3.1/../../../../arm-none-eabi/lib/thumb/v7e-m+fp/hard\libc_nano.a(lib_a-puts.o)
                              ./Core/Src/main.o (puts)
[...]
Memory Configuration

Name             Origin             Length             Attributes
CCMRAM           0x0000000010000000 0x0000000000010000 xrw
RAM              0x0000000020000000 0x0000000000030000 xrw
FLASH            0x0000000008040000 0x0000000000100000 xr
*default*        0x0000000000000000 0xffffffffffffffff

Linker script and memory map

LOAD d:/program files/stm32cubeide_1.11.2/stm32cubeide/plugins/com.st.stm32cube.ide.mcu.externaltools.gnu-tools-for-stm32.10.3-2021.10.win32_1.0.100.202210260954/tools/bin/../lib/gcc/arm-none-eabi/10.3.1/thumb/v7e-m+fp/hard/crti.o
LOAD d:/program files/stm32cubeide_1.11.2/stm32cubeide/plugins/com.st.stm32cube.ide.mcu.externaltools.gnu-tools-for-stm32.10.3-2021.10.win32_1.0.100.202210260954/tools/bin/../lib/gcc/arm-none-eabi/10.3.1/thumb/v7e-m+fp/hard/crtbegin.o
LOAD d:/program files/stm32cubeide_1.11.2/stm32cubeide/plugins/com.st.stm32cube.ide.mcu.externaltools.gnu-tools-for-stm32.10.3-2021.10.win32_1.0.100.202210260954/tools/bin/../lib/gcc/arm-none-eabi/10.3.1/../../../../arm-none-eabi/lib/thumb/v7e-m+fp/hard/crt0.o
LOAD ./Core/Src/main.o
LOAD ./Core/Src/ota_app.o
LOAD ./Core/Src/stm32f4xx_hal_msp.o
LOAD ./Core/Src/stm32f4xx_hal_timebase_tim.o
LOAD ./Core/Src/stm32f4xx_it.o
LOAD ./Core/Src/syscalls.o
LOAD ./Core/Src/sysmem.o
LOAD ./Core/Src/system_stm32f4xx.o
LOAD ./Core/Startup/startup_stm32f429zitx.o
LOAD ./Drivers/BSP/Components/i3g4250d/i3g4250d.o
LOAD ./Drivers/BSP/Components/ili9341/ili9341.o
LOAD ./Drivers/BSP/Components/l3gd20/l3gd20.o
LOAD ./Drivers/BSP/Components/stmpe811/stmpe811.o
LOAD ./Drivers/BSP/STM32F429I-Discovery/stm32f429i_discovery.o
LOAD ./Drivers/BSP/STM32F429I-Discovery/stm32f429i_discovery_eeprom.o
LOAD ./Drivers/BSP/STM32F429I-Discovery/stm32f429i_discovery_gyroscope.o
LOAD ./Drivers/BSP/STM32F429I-Discovery/stm32f429i_discovery_io.o
LOAD ./Drivers/BSP/STM32F429I-Discovery/stm32f429i_discovery_lcd.o
LOAD ./Drivers/BSP/STM32F429I-Discovery/stm32f429i_discovery_sdram.o
LOAD ./Drivers/BSP/STM32F429I-Discovery/stm32f429i_discovery_ts.o
LOAD ./Drivers/STM32F4xx_HAL_Driver/Src/stm32f4xx_hal.o
LOAD ./Drivers/STM32F4xx_HAL_Driver/Src/stm32f4xx_hal_cortex.o
LOAD ./Drivers/STM32F4xx_HAL_Driver/Src/stm32f4xx_hal_crc.o
LOAD ./Drivers/STM32F4xx_HAL_Driver/Src/stm32f4xx_hal_dma.o
LOAD ./Drivers/STM32F4xx_HAL_Driver/Src/stm32f4xx_hal_dma2d.o
LOAD ./Drivers/STM32F4xx_HAL_Driver/Src/stm32f4xx_hal_dma_ex.o
LOAD ./Drivers/STM32F4xx_HAL_Driver/Src/stm32f4xx_hal_dsi.o
LOAD ./Drivers/STM32F4xx_HAL_Driver/Src/stm32f4xx_hal_exti.o
LOAD ./Drivers/STM32F4xx_HAL_Driver/Src/stm32f4xx_hal_flash.o
LOAD ./Drivers/STM32F4xx_HAL_Driver/Src/stm32f4xx_hal_flash_ex.o
LOAD ./Drivers/STM32F4xx_HAL_Driver/Src/stm32f4xx_hal_flash_ramfunc.o
LOAD ./Drivers/STM32F4xx_HAL_Driver/Src/stm32f4xx_hal_gpio.o
LOAD ./Drivers/STM32F4xx_HAL_Driver/Src/stm32f4xx_hal_hcd.o
LOAD ./Drivers/STM32F4xx_HAL_Driver/Src/stm32f4xx_hal_i2c.o
LOAD ./Drivers/STM32F4xx_HAL_Driver/Src/stm32f4xx_hal_i2c_ex.o
LOAD ./Drivers/STM32F4xx_HAL_Driver/Src/stm32f4xx_hal_ltdc.o
LOAD ./Drivers/STM32F4xx_HAL_Driver/Src/stm32f4xx_hal_ltdc_ex.o
LOAD ./Drivers/STM32F4xx_HAL_Driver/Src/stm32f4xx_hal_pwr.o
LOAD ./Drivers/STM32F4xx_HAL_Driver/Src/stm32f4xx_hal_pwr_ex.o
LOAD ./Drivers/STM32F4xx_HAL_Driver/Src/stm32f4xx_hal_rcc.o
LOAD ./Drivers/STM32F4xx_HAL_Driver/Src/stm32f4xx_hal_rcc_ex.o
LOAD ./Drivers/STM32F4xx_HAL_Driver/Src/stm32f4xx_hal_sdram.o
LOAD ./Drivers/STM32F4xx_HAL_Driver/Src/stm32f4xx_hal_spi.o
LOAD ./Drivers/STM32F4xx_HAL_Driver/Src/stm32f4xx_hal_tim.o
LOAD ./Drivers/STM32F4xx_HAL_Driver/Src/stm32f4xx_hal_tim_ex.o
LOAD ./Drivers/STM32F4xx_HAL_Driver/Src/stm32f4xx_hal_uart.o
LOAD ./Drivers/STM32F4xx_HAL_Driver/Src/stm32f4xx_ll_fmc.o
LOAD ./Drivers/STM32F4xx_HAL_Driver/Src/stm32f4xx_ll_usb.o
LOAD ./Middlewares/ST/STM32_USB_Host_Library/Class/CDC/Src/usbh_cdc.o
LOAD ./Middlewares/ST/STM32_USB_Host_Library/Core/Src/usbh_core.o
LOAD ./Middlewares/ST/STM32_USB_Host_Library/Core/Src/usbh_ctlreq.o
LOAD ./Middlewares/ST/STM32_USB_Host_Library/Core/Src/usbh_ioreq.o
LOAD ./Middlewares/ST/STM32_USB_Host_Library/Core/Src/usbh_pipes.o
LOAD ./USB_HOST/App/usb_host.o
LOAD ./USB_HOST/Target/usbh_conf.o
LOAD ./USB_HOST/Target/usbh_platform.o
START GROUP
LOAD d:/program files/stm32cubeide_1.11.2/stm32cubeide/plugins/com.st.stm32cube.ide.mcu.externaltools.gnu-tools-for-stm32.10.3-2021.10.win32_1.0.100.202210260954/tools/bin/../lib/gcc/arm-none-eabi/10.3.1/../../../../arm-none-eabi/lib/thumb/v7e-m+fp/hard\libc_nano.a
LOAD d:/program files/stm32cubeide_1.11.2/stm32cubeide/plugins/com.st.stm32cube.ide.mcu.externaltools.gnu-tools-for-stm32.10.3-2021.10.win32_1.0.100.202210260954/tools/bin/../lib/gcc/arm-none-eabi/10.3.1/../../../../arm-none-eabi/lib/thumb/v7e-m+fp/hard\libm.a
END GROUP
START GROUP
LOAD d:/program files/stm32cubeide_1.11.2/stm32cubeide/plugins/com.st.stm32cube.ide.mcu.externaltools.gnu-tools-for-stm32.10.3-2021.10.win32_1.0.100.202210260954/tools/bin/../lib/gcc/arm-none-eabi/10.3.1/thumb/v7e-m+fp/hard\libgcc.a
LOAD d:/program files/stm32cubeide_1.11.2/stm32cubeide/plugins/com.st.stm32cube.ide.mcu.externaltools.gnu-tools-for-stm32.10.3-2021.10.win32_1.0.100.202210260954/tools/bin/../lib/gcc/arm-none-eabi/10.3.1/../../../../arm-none-eabi/lib/thumb/v7e-m+fp/hard\libc_nano.a
END GROUP
START GROUP
LOAD d:/program files/stm32cubeide_1.11.2/stm32cubeide/plugins/com.st.stm32cube.ide.mcu.externaltools.gnu-tools-for-stm32.10.3-2021.10.win32_1.0.100.202210260954/tools/bin/../lib/gcc/arm-none-eabi/10.3.1/thumb/v7e-m+fp/hard\libgcc.a
LOAD d:/program files/stm32cubeide_1.11.2/stm32cubeide/plugins/com.st.stm32cube.ide.mcu.externaltools.gnu-tools-for-stm32.10.3-2021.10.win32_1.0.100.202210260954/tools/bin/../lib/gcc/arm-none-eabi/10.3.1/../../../../arm-none-eabi/lib/thumb/v7e-m+fp/hard\libc_nano.a
LOAD d:/program files/stm32cubeide_1.11.2/stm32cubeide/plugins/com.st.stm32cube.ide.mcu.externaltools.gnu-tools-for-stm32.10.3-2021.10.win32_1.0.100.202210260954/tools/bin/../lib/gcc/arm-none-eabi/10.3.1/../../../../arm-none-eabi/lib/thumb/v7e-m+fp/hard\libnosys.a
END GROUP
START GROUP
LOAD d:/program files/stm32cubeide_1.11.2/stm32cubeide/plugins/com.st.stm32cube.ide.mcu.externaltools.gnu-tools-for-stm32.10.3-2021.10.win32_1.0.100.202210260954/tools/bin/../lib/gcc/arm-none-eabi/10.3.1/thumb/v7e-m+fp/hard\libgcc.a
LOAD d:/program files/stm32cubeide_1.11.2/stm32cubeide/plugins/com.st.stm32cube.ide.mcu.externaltools.gnu-tools-for-stm32.10.3-2021.10.win32_1.0.100.202210260954/tools/bin/../lib/gcc/arm-none-eabi/10.3.1/../../../../arm-none-eabi/lib/thumb/v7e-m+fp/hard\libc_nano.a
LOAD d:/program files/stm32cubeide_1.11.2/stm32cubeide/plugins/com.st.stm32cube.ide.mcu.externaltools.gnu-tools-for-stm32.10.3-2021.10.win32_1.0.100.202210260954/tools/bin/../lib/gcc/arm-none-eabi/10.3.1/../../../../arm-none-eabi/lib/thumb/v7e-m+fp/hard\libnosys.a
END GROUP
LOAD d:/program files/stm32cubeide_1.11.2/stm32cubeide/plugins/com.st.stm32cube.ide.mcu.externaltools.gnu-tools-for-stm32.10.3-2021.10.win32_1.0.100.202210260954/tools/bin/../lib/gcc/arm-none-eabi/10.3.1/thumb/v7e-m+fp/hard/crtend.o
LOAD d:/program files/stm32cubeide_1.11.2/stm32cubeide/plugins/com.st.stm32cube.ide.mcu.externaltools.gnu-tools-for-stm32.10.3-2021.10.win32_1.0.100.202210260954/tools/bin/../lib/gcc/arm-none-eabi/10.3.1/thumb/v7e-m+fp/hard/crtn.o
                0x0000000020030000                _estack = (ORIGIN (RAM) + LENGTH (RAM))
                0x0000000000000200                _Min_Heap_Size = 0x200
                0x0000000000000400                _Min_Stack_Size = 0x400

.isr_vector     0x0000000008040000      0x1ac
                0x0000000008040000                . = ALIGN (0x4)
 *(.isr_vector)
 .isr_vector    0x0000000008040000      0x1ac ./Core/Startup/startup_stm32f429zitx.o
                0x0000000008040000                g_pfnVectors
                0x00000000080401ac                . = ALIGN (0x4)

.text           0x00000000080401b0     0xdfd4
                0x00000000080401b0                . = ALIGN (0x4)
 *(.text)
 .text          0x00000000080401b0       0x40 d:/program files/stm32cubeide_1.11.2/stm32cubeide/plugins/com.st.stm32cube.ide.mcu.externaltools.gnu-tools-for-stm32.10.3-2021.10.win32_1.0.100.202210260954/tools/bin/../lib/gcc/arm-none-eabi/10.3.1/thumb/v7e-m+fp/hard/crtbegin.o
 .text          0x00000000080401f0       0xa0 d:/program files/stm32cubeide_1.11.2/stm32cubeide/plugins/com.st.stm32cube.ide.mcu.externaltools.gnu-tools-for-stm32.10.3-2021.10.win32_1.0.100.202210260954/tools/bin/../lib/gcc/arm-none-eabi/10.3.1/../../../../arm-none-eabi/lib/thumb/v7e-m+fp/hard\libc_nano.a(lib_a-memchr.o)
                0x00000000080401f0                memchr
 .text          0x0000000008040290       0x30 d:/program files/stm32cubeide_1.11.2/stm32cubeide/plugins/com.st.stm32cube.ide.mcu.externaltools.gnu-tools-for-stm32.10.3-2021.10.win32_1.0.100.202210260954/tools/bin/../lib/gcc/arm-none-eabi/10.3.1/thumb/v7e-m+fp/hard\libgcc.a(_aeabi_uldivmod.o)
                0x0000000008040290                __aeabi_uldivmod
 .text          0x00000000080402c0      0x2d0 d:/program files/stm32cubeide_1.11.2/stm32cubeide/plugins/com.st.stm32cube.ide.mcu.externaltools.gnu-tools-for-stm32.10.3-2021.10.win32_1.0.100.202210260954/tools/bin/../lib/gcc/arm-none-eabi/10.3.1/thumb/v7e-m+fp/hard\libgcc.a(_udivmoddi4.o)
                0x00000000080402c0                __udivmoddi4
 .text          0x0000000008040590        0x4 d:/program files/stm32cubeide_1.11.2/stm32cubeide/plugins/com.st.stm32cube.ide.mcu.externaltools.gnu-tools-for-stm32.10.3-2021.10.win32_1.0.100.202210260954/tools/bin/../lib/gcc/arm-none-eabi/10.3.1/thumb/v7e-m+fp/hard\libgcc.a(_dvmd_tls.o)
                0x0000000008040590                __aeabi_idiv0
                0x0000000008040590                __aeabi_ldiv0
 *(.text*)
 .text.main     0x0000000008040594      0x1b4 ./Core/Src/main.o
                0x0000000008040594                main
 .text.SystemClock_Config
                0x0000000008040748       0xd8 ./Core/Src/main.o
                0x0000000008040748                SystemClock_Config
 .text.MX_CRC_Init
                0x0000000008040820       0x28 ./Core/Src/main.o
 .text.MX_DMA2D_Init
                0x0000000008040848       0x64 ./Core/Src/main.o
 .text.MX_I2C3_Init
                0x00000000080408ac       0x80 ./Core/Src/main.o
 .text.MX_LTDC_Init
                0x000000000804092c      0x100 ./Core/Src/main.o
 .text.MX_SPI5_Init
                0x0000000008040a2c       0x6c ./Core/Src/main.o
 .text.MX_TIM1_Init
                0x0000000008040a98       0xa0 ./Core/Src/main.o
 .text.MX_USART1_UART_Init
                0x0000000008040b38       0x54 ./Core/Src/main.o
 .text.MX_FMC_Init
                0x0000000008040b8c       0xa0 ./Core/Src/main.o
 .text.MX_GPIO_Init
                0x0000000008040c2c      0x248 ./Core/Src/main.o
 .text.__io_putchar
                0x0000000008040e74       0x24 ./Core/Src/main.o
                0x0000000008040e74                __io_putchar
 .text.HAL_TIM_PeriodElapsedCallback
                0x0000000008040e98       0x24 ./Core/Src/main.o
                0x0000000008040e98                HAL_TIM_PeriodElapsedCallback
 .text.Error_Handler
                0x0000000008040ebc        0xa ./Core/Src/main.o
                0x0000000008040ebc                Error_Handler
 *fill*         0x0000000008040ec6        0x2 
 .text.go_to_ota_app
                0x0000000008040ec8       0x54 ./Core/Src/ota_app.o
                0x0000000008040ec8                go_to_ota_app
 .text.ota_download_and_flash
                0x0000000008040f1c       0xac ./Core/Src/ota_app.o
                0x0000000008040f1c                ota_download_and_flash
 .text.ota_receive_chunk
                0x0000000008040fc8      0x1c0 ./Core/Src/ota_app.o
 .text.ota_process_data
                0x0000000008041188      0x1e4 ./Core/Src/ota_app.o
 .text.ota_send_resp
                0x000000000804136c       0x56 ./Core/Src/ota_app.o
 *fill*         0x00000000080413c2        0x2 
 .text.ota_calcCRC
                0x00000000080413c4       0x5c ./Core/Src/ota_app.o
                0x00000000080413c4                ota_calcCRC
 .text.HAL_MspInit
                0x0000000008041420       0x50 ./Core/Src/stm32f4xx_hal_msp.o
                0x0000000008041420                HAL_MspInit
 .text.HAL_CRC_MspInit
                0x0000000008041470       0x44 ./Core/Src/stm32f4xx_hal_msp.o
                0x0000000008041470                HAL_CRC_MspInit
 .text.HAL_DMA2D_MspInit
                0x00000000080414b4       0x50 ./Core/Src/stm32f4xx_hal_msp.o
                0x00000000080414b4                HAL_DMA2D_MspInit
 .text.HAL_I2C_MspInit
                0x0000000008041504       0xd4 ./Core/Src/stm32f4xx_hal_msp.o
                0x0000000008041504                HAL_I2C_MspInit
 .text.HAL_LTDC_MspInit
                0x00000000080415d8      0x260 ./Core/Src/stm32f4xx_hal_msp.o
                0x00000000080415d8                HAL_LTDC_MspInit
 .text.HAL_SPI_MspInit
                0x0000000008041838       0x90 ./Core/Src/stm32f4xx_hal_msp.o
                0x0000000008041838                HAL_SPI_MspInit
 .text.HAL_SPI_MspDeInit
                0x00000000080418c8       0x3c ./Core/Src/stm32f4xx_hal_msp.o
                0x00000000080418c8                HAL_SPI_MspDeInit
 .text.HAL_TIM_Base_MspInit
                0x0000000008041904       0x44 ./Core/Src/stm32f4xx_hal_msp.o
                0x0000000008041904                HAL_TIM_Base_MspInit
 .text.HAL_UART_MspInit
                0x0000000008041948       0x90 ./Core/Src/stm32f4xx_hal_msp.o
                0x0000000008041948                HAL_UART_MspInit
 .text.HAL_FMC_MspInit
                0x00000000080419d8      0x124 ./Core/Src/stm32f4xx_hal_msp.o
 .text.HAL_SDRAM_MspInit
                0x0000000008041afc       0x14 ./Core/Src/stm32f4xx_hal_msp.o
                0x0000000008041afc                HAL_SDRAM_MspInit
 .text.HAL_InitTick
                0x0000000008041b10       0xf8 ./Core/Src/stm32f4xx_hal_timebase_tim.o
                0x0000000008041b10                HAL_InitTick
 .text.NMI_Handler
                0x0000000008041c08        0x6 ./Core/Src/stm32f4xx_it.o
                0x0000000008041c08                NMI_Handler
 .text.HardFault_Handler
                0x0000000008041c0e        0x6 ./Core/Src/stm32f4xx_it.o
                0x0000000008041c0e                HardFault_Handler
 .text.MemManage_Handler
                0x0000000008041c14        0x6 ./Core/Src/stm32f4xx_it.o
                0x0000000008041c14                MemManage_Handler
 .text.BusFault_Handler
                0x0000000008041c1a        0x6 ./Core/Src/stm32f4xx_it.o
                0x0000000008041c1a                BusFault_Handler
 .text.UsageFault_Handler
                0x0000000008041c20        0x6 ./Core/Src/stm32f4xx_it.o
                0x0000000008041c20                UsageFault_Handler
 .text.SVC_Handler
                0x0000000008041c26        0xe ./Core/Src/stm32f4xx_it.o
                0x0000000008041c26                SVC_Handler
 .text.DebugMon_Handler
                0x0000000008041c34        0xe ./Core/Src/stm32f4xx_it.o
                0x0000000008041c34                DebugMon_Handler
 .text.PendSV_Handler
                0x0000000008041c42        0xe ./Core/Src/stm32f4xx_it.o
                0x0000000008041c42                PendSV_Handler
 .text.SysTick_Handler
                0x0000000008041c50        0xe ./Core/Src/stm32f4xx_it.o
                0x0000000008041c50                SysTick_Handler
 .text.EXTI0_IRQHandler
                0x0000000008041c5e        0xe ./Core/Src/stm32f4xx_it.o
                0x0000000008041c5e                EXTI0_IRQHandler
 .text.TIM6_DAC_IRQHandler
                0x0000000008041c6c       0x14 ./Core/Src/stm32f4xx_it.o
                0x0000000008041c6c                TIM6_DAC_IRQHandler
 .text.OTG_HS_IRQHandler
                0x0000000008041c80       0x14 ./Core/Src/stm32f4xx_it.o
                0x0000000008041c80                OTG_HS_IRQHandler
 .text.LTDC_IRQHandler
                0x0000000008041c94       0x14 ./Core/Src/stm32f4xx_it.o
                0x0000000008041c94                LTDC_IRQHandler
 .text.DMA2D_IRQHandler
                0x0000000008041ca8       0x14 ./Core/Src/stm32f4xx_it.o
                0x0000000008041ca8                DMA2D_IRQHandler
 .text.HAL_GPIO_EXTI_Callback
                0x0000000008041cbc       0x28 ./Core/Src/stm32f4xx_it.o
                0x0000000008041cbc                HAL_GPIO_EXTI_Callback
 .text._read    0x0000000008041ce4       0x3a ./Core/Src/syscalls.o
                0x0000000008041ce4                _read
 .text._write   0x0000000008041d1e       0x38 ./Core/Src/syscalls.o
                0x0000000008041d1e                _write
 .text._close   0x0000000008041d56       0x18 ./Core/Src/syscalls.o
                0x0000000008041d56                _close
 .text._fstat   0x0000000008041d6e       0x20 ./Core/Src/syscalls.o
                0x0000000008041d6e                _fstat
 .text._isatty  0x0000000008041d8e       0x16 ./Core/Src/syscalls.o
                0x0000000008041d8e                _isatty
 .text._lseek   0x0000000008041da4       0x1a ./Core/Src/syscalls.o
                0x0000000008041da4                _lseek
 *fill*         0x0000000008041dbe        0x2 
 .text._sbrk    0x0000000008041dc0       0x6c ./Core/Src/sysmem.o
                0x0000000008041dc0                _sbrk
 .text.SystemInit
                0x0000000008041e2c       0x2c ./Core/Src/system_stm32f4xx.o
                0x0000000008041e2c                SystemInit
 .text.Reset_Handler
                0x0000000008041e58       0x50 ./Core/Startup/startup_stm32f429zitx.o
                0x0000000008041e58                Reset_Handler
 .text.Default_Handler
                0x0000000008041ea8        0x2 ./Core/Startup/startup_stm32f429zitx.o
                0x0000000008041ea8                RTC_Alarm_IRQHandler
                0x0000000008041ea8                HASH_RNG_IRQHandler
                0x0000000008041ea8                EXTI2_IRQHandler
                0x0000000008041ea8                TIM8_CC_IRQHandler
                0x0000000008041ea8                UART8_IRQHandler
                0x0000000008041ea8                SPI4_IRQHandler
                0x0000000008041ea8                TIM1_CC_IRQHandler
                0x0000000008041ea8                DMA2_Stream5_IRQHandler
                0x0000000008041ea8                DMA1_Stream5_IRQHandler
                0x0000000008041ea8                PVD_IRQHandler
                0x0000000008041ea8                SDIO_IRQHandler
                0x0000000008041ea8                TAMP_STAMP_IRQHandler
                0x0000000008041ea8                CAN2_RX1_IRQHandler
                0x0000000008041ea8                EXTI3_IRQHandler
                0x0000000008041ea8                TIM8_TRG_COM_TIM14_IRQHandler
                0x0000000008041ea8                TIM1_UP_TIM10_IRQHandler
                0x0000000008041ea8                TIM8_UP_TIM13_IRQHandler
                0x0000000008041ea8                I2C3_ER_IRQHandler
                0x0000000008041ea8                I2C2_EV_IRQHandler
                0x0000000008041ea8                DMA1_Stream2_IRQHandler
                0x0000000008041ea8                CAN1_RX0_IRQHandler
                0x0000000008041ea8                FPU_IRQHandler
                0x0000000008041ea8                OTG_HS_WKUP_IRQHandler
                0x0000000008041ea8                LTDC_ER_IRQHandler
                0x0000000008041ea8                CAN2_SCE_IRQHandler
                0x0000000008041ea8                DMA2_Stream2_IRQHandler
                0x0000000008041ea8                SPI1_IRQHandler
                0x0000000008041ea8                TIM1_BRK_TIM9_IRQHandler
                0x0000000008041ea8                DCMI_IRQHandler
                0x0000000008041ea8                CAN2_RX0_IRQHandler
                0x0000000008041ea8                DMA2_Stream3_IRQHandler
                0x0000000008041ea8                USART6_IRQHandler
                0x0000000008041ea8                USART3_IRQHandler
                0x0000000008041ea8                CAN1_RX1_IRQHandler
                0x0000000008041ea8                UART5_IRQHandler
                0x0000000008041ea8                DMA2_Stream0_IRQHandler
                0x0000000008041ea8                TIM4_IRQHandler
                0x0000000008041ea8                I2C1_EV_IRQHandler
                0x0000000008041ea8                DMA1_Stream6_IRQHandler
                0x0000000008041ea8                DMA1_Stream1_IRQHandler
                0x0000000008041ea8                UART4_IRQHandler
                0x0000000008041ea8                TIM3_IRQHandler
                0x0000000008041ea8                RCC_IRQHandler
                0x0000000008041ea8                TIM8_BRK_TIM12_IRQHandler
                0x0000000008041ea8                Default_Handler
                0x0000000008041ea8                EXTI15_10_IRQHandler
                0x0000000008041ea8                ADC_IRQHandler
                0x0000000008041ea8                DMA1_Stream7_IRQHandler
                0x0000000008041ea8                SPI5_IRQHandler
                0x0000000008041ea8                TIM7_IRQHandler
                0x0000000008041ea8                CAN2_TX_IRQHandler
                0x0000000008041ea8                TIM5_IRQHandler
                0x0000000008041ea8                DMA2_Stream7_IRQHandler
                0x0000000008041ea8                I2C3_EV_IRQHandler
                0x0000000008041ea8                EXTI9_5_IRQHandler
                0x0000000008041ea8                RTC_WKUP_IRQHandler
                0x0000000008041ea8                ETH_WKUP_IRQHandler
                0x0000000008041ea8                SPI2_IRQHandler
                0x0000000008041ea8                OTG_HS_EP1_IN_IRQHandler
                0x0000000008041ea8                DMA1_Stream0_IRQHandler
                0x0000000008041ea8                CAN1_TX_IRQHandler
                0x0000000008041ea8                EXTI4_IRQHandler
                0x0000000008041ea8                ETH_IRQHandler
                0x0000000008041ea8                OTG_HS_EP1_OUT_IRQHandler
                0x0000000008041ea8                WWDG_IRQHandler
                0x0000000008041ea8                SPI6_IRQHandler
                0x0000000008041ea8                TIM2_IRQHandler
                0x0000000008041ea8                OTG_FS_WKUP_IRQHandler
                0x0000000008041ea8                TIM1_TRG_COM_TIM11_IRQHandler
                0x0000000008041ea8                EXTI1_IRQHandler
                0x0000000008041ea8                UART7_IRQHandler
                0x0000000008041ea8                USART2_IRQHandler
                0x0000000008041ea8                I2C2_ER_IRQHandler
                0x0000000008041ea8                DMA2_Stream1_IRQHandler
                0x0000000008041ea8                CAN1_SCE_IRQHandler
                0x0000000008041ea8                FLASH_IRQHandler
                0x0000000008041ea8                DMA2_Stream4_IRQHandler
                0x0000000008041ea8                USART1_IRQHandler
                0x0000000008041ea8                OTG_FS_IRQHandler
                0x0000000008041ea8                SPI3_IRQHandler
                0x0000000008041ea8                DMA1_Stream4_IRQHandler
                0x0000000008041ea8                I2C1_ER_IRQHandler
                0x0000000008041ea8                FMC_IRQHandler
                0x0000000008041ea8                DMA2_Stream6_IRQHandler
                0x0000000008041ea8                SAI1_IRQHandler
                0x0000000008041ea8                DMA1_Stream3_IRQHandler
 .text.ili9341_Init
                0x0000000008041eaa      0x294 ./Drivers/BSP/Components/ili9341/ili9341.o
                0x0000000008041eaa                ili9341_Init
 .text.ili9341_ReadID
                0x000000000804213e       0x18 ./Drivers/BSP/Components/ili9341/ili9341.o
                0x000000000804213e                ili9341_ReadID
 .text.ili9341_DisplayOn
                0x0000000008042156        0xe ./Drivers/BSP/Components/ili9341/ili9341.o
                0x0000000008042156                ili9341_DisplayOn
 .text.ili9341_DisplayOff
                0x0000000008042164        0xe ./Drivers/BSP/Components/ili9341/ili9341.o
                0x0000000008042164                ili9341_DisplayOff
 .text.ili9341_WriteReg
                0x0000000008042172       0x1a ./Drivers/BSP/Components/ili9341/ili9341.o
                0x0000000008042172                ili9341_WriteReg
 .text.ili9341_WriteData
                0x000000000804218c       0x1a ./Drivers/BSP/Components/ili9341/ili9341.o
                0x000000000804218c                ili9341_WriteData
 .text.ili9341_ReadData
                0x00000000080421a6       0x26 ./Drivers/BSP/Components/ili9341/ili9341.o
                0x00000000080421a6                ili9341_ReadData
 .text.ili9341_GetLcdPixelWidth
                0x00000000080421cc       0x10 ./Drivers/BSP/Components/ili9341/ili9341.o
                0x00000000080421cc                ili9341_GetLcdPixelWidth
 .text.ili9341_GetLcdPixelHeight
                0x00000000080421dc       0x12 ./Drivers/BSP/Components/ili9341/ili9341.o
                0x00000000080421dc                ili9341_GetLcdPixelHeight
 *fill*         0x00000000080421ee        0x2 
 .text.SPIx_Init
                0x00000000080421f0       0x74 ./Drivers/BSP/STM32F429I-Discovery/stm32f429i_discovery.o
 .text.SPIx_Read
                0x0000000008042264       0x40 ./Drivers/BSP/STM32F429I-Discovery/stm32f429i_discovery.o
 .text.SPIx_Write
                0x00000000080422a4       0x3c ./Drivers/BSP/STM32F429I-Discovery/stm32f429i_discovery.o
 .text.SPIx_Error
                0x00000000080422e0       0x18 ./Drivers/BSP/STM32F429I-Discovery/stm32f429i_discovery.o
 .text.SPIx_MspInit
                0x00000000080422f8       0x74 ./Drivers/BSP/STM32F429I-Discovery/stm32f429i_discovery.o
 .text.LCD_IO_Init
                0x000000000804236c       0xf0 ./Drivers/BSP/STM32F429I-Discovery/stm32f429i_discovery.o
                0x000000000804236c                LCD_IO_Init
 .text.LCD_IO_WriteData
                0x000000000804245c       0x44 ./Drivers/BSP/STM32F429I-Discovery/stm32f429i_discovery.o
                0x000000000804245c                LCD_IO_WriteData
 .text.LCD_IO_WriteReg
                0x00000000080424a0       0x44 ./Drivers/BSP/STM32F429I-Discovery/stm32f429i_discovery.o
                0x00000000080424a0                LCD_IO_WriteReg
 .text.LCD_IO_ReadData
                0x00000000080424e4       0x64 ./Drivers/BSP/STM32F429I-Discovery/stm32f429i_discovery.o
                0x00000000080424e4                LCD_IO_ReadData
 .text.LCD_Delay
                0x0000000008042548       0x16 ./Drivers/BSP/STM32F429I-Discovery/stm32f429i_discovery.o
                0x0000000008042548                LCD_Delay
 *fill*         0x000000000804255e        0x2 
 .text.BSP_LCD_Init
                0x0000000008042560       0xd4 ./Drivers/BSP/STM32F429I-Discovery/stm32f429i_discovery_lcd.o
                0x0000000008042560                BSP_LCD_Init
 .text.BSP_LCD_GetXSize
                0x0000000008042634       0x18 ./Drivers/BSP/STM32F429I-Discovery/stm32f429i_discovery_lcd.o
                0x0000000008042634                BSP_LCD_GetXSize
 .text.BSP_LCD_GetYSize
                0x000000000804264c       0x18 ./Drivers/BSP/STM32F429I-Discovery/stm32f429i_discovery_lcd.o
                0x000000000804264c                BSP_LCD_GetYSize
 .text.BSP_LCD_LayerDefaultInit
                0x0000000008042664       0xc8 ./Drivers/BSP/STM32F429I-Discovery/stm32f429i_discovery_lcd.o
                0x0000000008042664                BSP_LCD_LayerDefaultInit
 .text.BSP_LCD_SelectLayer
                0x000000000804272c       0x20 ./Drivers/BSP/STM32F429I-Discovery/stm32f429i_discovery_lcd.o
                0x000000000804272c                BSP_LCD_SelectLayer
 .text.BSP_LCD_SetLayerVisible
                0x000000000804274c       0x7c ./Drivers/BSP/STM32F429I-Discovery/stm32f429i_discovery_lcd.o
                0x000000000804274c                BSP_LCD_SetLayerVisible
 .text.BSP_LCD_SetColorKeying
                0x00000000080427c8       0x28 ./Drivers/BSP/STM32F429I-Discovery/stm32f429i_discovery_lcd.o
                0x00000000080427c8                BSP_LCD_SetColorKeying
 .text.BSP_LCD_SetTextColor
                0x00000000080427f0       0x30 ./Drivers/BSP/STM32F429I-Discovery/stm32f429i_discovery_lcd.o
                0x00000000080427f0                BSP_LCD_SetTextColor
 .text.BSP_LCD_SetBackColor
                0x0000000008042820       0x34 ./Drivers/BSP/STM32F429I-Discovery/stm32f429i_discovery_lcd.o
                0x0000000008042820                BSP_LCD_SetBackColor
 .text.BSP_LCD_SetFont
                0x0000000008042854       0x34 ./Drivers/BSP/STM32F429I-Discovery/stm32f429i_discovery_lcd.o
                0x0000000008042854                BSP_LCD_SetFont
 .text.BSP_LCD_Clear
                0x0000000008042888       0x50 ./Drivers/BSP/STM32F429I-Discovery/stm32f429i_discovery_lcd.o
                0x0000000008042888                BSP_LCD_Clear
 .text.BSP_LCD_DisplayChar
                0x00000000080428d8       0x88 ./Drivers/BSP/STM32F429I-Discovery/stm32f429i_discovery_lcd.o
                0x00000000080428d8                BSP_LCD_DisplayChar
 .text.BSP_LCD_DisplayStringAt
                0x0000000008042960      0x17c ./Drivers/BSP/STM32F429I-Discovery/stm32f429i_discovery_lcd.o
                0x0000000008042960                BSP_LCD_DisplayStringAt
 .text.BSP_LCD_DisplayOn
                0x0000000008042adc       0x20 ./Drivers/BSP/STM32F429I-Discovery/stm32f429i_discovery_lcd.o
                0x0000000008042adc                BSP_LCD_DisplayOn
 .text.BSP_LCD_MspInit
                0x0000000008042afc      0x1ac ./Drivers/BSP/STM32F429I-Discovery/stm32f429i_discovery_lcd.o
                0x0000000008042afc                BSP_LCD_MspInit
 .text.BSP_LCD_DrawPixel
                0x0000000008042ca8       0x4c ./Drivers/BSP/STM32F429I-Discovery/stm32f429i_discovery_lcd.o
                0x0000000008042ca8                BSP_LCD_DrawPixel
 .text.DrawChar
                0x0000000008042cf4      0x174 ./Drivers/BSP/STM32F429I-Discovery/stm32f429i_discovery_lcd.o
 .text.FillBuffer
                0x0000000008042e68       0x70 ./Drivers/BSP/STM32F429I-Discovery/stm32f429i_discovery_lcd.o
 .text.BSP_SDRAM_Init
                0x0000000008042ed8       0xbc ./Drivers/BSP/STM32F429I-Discovery/stm32f429i_discovery_sdram.o
                0x0000000008042ed8                BSP_SDRAM_Init
 .text.BSP_SDRAM_Initialization_sequence
                0x0000000008042f94       0xc0 ./Drivers/BSP/STM32F429I-Discovery/stm32f429i_discovery_sdram.o
                0x0000000008042f94                BSP_SDRAM_Initialization_sequence
 .text.BSP_SDRAM_MspInit
                0x0000000008043054      0x218 ./Drivers/BSP/STM32F429I-Discovery/stm32f429i_discovery_sdram.o
                0x0000000008043054                BSP_SDRAM_MspInit
 .text.HAL_Init
                0x000000000804326c       0x44 ./Drivers/STM32F4xx_HAL_Driver/Src/stm32f4xx_hal.o
                0x000000000804326c                HAL_Init
 .text.HAL_IncTick
                0x00000000080432b0       0x28 ./Drivers/STM32F4xx_HAL_Driver/Src/stm32f4xx_hal.o
                0x00000000080432b0                HAL_IncTick
 .text.HAL_GetTick
                0x00000000080432d8       0x18 ./Drivers/STM32F4xx_HAL_Driver/Src/stm32f4xx_hal.o
                0x00000000080432d8                HAL_GetTick
 .text.HAL_Delay
                0x00000000080432f0       0x48 ./Drivers/STM32F4xx_HAL_Driver/Src/stm32f4xx_hal.o
                0x00000000080432f0                HAL_Delay
 .text.__NVIC_SetPriorityGrouping
                0x0000000008043338       0x48 ./Drivers/STM32F4xx_HAL_Driver/Src/stm32f4xx_hal_cortex.o
 .text.__NVIC_GetPriorityGrouping
                0x0000000008043380       0x1c ./Drivers/STM32F4xx_HAL_Driver/Src/stm32f4xx_hal_cortex.o
 .text.__NVIC_EnableIRQ
                0x000000000804339c       0x3c ./Drivers/STM32F4xx_HAL_Driver/Src/stm32f4xx_hal_cortex.o
 .text.__NVIC_SetPriority
                0x00000000080433d8       0x54 ./Drivers/STM32F4xx_HAL_Driver/Src/stm32f4xx_hal_cortex.o
 .text.NVIC_EncodePriority
                0x000000000804342c       0x66 ./Drivers/STM32F4xx_HAL_Driver/Src/stm32f4xx_hal_cortex.o
 .text.HAL_NVIC_SetPriorityGrouping
                0x0000000008043492       0x16 ./Drivers/STM32F4xx_HAL_Driver/Src/stm32f4xx_hal_cortex.o
                0x0000000008043492                HAL_NVIC_SetPriorityGrouping
 .text.HAL_NVIC_SetPriority
                0x00000000080434a8       0x38 ./Drivers/STM32F4xx_HAL_Driver/Src/stm32f4xx_hal_cortex.o
                0x00000000080434a8                HAL_NVIC_SetPriority
 .text.HAL_NVIC_EnableIRQ
                0x00000000080434e0       0x1c ./Drivers/STM32F4xx_HAL_Driver/Src/stm32f4xx_hal_cortex.o
                0x00000000080434e0                HAL_NVIC_EnableIRQ
 .text.HAL_CRC_Init
                0x00000000080434fc       0x38 ./Drivers/STM32F4xx_HAL_Driver/Src/stm32f4xx_hal_crc.o
                0x00000000080434fc                HAL_CRC_Init
 .text.HAL_DMA_Init
                0x0000000008043534      0x15c ./Drivers/STM32F4xx_HAL_Driver/Src/stm32f4xx_hal_dma.o
                0x0000000008043534                HAL_DMA_Init
 .text.HAL_DMA_DeInit
                0x0000000008043690       0xbc ./Drivers/STM32F4xx_HAL_Driver/Src/stm32f4xx_hal_dma.o
                0x0000000008043690                HAL_DMA_DeInit
 .text.DMA_CalcBaseAndBitshift
                0x000000000804374c       0x6c ./Drivers/STM32F4xx_HAL_Driver/Src/stm32f4xx_hal_dma.o
 .text.DMA_CheckFifoParam
                0x00000000080437b8       0xf8 ./Drivers/STM32F4xx_HAL_Driver/Src/stm32f4xx_hal_dma.o
 .text.HAL_DMA2D_Init
                0x00000000080438b0       0x92 ./Drivers/STM32F4xx_HAL_Driver/Src/stm32f4xx_hal_dma2d.o
                0x00000000080438b0                HAL_DMA2D_Init
 .text.HAL_DMA2D_Start
                0x0000000008043942       0x56 ./Drivers/STM32F4xx_HAL_Driver/Src/stm32f4xx_hal_dma2d.o
                0x0000000008043942                HAL_DMA2D_Start
 .text.HAL_DMA2D_PollForTransfer
                0x0000000008043998      0x1d2 ./Drivers/STM32F4xx_HAL_Driver/Src/stm32f4xx_hal_dma2d.o
                0x0000000008043998                HAL_DMA2D_PollForTransfer
 .text.HAL_DMA2D_IRQHandler
                0x0000000008043b6a      0x1f8 ./Drivers/STM32F4xx_HAL_Driver/Src/stm32f4xx_hal_dma2d.o
                0x0000000008043b6a                HAL_DMA2D_IRQHandler
 .text.HAL_DMA2D_LineEventCallback
                0x0000000008043d62       0x14 ./Drivers/STM32F4xx_HAL_Driver/Src/stm32f4xx_hal_dma2d.o
                0x0000000008043d62                HAL_DMA2D_LineEventCallback
 .text.HAL_DMA2D_CLUTLoadingCpltCallback
                0x0000000008043d76       0x14 ./Drivers/STM32F4xx_HAL_Driver/Src/stm32f4xx_hal_dma2d.o
                0x0000000008043d76                HAL_DMA2D_CLUTLoadingCpltCallback
 *fill*         0x0000000008043d8a        0x2 
 .text.HAL_DMA2D_ConfigLayer
                0x0000000008043d8c      0x124 ./Drivers/STM32F4xx_HAL_Driver/Src/stm32f4xx_hal_dma2d.o
                0x0000000008043d8c                HAL_DMA2D_ConfigLayer
 .text.DMA2D_SetConfig
                0x0000000008043eb0      0x138 ./Drivers/STM32F4xx_HAL_Driver/Src/stm32f4xx_hal_dma2d.o
 .text.HAL_GPIO_Init
                0x0000000008043fe8      0x358 ./Drivers/STM32F4xx_HAL_Driver/Src/stm32f4xx_hal_gpio.o
                0x0000000008043fe8                HAL_GPIO_Init
 .text.HAL_GPIO_DeInit
                0x0000000008044340      0x218 ./Drivers/STM32F4xx_HAL_Driver/Src/stm32f4xx_hal_gpio.o
                0x0000000008044340                HAL_GPIO_DeInit
 .text.HAL_GPIO_WritePin
                0x0000000008044558       0x32 ./Drivers/STM32F4xx_HAL_Driver/Src/stm32f4xx_hal_gpio.o
                0x0000000008044558                HAL_GPIO_WritePin
 *fill*         0x000000000804458a        0x2 
 .text.HAL_GPIO_EXTI_IRQHandler
                0x000000000804458c       0x30 ./Drivers/STM32F4xx_HAL_Driver/Src/stm32f4xx_hal_gpio.o
                0x000000000804458c                HAL_GPIO_EXTI_IRQHandler
 .text.HAL_HCD_Init
                0x00000000080445bc       0xc4 ./Drivers/STM32F4xx_HAL_Driver/Src/stm32f4xx_hal_hcd.o
                0x00000000080445bc                HAL_HCD_Init
 .text.HAL_HCD_HC_Init
                0x0000000008044680      0x11e ./Drivers/STM32F4xx_HAL_Driver/Src/stm32f4xx_hal_hcd.o
                0x0000000008044680                HAL_HCD_HC_Init
 .text.HAL_HCD_HC_Halt
                0x000000000804479e       0x46 ./Drivers/STM32F4xx_HAL_Driver/Src/stm32f4xx_hal_hcd.o
                0x000000000804479e                HAL_HCD_HC_Halt
 .text.HAL_HCD_HC_SubmitRequest
                0x00000000080447e4      0x2ac ./Drivers/STM32F4xx_HAL_Driver/Src/stm32f4xx_hal_hcd.o
                0x00000000080447e4                HAL_HCD_HC_SubmitRequest
 .text.HAL_HCD_IRQHandler
                0x0000000008044a90      0x216 ./Drivers/STM32F4xx_HAL_Driver/Src/stm32f4xx_hal_hcd.o
                0x0000000008044a90                HAL_HCD_IRQHandler
 .text.HAL_HCD_Start
                0x0000000008044ca6       0x46 ./Drivers/STM32F4xx_HAL_Driver/Src/stm32f4xx_hal_hcd.o
                0x0000000008044ca6                HAL_HCD_Start
 .text.HAL_HCD_Stop
                0x0000000008044cec       0x3a ./Drivers/STM32F4xx_HAL_Driver/Src/stm32f4xx_hal_hcd.o
                0x0000000008044cec                HAL_HCD_Stop
 .text.HAL_HCD_ResetPort
                0x0000000008044d26       0x1c ./Drivers/STM32F4xx_HAL_Driver/Src/stm32f4xx_hal_hcd.o
                0x0000000008044d26                HAL_HCD_ResetPort
 .text.HAL_HCD_HC_GetURBState
                0x0000000008044d42       0x28 ./Drivers/STM32F4xx_HAL_Driver/Src/stm32f4xx_hal_hcd.o
                0x0000000008044d42                HAL_HCD_HC_GetURBState
 .text.HAL_HCD_HC_GetXferCount
                0x0000000008044d6a       0x28 ./Drivers/STM32F4xx_HAL_Driver/Src/stm32f4xx_hal_hcd.o
                0x0000000008044d6a                HAL_HCD_HC_GetXferCount
 .text.HAL_HCD_GetCurrentFrame
                0x0000000008044d92       0x1c ./Drivers/STM32F4xx_HAL_Driver/Src/stm32f4xx_hal_hcd.o
                0x0000000008044d92                HAL_HCD_GetCurrentFrame
 .text.HAL_HCD_GetCurrentSpeed
                0x0000000008044dae       0x1c ./Drivers/STM32F4xx_HAL_Driver/Src/stm32f4xx_hal_hcd.o
                0x0000000008044dae                HAL_HCD_GetCurrentSpeed
 .text.HCD_HC_IN_IRQHandler
                0x0000000008044dca      0x6aa ./Drivers/STM32F4xx_HAL_Driver/Src/stm32f4xx_hal_hcd.o
 .text.HCD_HC_OUT_IRQHandler
                0x0000000008045474      0x6d2 ./Drivers/STM32F4xx_HAL_Driver/Src/stm32f4xx_hal_hcd.o
 .text.HCD_RXQLVL_IRQHandler
                0x0000000008045b46      0x1a4 ./Drivers/STM32F4xx_HAL_Driver/Src/stm32f4xx_hal_hcd.o
 .text.HCD_Port_IRQHandler
                0x0000000008045cea       0xe6 ./Drivers/STM32F4xx_HAL_Driver/Src/stm32f4xx_hal_hcd.o
 .text.HAL_I2C_Init
                0x0000000008045dd0      0x288 ./Drivers/STM32F4xx_HAL_Driver/Src/stm32f4xx_hal_i2c.o
                0x0000000008045dd0                HAL_I2C_Init
 .text.HAL_I2CEx_ConfigAnalogFilter
                0x0000000008046058       0x78 ./Drivers/STM32F4xx_HAL_Driver/Src/stm32f4xx_hal_i2c_ex.o
                0x0000000008046058                HAL_I2CEx_ConfigAnalogFilter
 .text.HAL_I2CEx_ConfigDigitalFilter
                0x00000000080460d0       0x7e ./Drivers/STM32F4xx_HAL_Driver/Src/stm32f4xx_hal_i2c_ex.o
                0x00000000080460d0                HAL_I2CEx_ConfigDigitalFilter
 *fill*         0x000000000804614e        0x2 
 .text.HAL_LTDC_Init
                0x0000000008046150      0x1a0 ./Drivers/STM32F4xx_HAL_Driver/Src/stm32f4xx_hal_ltdc.o
                0x0000000008046150                HAL_LTDC_Init
 .text.HAL_LTDC_IRQHandler
                0x00000000080462f0      0x148 ./Drivers/STM32F4xx_HAL_Driver/Src/stm32f4xx_hal_ltdc.o
                0x00000000080462f0                HAL_LTDC_IRQHandler
 .text.HAL_LTDC_ErrorCallback
                0x0000000008046438       0x14 ./Drivers/STM32F4xx_HAL_Driver/Src/stm32f4xx_hal_ltdc.o
                0x0000000008046438                HAL_LTDC_ErrorCallback
 .text.HAL_LTDC_LineEventCallback
                0x000000000804644c       0x14 ./Drivers/STM32F4xx_HAL_Driver/Src/stm32f4xx_hal_ltdc.o
                0x000000000804644c                HAL_LTDC_LineEventCallback
 .text.HAL_LTDC_ReloadEventCallback
                0x0000000008046460       0x14 ./Drivers/STM32F4xx_HAL_Driver/Src/stm32f4xx_hal_ltdc.o
                0x0000000008046460                HAL_LTDC_ReloadEventCallback
 .text.HAL_LTDC_ConfigLayer
                0x0000000008046474       0x7c ./Drivers/STM32F4xx_HAL_Driver/Src/stm32f4xx_hal_ltdc.o
                0x0000000008046474                HAL_LTDC_ConfigLayer
 .text.HAL_LTDC_ConfigColorKeying
                0x00000000080464f0       0x88 ./Drivers/STM32F4xx_HAL_Driver/Src/stm32f4xx_hal_ltdc.o
                0x00000000080464f0                HAL_LTDC_ConfigColorKeying
 .text.HAL_LTDC_EnableColorKeying
                0x0000000008046578       0x72 ./Drivers/STM32F4xx_HAL_Driver/Src/stm32f4xx_hal_ltdc.o
                0x0000000008046578                HAL_LTDC_EnableColorKeying
 *fill*         0x00000000080465ea        0x2 
 .text.HAL_LTDC_EnableDither
                0x00000000080465ec       0x54 ./Drivers/STM32F4xx_HAL_Driver/Src/stm32f4xx_hal_ltdc.o
                0x00000000080465ec                HAL_LTDC_EnableDither
 .text.LTDC_SetConfig
                0x0000000008046640      0x32e ./Drivers/STM32F4xx_HAL_Driver/Src/stm32f4xx_hal_ltdc.o
 *fill*         0x000000000804696e        0x2 
 .text.HAL_RCC_OscConfig
                0x0000000008046970      0x4f0 ./Drivers/STM32F4xx_HAL_Driver/Src/stm32f4xx_hal_rcc.o
                0x0000000008046970                HAL_RCC_OscConfig
 .text.HAL_RCC_ClockConfig
                0x0000000008046e60      0x1cc ./Drivers/STM32F4xx_HAL_Driver/Src/stm32f4xx_hal_rcc.o
                0x0000000008046e60                HAL_RCC_ClockConfig
 .text.HAL_RCC_GetSysClockFreq
                0x000000000804702c      0x20c ./Drivers/STM32F4xx_HAL_Driver/Src/stm32f4xx_hal_rcc.o
                0x000000000804702c                HAL_RCC_GetSysClockFreq
 .text.HAL_RCC_GetHCLKFreq
                0x0000000008047238       0x18 ./Drivers/STM32F4xx_HAL_Driver/Src/stm32f4xx_hal_rcc.o
                0x0000000008047238                HAL_RCC_GetHCLKFreq
 .text.HAL_RCC_GetPCLK1Freq
                0x0000000008047250       0x28 ./Drivers/STM32F4xx_HAL_Driver/Src/stm32f4xx_hal_rcc.o
                0x0000000008047250                HAL_RCC_GetPCLK1Freq
 .text.HAL_RCC_GetPCLK2Freq
                0x0000000008047278       0x28 ./Drivers/STM32F4xx_HAL_Driver/Src/stm32f4xx_hal_rcc.o
                0x0000000008047278                HAL_RCC_GetPCLK2Freq
 .text.HAL_RCC_GetClockConfig
                0x00000000080472a0       0x64 ./Drivers/STM32F4xx_HAL_Driver/Src/stm32f4xx_hal_rcc.o
                0x00000000080472a0                HAL_RCC_GetClockConfig
 .text.HAL_RCCEx_PeriphCLKConfig
                0x0000000008047304      0x380 ./Drivers/STM32F4xx_HAL_Driver/Src/stm32f4xx_hal_rcc_ex.o
                0x0000000008047304                HAL_RCCEx_PeriphCLKConfig
 .text.HAL_SDRAM_Init
                0x0000000008047684       0x68 ./Drivers/STM32F4xx_HAL_Driver/Src/stm32f4xx_hal_sdram.o
                0x0000000008047684                HAL_SDRAM_Init
 .text.HAL_SDRAM_SendCommand
                0x00000000080476ec       0x6a ./Drivers/STM32F4xx_HAL_Driver/Src/stm32f4xx_hal_sdram.o
                0x00000000080476ec                HAL_SDRAM_SendCommand
 .text.HAL_SDRAM_ProgramRefreshRate
                0x0000000008047756       0x50 ./Drivers/STM32F4xx_HAL_Driver/Src/stm32f4xx_hal_sdram.o
                0x0000000008047756                HAL_SDRAM_ProgramRefreshRate
 .text.HAL_SPI_Init
                0x00000000080477a6      0x112 ./Drivers/STM32F4xx_HAL_Driver/Src/stm32f4xx_hal_spi.o
                0x00000000080477a6                HAL_SPI_Init
 .text.HAL_SPI_DeInit
                0x00000000080478b8       0x50 ./Drivers/STM32F4xx_HAL_Driver/Src/stm32f4xx_hal_spi.o
                0x00000000080478b8                HAL_SPI_DeInit
 .text.HAL_SPI_Transmit
                0x0000000008047908      0x278 ./Drivers/STM32F4xx_HAL_Driver/Src/stm32f4xx_hal_spi.o
                0x0000000008047908                HAL_SPI_Transmit
 .text.HAL_SPI_Receive
                0x0000000008047b80      0x222 ./Drivers/STM32F4xx_HAL_Driver/Src/stm32f4xx_hal_spi.o
                0x0000000008047b80                HAL_SPI_Receive
 .text.HAL_SPI_TransmitReceive
                0x0000000008047da2      0x344 ./Drivers/STM32F4xx_HAL_Driver/Src/stm32f4xx_hal_spi.o
                0x0000000008047da2                HAL_SPI_TransmitReceive
 .text.HAL_SPI_GetState
                0x00000000080480e6       0x1c ./Drivers/STM32F4xx_HAL_Driver/Src/stm32f4xx_hal_spi.o
                0x00000000080480e6                HAL_SPI_GetState
 *fill*         0x0000000008048102        0x2 
 .text.SPI_WaitFlagStateUntilTimeout
                0x0000000008048104      0x110 ./Drivers/STM32F4xx_HAL_Driver/Src/stm32f4xx_hal_spi.o
 .text.SPI_EndRxTransaction
                0x0000000008048214       0xca ./Drivers/STM32F4xx_HAL_Driver/Src/stm32f4xx_hal_spi.o
 *fill*         0x00000000080482de        0x2 
 .text.SPI_EndRxTxTransaction
                0x00000000080482e0       0x84 ./Drivers/STM32F4xx_HAL_Driver/Src/stm32f4xx_hal_spi.o
 .text.HAL_TIM_Base_Init
                0x0000000008048364       0x9e ./Drivers/STM32F4xx_HAL_Driver/Src/stm32f4xx_hal_tim.o
                0x0000000008048364                HAL_TIM_Base_Init
 *fill*         0x0000000008048402        0x2 
 .text.HAL_TIM_Base_Start_IT
                0x0000000008048404       0xe0 ./Drivers/STM32F4xx_HAL_Driver/Src/stm32f4xx_hal_tim.o
                0x0000000008048404                HAL_TIM_Base_Start_IT
 .text.HAL_TIM_IRQHandler
                0x00000000080484e4      0x210 ./Drivers/STM32F4xx_HAL_Driver/Src/stm32f4xx_hal_tim.o
                0x00000000080484e4                HAL_TIM_IRQHandler
 .text.HAL_TIM_ConfigClockSource
                0x00000000080486f4      0x18e ./Drivers/STM32F4xx_HAL_Driver/Src/stm32f4xx_hal_tim.o
                0x00000000080486f4                HAL_TIM_ConfigClockSource
 .text.HAL_TIM_OC_DelayElapsedCallback
                0x0000000008048882       0x14 ./Drivers/STM32F4xx_HAL_Driver/Src/stm32f4xx_hal_tim.o
                0x0000000008048882                HAL_TIM_OC_DelayElapsedCallback
 .text.HAL_TIM_IC_CaptureCallback
                0x0000000008048896       0x14 ./Drivers/STM32F4xx_HAL_Driver/Src/stm32f4xx_hal_tim.o
                0x0000000008048896                HAL_TIM_IC_CaptureCallback
 .text.HAL_TIM_PWM_PulseFinishedCallback
                0x00000000080488aa       0x14 ./Drivers/STM32F4xx_HAL_Driver/Src/stm32f4xx_hal_tim.o
                0x00000000080488aa                HAL_TIM_PWM_PulseFinishedCallback
 .text.HAL_TIM_TriggerCallback
                0x00000000080488be       0x14 ./Drivers/STM32F4xx_HAL_Driver/Src/stm32f4xx_hal_tim.o
                0x00000000080488be                HAL_TIM_TriggerCallback
 *fill*         0x00000000080488d2        0x2 
 .text.TIM_Base_SetConfig
                0x00000000080488d4      0x140 ./Drivers/STM32F4xx_HAL_Driver/Src/stm32f4xx_hal_tim.o
                0x00000000080488d4                TIM_Base_SetConfig
 .text.TIM_TI1_ConfigInputStage
                0x0000000008048a14       0x5e ./Drivers/STM32F4xx_HAL_Driver/Src/stm32f4xx_hal_tim.o
 .text.TIM_TI2_ConfigInputStage
                0x0000000008048a72       0x60 ./Drivers/STM32F4xx_HAL_Driver/Src/stm32f4xx_hal_tim.o
 .text.TIM_ITRx_SetConfig
                0x0000000008048ad2       0x36 ./Drivers/STM32F4xx_HAL_Driver/Src/stm32f4xx_hal_tim.o
 .text.TIM_ETR_SetConfig
                0x0000000008048b08       0x40 ./Drivers/STM32F4xx_HAL_Driver/Src/stm32f4xx_hal_tim.o
                0x0000000008048b08                TIM_ETR_SetConfig
 .text.HAL_TIMEx_MasterConfigSynchronization
                0x0000000008048b48       0xf8 ./Drivers/STM32F4xx_HAL_Driver/Src/stm32f4xx_hal_tim_ex.o
                0x0000000008048b48                HAL_TIMEx_MasterConfigSynchronization
 .text.HAL_TIMEx_CommutCallback
                0x0000000008048c40       0x14 ./Drivers/STM32F4xx_HAL_Driver/Src/stm32f4xx_hal_tim_ex.o
                0x0000000008048c40                HAL_TIMEx_CommutCallback
 .text.HAL_TIMEx_BreakCallback
                0x0000000008048c54       0x14 ./Drivers/STM32F4xx_HAL_Driver/Src/stm32f4xx_hal_tim_ex.o
                0x0000000008048c54                HAL_TIMEx_BreakCallback
 .text.HAL_UART_Init
                0x0000000008048c68       0x9a ./Drivers/STM32F4xx_HAL_Driver/Src/stm32f4xx_hal_uart.o
                0x0000000008048c68                HAL_UART_Init
 .text.HAL_UART_Transmit
                0x0000000008048d02      0x124 ./Drivers/STM32F4xx_HAL_Driver/Src/stm32f4xx_hal_uart.o
                0x0000000008048d02                HAL_UART_Transmit
 .text.HAL_UART_Receive
                0x0000000008048e26      0x144 ./Drivers/STM32F4xx_HAL_Driver/Src/stm32f4xx_hal_uart.o
                0x0000000008048e26                HAL_UART_Receive
 .text.UART_WaitOnFlagUntilTimeout
                0x0000000008048f6a       0xdc ./Drivers/STM32F4xx_HAL_Driver/Src/stm32f4xx_hal_uart.o
 *fill*         0x0000000008049046        0x2 
 .text.UART_SetConfig
                0x0000000008049048      0x4e8 ./Drivers/STM32F4xx_HAL_Driver/Src/stm32f4xx_hal_uart.o
 .text.FMC_SDRAM_Init
                0x0000000008049530       0xba ./Drivers/STM32F4xx_HAL_Driver/Src/stm32f4xx_ll_fmc.o
                0x0000000008049530                FMC_SDRAM_Init
 .text.FMC_SDRAM_Timing_Init
                0x00000000080495ea       0xd2 ./Drivers/STM32F4xx_HAL_Driver/Src/stm32f4xx_ll_fmc.o
                0x00000000080495ea                FMC_SDRAM_Timing_Init
 .text.FMC_SDRAM_SendCommand
                0x00000000080496bc       0x7a ./Drivers/STM32F4xx_HAL_Driver/Src/stm32f4xx_ll_fmc.o
                0x00000000080496bc                FMC_SDRAM_SendCommand
 .text.FMC_SDRAM_ProgramRefreshRate
                0x0000000008049736       0x2e ./Drivers/STM32F4xx_HAL_Driver/Src/stm32f4xx_ll_fmc.o
                0x0000000008049736                FMC_SDRAM_ProgramRefreshRate
 .text.USB_CoreInit
                0x0000000008049764       0xc2 ./Drivers/STM32F4xx_HAL_Driver/Src/stm32f4xx_ll_usb.o
                0x0000000008049764                USB_CoreInit
 .text.USB_EnableGlobalInt
                0x0000000008049826       0x22 ./Drivers/STM32F4xx_HAL_Driver/Src/stm32f4xx_ll_usb.o
                0x0000000008049826                USB_EnableGlobalInt
 .text.USB_DisableGlobalInt
                0x0000000008049848       0x22 ./Drivers/STM32F4xx_HAL_Driver/Src/stm32f4xx_ll_usb.o
                0x0000000008049848                USB_DisableGlobalInt
 .text.USB_SetCurrentMode
                0x000000000804986a       0x98 ./Drivers/STM32F4xx_HAL_Driver/Src/stm32f4xx_ll_usb.o
                0x000000000804986a                USB_SetCurrentMode
 *fill*         0x0000000008049902        0x2 
 .text.USB_FlushTxFifo
                0x0000000008049904       0x68 ./Drivers/STM32F4xx_HAL_Driver/Src/stm32f4xx_ll_usb.o
                0x0000000008049904                USB_FlushTxFifo
 .text.USB_FlushRxFifo
                0x000000000804996c       0x60 ./Drivers/STM32F4xx_HAL_Driver/Src/stm32f4xx_ll_usb.o
                0x000000000804996c                USB_FlushRxFifo
 .text.USB_WritePacket
                0x00000000080499cc       0x7c ./Drivers/STM32F4xx_HAL_Driver/Src/stm32f4xx_ll_usb.o
                0x00000000080499cc                USB_WritePacket
 .text.USB_ReadPacket
                0x0000000008049a48       0xb0 ./Drivers/STM32F4xx_HAL_Driver/Src/stm32f4xx_ll_usb.o
                0x0000000008049a48                USB_ReadPacket
 .text.USB_ReadInterrupts
                0x0000000008049af8       0x26 ./Drivers/STM32F4xx_HAL_Driver/Src/stm32f4xx_ll_usb.o
                0x0000000008049af8                USB_ReadInterrupts
 .text.USB_GetMode
                0x0000000008049b1e       0x1c ./Drivers/STM32F4xx_HAL_Driver/Src/stm32f4xx_ll_usb.o
                0x0000000008049b1e                USB_GetMode
 *fill*         0x0000000008049b3a        0x2 
 .text.USB_CoreReset
                0x0000000008049b3c       0x68 ./Drivers/STM32F4xx_HAL_Driver/Src/stm32f4xx_ll_usb.o
 .text.USB_HostInit
                0x0000000008049ba4      0x180 ./Drivers/STM32F4xx_HAL_Driver/Src/stm32f4xx_ll_usb.o
                0x0000000008049ba4                USB_HostInit
 .text.USB_InitFSLSPClkSel
                0x0000000008049d24       0x74 ./Drivers/STM32F4xx_HAL_Driver/Src/stm32f4xx_ll_usb.o
                0x0000000008049d24                USB_InitFSLSPClkSel
 .text.USB_ResetPort
                0x0000000008049d98       0x54 ./Drivers/STM32F4xx_HAL_Driver/Src/stm32f4xx_ll_usb.o
                0x0000000008049d98                USB_ResetPort
 .text.USB_DriveVbus
                0x0000000008049dec       0x72 ./Drivers/STM32F4xx_HAL_Driver/Src/stm32f4xx_ll_usb.o
                0x0000000008049dec                USB_DriveVbus
 .text.USB_GetHostSpeed
                0x0000000008049e5e       0x2e ./Drivers/STM32F4xx_HAL_Driver/Src/stm32f4xx_ll_usb.o
                0x0000000008049e5e                USB_GetHostSpeed
 .text.USB_GetCurrentFrame
                0x0000000008049e8c       0x22 ./Drivers/STM32F4xx_HAL_Driver/Src/stm32f4xx_ll_usb.o
                0x0000000008049e8c                USB_GetCurrentFrame
 *fill*         0x0000000008049eae        0x2 
 .text.USB_HC_Init
                0x0000000008049eb0      0x244 ./Drivers/STM32F4xx_HAL_Driver/Src/stm32f4xx_ll_usb.o
                0x0000000008049eb0                USB_HC_Init
 .text.USB_HC_StartXfer
                0x000000000804a0f4      0x284 ./Drivers/STM32F4xx_HAL_Driver/Src/stm32f4xx_ll_usb.o
                0x000000000804a0f4                USB_HC_StartXfer
 .text.USB_HC_ReadInterrupt
                0x000000000804a378       0x22 ./Drivers/STM32F4xx_HAL_Driver/Src/stm32f4xx_ll_usb.o
                0x000000000804a378                USB_HC_ReadInterrupt
 .text.USB_HC_Halt
                0x000000000804a39a      0x1f8 ./Drivers/STM32F4xx_HAL_Driver/Src/stm32f4xx_ll_usb.o
                0x000000000804a39a                USB_HC_Halt
 *fill*         0x000000000804a592        0x2 
 .text.USB_DoPing
                0x000000000804a594       0x78 ./Drivers/STM32F4xx_HAL_Driver/Src/stm32f4xx_ll_usb.o
                0x000000000804a594                USB_DoPing
 .text.USB_StopHost
                0x000000000804a60c      0x124 ./Drivers/STM32F4xx_HAL_Driver/Src/stm32f4xx_ll_usb.o
                0x000000000804a60c                USB_StopHost
 .text.USBH_CDC_InterfaceInit
                0x000000000804a730      0x2ac ./Middlewares/ST/STM32_USB_Host_Library/Class/CDC/Src/usbh_cdc.o
 .text.USBH_CDC_InterfaceDeInit
                0x000000000804a9dc       0xb2 ./Middlewares/ST/STM32_USB_Host_Library/Class/CDC/Src/usbh_cdc.o
 .text.USBH_CDC_ClassRequest
                0x000000000804aa8e       0x3e ./Middlewares/ST/STM32_USB_Host_Library/Class/CDC/Src/usbh_cdc.o
 .text.USBH_CDC_Process
                0x000000000804aacc      0x12c ./Middlewares/ST/STM32_USB_Host_Library/Class/CDC/Src/usbh_cdc.o
 .text.USBH_CDC_SOFProcess
                0x000000000804abf8       0x16 ./Middlewares/ST/STM32_USB_Host_Library/Class/CDC/Src/usbh_cdc.o
 .text.GetLineCoding
                0x000000000804ac0e       0x3e ./Middlewares/ST/STM32_USB_Host_Library/Class/CDC/Src/usbh_cdc.o
 .text.SetLineCoding
                0x000000000804ac4c       0x3e ./Middlewares/ST/STM32_USB_Host_Library/Class/CDC/Src/usbh_cdc.o
 .text.CDC_ProcessTransmission
                0x000000000804ac8a       0xec ./Middlewares/ST/STM32_USB_Host_Library/Class/CDC/Src/usbh_cdc.o
 .text.CDC_ProcessReception
                0x000000000804ad76       0xb6 ./Middlewares/ST/STM32_USB_Host_Library/Class/CDC/Src/usbh_cdc.o
 .text.USBH_CDC_TransmitCallback
                0x000000000804ae2c       0x14 ./Middlewares/ST/STM32_USB_Host_Library/Class/CDC/Src/usbh_cdc.o
                0x000000000804ae2c                USBH_CDC_TransmitCallback
 .text.USBH_CDC_ReceiveCallback
                0x000000000804ae40       0x14 ./Middlewares/ST/STM32_USB_Host_Library/Class/CDC/Src/usbh_cdc.o
                0x000000000804ae40                USBH_CDC_ReceiveCallback
 .text.USBH_CDC_LineCodingChanged
                0x000000000804ae54       0x14 ./Middlewares/ST/STM32_USB_Host_Library/Class/CDC/Src/usbh_cdc.o
                0x000000000804ae54                USBH_CDC_LineCodingChanged
 .text.USBH_Init
                0x000000000804ae68       0x74 ./Middlewares/ST/STM32_USB_Host_Library/Core/Src/usbh_core.o
                0x000000000804ae68                USBH_Init
 .text.DeInitStateMachine
                0x000000000804aedc       0xa8 ./Middlewares/ST/STM32_USB_Host_Library/Core/Src/usbh_core.o
 .text.USBH_RegisterClass
                0x000000000804af84       0x54 ./Middlewares/ST/STM32_USB_Host_Library/Core/Src/usbh_core.o
                0x000000000804af84                USBH_RegisterClass
 .text.USBH_SelectInterface
                0x000000000804afd8       0x38 ./Middlewares/ST/STM32_USB_Host_Library/Core/Src/usbh_core.o
                0x000000000804afd8                USBH_SelectInterface
 .text.USBH_FindInterface
                0x000000000804b010       0x8c ./Middlewares/ST/STM32_USB_Host_Library/Core/Src/usbh_core.o
                0x000000000804b010                USBH_FindInterface
 .text.USBH_Start
                0x000000000804b09c       0x20 ./Middlewares/ST/STM32_USB_Host_Library/Core/Src/usbh_core.o
                0x000000000804b09c                USBH_Start
 .text.USBH_Process
                0x000000000804b0bc      0x3d8 ./Middlewares/ST/STM32_USB_Host_Library/Core/Src/usbh_core.o
                0x000000000804b0bc                USBH_Process
 .text.USBH_HandleEnum
                0x000000000804b494      0x3c8 ./Middlewares/ST/STM32_USB_Host_Library/Core/Src/usbh_core.o
 .text.USBH_LL_SetTimer
                0x000000000804b85c       0x1e ./Middlewares/ST/STM32_USB_Host_Library/Core/Src/usbh_core.o
                0x000000000804b85c                USBH_LL_SetTimer
 .text.USBH_LL_IncTimer
                0x000000000804b87a       0x24 ./Middlewares/ST/STM32_USB_Host_Library/Core/Src/usbh_core.o
                0x000000000804b87a                USBH_LL_IncTimer
 .text.USBH_HandleSof
                0x000000000804b89e       0x30 ./Middlewares/ST/STM32_USB_Host_Library/Core/Src/usbh_core.o
 .text.USBH_LL_PortEnabled
                0x000000000804b8ce       0x1c ./Middlewares/ST/STM32_USB_Host_Library/Core/Src/usbh_core.o
                0x000000000804b8ce                USBH_LL_PortEnabled
 .text.USBH_LL_PortDisabled
                0x000000000804b8ea       0x1c ./Middlewares/ST/STM32_USB_Host_Library/Core/Src/usbh_core.o
                0x000000000804b8ea                USBH_LL_PortDisabled
 .text.USBH_LL_Connect
                0x000000000804b906       0x2e ./Middlewares/ST/STM32_USB_Host_Library/Core/Src/usbh_core.o
                0x000000000804b906                USBH_LL_Connect
 .text.USBH_LL_Disconnect
                0x000000000804b934       0x48 ./Middlewares/ST/STM32_USB_Host_Library/Core/Src/usbh_core.o
                0x000000000804b934                USBH_LL_Disconnect
 .text.USBH_Get_DevDesc
                0x000000000804b97c       0x50 ./Middlewares/ST/STM32_USB_Host_Library/Core/Src/usbh_ctlreq.o
                0x000000000804b97c                USBH_Get_DevDesc
 .text.USBH_Get_CfgDesc
                0x000000000804b9cc       0x48 ./Middlewares/ST/STM32_USB_Host_Library/Core/Src/usbh_ctlreq.o
                0x000000000804b9cc                USBH_Get_CfgDesc
 .text.USBH_Get_StringDesc
                0x000000000804ba14       0x56 ./Middlewares/ST/STM32_USB_Host_Library/Core/Src/usbh_ctlreq.o
                0x000000000804ba14                USBH_Get_StringDesc
 .text.USBH_GetDescriptor
                0x000000000804ba6a       0x6a ./Middlewares/ST/STM32_USB_Host_Library/Core/Src/usbh_ctlreq.o
                0x000000000804ba6a                USBH_GetDescriptor
 .text.USBH_SetAddress
                0x000000000804bad4       0x48 ./Middlewares/ST/STM32_USB_Host_Library/Core/Src/usbh_ctlreq.o
                0x000000000804bad4                USBH_SetAddress
 .text.USBH_SetCfg
                0x000000000804bb1c       0x46 ./Middlewares/ST/STM32_USB_Host_Library/Core/Src/usbh_ctlreq.o
                0x000000000804bb1c                USBH_SetCfg
 .text.USBH_SetFeature
                0x000000000804bb62       0x48 ./Middlewares/ST/STM32_USB_Host_Library/Core/Src/usbh_ctlreq.o
                0x000000000804bb62                USBH_SetFeature
 .text.USBH_ClrFeature
                0x000000000804bbaa       0x48 ./Middlewares/ST/STM32_USB_Host_Library/Core/Src/usbh_ctlreq.o
                0x000000000804bbaa                USBH_ClrFeature
 .text.USBH_ParseDevDesc
                0x000000000804bbf2      0x122 ./Middlewares/ST/STM32_USB_Host_Library/Core/Src/usbh_ctlreq.o
 .text.USBH_ParseCfgDesc
                0x000000000804bd14      0x1ec ./Middlewares/ST/STM32_USB_Host_Library/Core/Src/usbh_ctlreq.o
 .text.USBH_ParseInterfaceDesc
                0x000000000804bf00       0x5e ./Middlewares/ST/STM32_USB_Host_Library/Core/Src/usbh_ctlreq.o
 .text.USBH_ParseEPDesc
                0x000000000804bf5e      0x14a ./Middlewares/ST/STM32_USB_Host_Library/Core/Src/usbh_ctlreq.o
 .text.USBH_ParseStringDesc
                0x000000000804c0a8       0x66 ./Middlewares/ST/STM32_USB_Host_Library/Core/Src/usbh_ctlreq.o
 .text.USBH_GetNextDesc
                0x000000000804c10e       0x36 ./Middlewares/ST/STM32_USB_Host_Library/Core/Src/usbh_ctlreq.o
                0x000000000804c10e                USBH_GetNextDesc
 .text.USBH_CtlReq
                0x000000000804c144       0x7a ./Middlewares/ST/STM32_USB_Host_Library/Core/Src/usbh_ctlreq.o
                0x000000000804c144                USBH_CtlReq
 *fill*         0x000000000804c1be        0x2 
 .text.USBH_HandleControl
                0x000000000804c1c0      0x2e8 ./Middlewares/ST/STM32_USB_Host_Library/Core/Src/usbh_ctlreq.o
 .text.USBH_CtlSendSetup
                0x000000000804c4a8       0x34 ./Middlewares/ST/STM32_USB_Host_Library/Core/Src/usbh_ioreq.o
                0x000000000804c4a8                USBH_CtlSendSetup
 .text.USBH_CtlSendData
                0x000000000804c4dc       0x4a ./Middlewares/ST/STM32_USB_Host_Library/Core/Src/usbh_ioreq.o
                0x000000000804c4dc                USBH_CtlSendData
 .text.USBH_CtlReceiveData
                0x000000000804c526       0x3c ./Middlewares/ST/STM32_USB_Host_Library/Core/Src/usbh_ioreq.o
                0x000000000804c526                USBH_CtlReceiveData
 .text.USBH_BulkSendData
                0x000000000804c562       0x4a ./Middlewares/ST/STM32_USB_Host_Library/Core/Src/usbh_ioreq.o
                0x000000000804c562                USBH_BulkSendData
 .text.USBH_BulkReceiveData
                0x000000000804c5ac       0x3c ./Middlewares/ST/STM32_USB_Host_Library/Core/Src/usbh_ioreq.o
                0x000000000804c5ac                USBH_BulkReceiveData
 .text.USBH_OpenPipe
                0x000000000804c5e8       0x3e ./Middlewares/ST/STM32_USB_Host_Library/Core/Src/usbh_pipes.o
                0x000000000804c5e8                USBH_OpenPipe
 .text.USBH_ClosePipe
                0x000000000804c626       0x20 ./Middlewares/ST/STM32_USB_Host_Library/Core/Src/usbh_pipes.o
                0x000000000804c626                USBH_ClosePipe
 .text.USBH_AllocPipe
                0x000000000804c646       0x42 ./Middlewares/ST/STM32_USB_Host_Library/Core/Src/usbh_pipes.o
                0x000000000804c646                USBH_AllocPipe
 .text.USBH_FreePipe
                0x000000000804c688       0x3c ./Middlewares/ST/STM32_USB_Host_Library/Core/Src/usbh_pipes.o
                0x000000000804c688                USBH_FreePipe
 .text.USBH_GetFreePipe
                0x000000000804c6c4       0x48 ./Middlewares/ST/STM32_USB_Host_Library/Core/Src/usbh_pipes.o
 .text.MX_USB_HOST_Init
                0x000000000804c70c       0x4c ./USB_HOST/App/usb_host.o
                0x000000000804c70c                MX_USB_HOST_Init
 .text.MX_USB_HOST_Process
                0x000000000804c758       0x14 ./USB_HOST/App/usb_host.o
                0x000000000804c758                MX_USB_HOST_Process
 .text.USBH_UserProcess
                0x000000000804c76c       0x5c ./USB_HOST/App/usb_host.o
 .text.HAL_HCD_MspInit
                0x000000000804c7c8       0xbc ./USB_HOST/Target/usbh_conf.o
                0x000000000804c7c8                HAL_HCD_MspInit
 .text.HAL_HCD_SOF_Callback
                0x000000000804c884       0x1c ./USB_HOST/Target/usbh_conf.o
                0x000000000804c884                HAL_HCD_SOF_Callback
 .text.HAL_HCD_Connect_Callback
                0x000000000804c8a0       0x1c ./USB_HOST/Target/usbh_conf.o
                0x000000000804c8a0                HAL_HCD_Connect_Callback
 .text.HAL_HCD_Disconnect_Callback
                0x000000000804c8bc       0x1c ./USB_HOST/Target/usbh_conf.o
                0x000000000804c8bc                HAL_HCD_Disconnect_Callback
 .text.HAL_HCD_HC_NotifyURBChange_Callback
                0x000000000804c8d8       0x1c ./USB_HOST/Target/usbh_conf.o
                0x000000000804c8d8                HAL_HCD_HC_NotifyURBChange_Callback
 .text.HAL_HCD_PortEnabled_Callback
                0x000000000804c8f4       0x1c ./USB_HOST/Target/usbh_conf.o
                0x000000000804c8f4                HAL_HCD_PortEnabled_Callback
 .text.HAL_HCD_PortDisabled_Callback
                0x000000000804c910       0x1c ./USB_HOST/Target/usbh_conf.o
                0x000000000804c910                HAL_HCD_PortDisabled_Callback
 .text.USBH_LL_Init
                0x000000000804c92c       0x8c ./USB_HOST/Target/usbh_conf.o
                0x000000000804c92c                USBH_LL_Init
 .text.USBH_LL_Start
                0x000000000804c9b8       0x36 ./USB_HOST/Target/usbh_conf.o
                0x000000000804c9b8                USBH_LL_Start
 .text.USBH_LL_Stop
                0x000000000804c9ee       0x36 ./USB_HOST/Target/usbh_conf.o
                0x000000000804c9ee                USBH_LL_Stop
 .text.USBH_LL_GetSpeed
                0x000000000804ca24       0x4e ./USB_HOST/Target/usbh_conf.o
                0x000000000804ca24                USBH_LL_GetSpeed
 .text.USBH_LL_ResetPort
                0x000000000804ca72       0x36 ./USB_HOST/Target/usbh_conf.o
                0x000000000804ca72                USBH_LL_ResetPort
 .text.USBH_LL_GetLastXferSize
                0x000000000804caa8       0x26 ./USB_HOST/Target/usbh_conf.o
                0x000000000804caa8                USBH_LL_GetLastXferSize
 .text.USBH_LL_OpenPipe
                0x000000000804cace       0x5e ./USB_HOST/Target/usbh_conf.o
                0x000000000804cace                USBH_LL_OpenPipe
 .text.USBH_LL_ClosePipe
                0x000000000804cb2c       0x3e ./USB_HOST/Target/usbh_conf.o
                0x000000000804cb2c                USBH_LL_ClosePipe
 .text.USBH_LL_SubmitURB
                0x000000000804cb6a       0x62 ./USB_HOST/Target/usbh_conf.o
                0x000000000804cb6a                USBH_LL_SubmitURB
 .text.USBH_LL_GetURBState
                0x000000000804cbcc       0x26 ./USB_HOST/Target/usbh_conf.o
                0x000000000804cbcc                USBH_LL_GetURBState
 .text.USBH_LL_DriverVBUS
                0x000000000804cbf2       0x2e ./USB_HOST/Target/usbh_conf.o
                0x000000000804cbf2                USBH_LL_DriverVBUS
 .text.USBH_LL_SetToggle
                0x000000000804cc20       0x60 ./USB_HOST/Target/usbh_conf.o
                0x000000000804cc20                USBH_LL_SetToggle
 .text.USBH_Delay
                0x000000000804cc80       0x16 ./USB_HOST/Target/usbh_conf.o
                0x000000000804cc80                USBH_Delay
 *fill*         0x000000000804cc96        0x2 
 .text.USBH_Get_USB_Status
                0x000000000804cc98       0x58 ./USB_HOST/Target/usbh_conf.o
                0x000000000804cc98                USBH_Get_USB_Status
 .text.MX_DriverVbusHS
                0x000000000804ccf0       0x38 ./USB_HOST/Target/usbh_platform.o
                0x000000000804ccf0                MX_DriverVbusHS
 .text.__errno  0x000000000804cd28        0xc d:/program files/stm32cubeide_1.11.2/stm32cubeide/plugins/com.st.stm32cube.ide.mcu.externaltools.gnu-tools-for-stm32.10.3-2021.10.win32_1.0.100.202210260954/tools/bin/../lib/gcc/arm-none-eabi/10.3.1/../../../../arm-none-eabi/lib/thumb/v7e-m+fp/hard\libc_nano.a(lib_a-errno.o)
                0x000000000804cd28                __errno
 .text.__libc_init_array
                0x000000000804cd34       0x48 d:/program files/stm32cubeide_1.11.2/stm32cubeide/plugins/com.st.stm32cube.ide.mcu.externaltools.gnu-tools-for-stm32.10.3-2021.10.win32_1.0.100.202210260954/tools/bin/../lib/gcc/arm-none-eabi/10.3.1/../../../../arm-none-eabi/lib/thumb/v7e-m+fp/hard\libc_nano.a(lib_a-init.o)
                0x000000000804cd34                __libc_init_array
 .text.malloc   0x000000000804cd7c       0x10 d:/program files/stm32cubeide_1.11.2/stm32cubeide/plugins/com.st.stm32cube.ide.mcu.externaltools.gnu-tools-for-stm32.10.3-2021.10.win32_1.0.100.202210260954/tools/bin/../lib/gcc/arm-none-eabi/10.3.1/../../../../arm-none-eabi/lib/thumb/v7e-m+fp/hard\libc_nano.a(lib_a-malloc.o)
                0x000000000804cd7c                malloc
 .text.free     0x000000000804cd8c       0x10 d:/program files/stm32cubeide_1.11.2/stm32cubeide/plugins/com.st.stm32cube.ide.mcu.externaltools.gnu-tools-for-stm32.10.3-2021.10.win32_1.0.100.202210260954/tools/bin/../lib/gcc/arm-none-eabi/10.3.1/../../../../arm-none-eabi/lib/thumb/v7e-m+fp/hard\libc_nano.a(lib_a-malloc.o)
                0x000000000804cd8c                free
 .text.memset   0x000000000804cd9c       0x10 d:/program files/stm32cubeide_1.11.2/stm32cubeide/plugins/com.st.stm32cube.ide.mcu.externaltools.gnu-tools-for-stm32.10.3-2021.10.win32_1.0.100.202210260954/tools/bin/../lib/gcc/arm-none-eabi/10.3.1/../../../../arm-none-eabi/lib/thumb/v7e-m+fp/hard\libc_nano.a(lib_a-memset.o)
                0x000000000804cd9c                memset
 .text._free_r  0x000000000804cdac       0x98 d:/program files/stm32cubeide_1.11.2/stm32cubeide/plugins/com.st.stm32cube.ide.mcu.externaltools.gnu-tools-for-stm32.10.3-2021.10.win32_1.0.100.202210260954/tools/bin/../lib/gcc/arm-none-eabi/10.3.1/../../../../arm-none-eabi/lib/thumb/v7e-m+fp/hard\libc_nano.a(lib_a-nano-freer.o)
                0x000000000804cdac                _free_r
 .text.sbrk_aligned
                0x000000000804ce44       0x40 d:/program files/stm32cubeide_1.11.2/stm32cubeide/plugins/com.st.stm32cube.ide.mcu.externaltools.gnu-tools-for-stm32.10.3-2021.10.win32_1.0.100.202210260954/tools/bin/../lib/gcc/arm-none-eabi/10.3.1/../../../../arm-none-eabi/lib/thumb/v7e-m+fp/hard\libc_nano.a(lib_a-nano-mallocr.o)
 .text._malloc_r
                0x000000000804ce84       0xe8 d:/program files/stm32cubeide_1.11.2/stm32cubeide/plugins/com.st.stm32cube.ide.mcu.externaltools.gnu-tools-for-stm32.10.3-2021.10.win32_1.0.100.202210260954/tools/bin/../lib/gcc/arm-none-eabi/10.3.1/../../../../arm-none-eabi/lib/thumb/v7e-m+fp/hard\libc_nano.a(lib_a-nano-mallocr.o)
                0x000000000804ce84                _malloc_r
 .text.printf   0x000000000804cf6c       0x30 d:/program files/stm32cubeide_1.11.2/stm32cubeide/plugins/com.st.stm32cube.ide.mcu.externaltools.gnu-tools-for-stm32.10.3-2021.10.win32_1.0.100.202210260954/tools/bin/../lib/gcc/arm-none-eabi/10.3.1/../../../../arm-none-eabi/lib/thumb/v7e-m+fp/hard\libc_nano.a(lib_a-printf.o)
                0x000000000804cf6c                iprintf
                0x000000000804cf6c                printf
 .text._puts_r  0x000000000804cf9c       0xdc d:/program files/stm32cubeide_1.11.2/stm32cubeide/plugins/com.st.stm32cube.ide.mcu.externaltools.gnu-tools-for-stm32.10.3-2021.10.win32_1.0.100.202210260954/tools/bin/../lib/gcc/arm-none-eabi/10.3.1/../../../../arm-none-eabi/lib/thumb/v7e-m+fp/hard\libc_nano.a(lib_a-puts.o)
                0x000000000804cf9c                _puts_r
 .text.puts     0x000000000804d078       0x10 d:/program files/stm32cubeide_1.11.2/stm32cubeide/plugins/com.st.stm32cube.ide.mcu.externaltools.gnu-tools-for-stm32.10.3-2021.10.win32_1.0.100.202210260954/tools/bin/../lib/gcc/arm-none-eabi/10.3.1/../../../../arm-none-eabi/lib/thumb/v7e-m+fp/hard\libc_nano.a(lib_a-puts.o)
                0x000000000804d078                puts
 .text._sbrk_r  0x000000000804d088       0x20 d:/program files/stm32cubeide_1.11.2/stm32cubeide/plugins/com.st.stm32cube.ide.mcu.externaltools.gnu-tools-for-stm32.10.3-2021.10.win32_1.0.100.202210260954/tools/bin/../lib/gcc/arm-none-eabi/10.3.1/../../../../arm-none-eabi/lib/thumb/v7e-m+fp/hard\libc_nano.a(lib_a-sbrkr.o)
                0x000000000804d088                _sbrk_r
 .text.sprintf  0x000000000804d0a8       0x40 d:/program files/stm32cubeide_1.11.2/stm32cubeide/plugins/com.st.stm32cube.ide.mcu.externaltools.gnu-tools-for-stm32.10.3-2021.10.win32_1.0.100.202210260954/tools/bin/../lib/gcc/arm-none-eabi/10.3.1/../../../../arm-none-eabi/lib/thumb/v7e-m+fp/hard\libc_nano.a(lib_a-sprintf.o)
                0x000000000804d0a8                siprintf
                0x000000000804d0a8                sprintf
 .text.__swbuf_r
                0x000000000804d0e8       0xa4 d:/program files/stm32cubeide_1.11.2/stm32cubeide/plugins/com.st.stm32cube.ide.mcu.externaltools.gnu-tools-for-stm32.10.3-2021.10.win32_1.0.100.202210260954/tools/bin/../lib/gcc/arm-none-eabi/10.3.1/../../../../arm-none-eabi/lib/thumb/v7e-m+fp/hard\libc_nano.a(lib_a-wbuf.o)
                0x000000000804d0e8                __swbuf_r
 .text.__swsetup_r
                0x000000000804d18c       0xdc d:/program files/stm32cubeide_1.11.2/stm32cubeide/plugins/com.st.stm32cube.ide.mcu.externaltools.gnu-tools-for-stm32.10.3-2021.10.win32_1.0.100.202210260954/tools/bin/../lib/gcc/arm-none-eabi/10.3.1/../../../../arm-none-eabi/lib/thumb/v7e-m+fp/hard\libc_nano.a(lib_a-wsetup.o)
                0x000000000804d18c                __swsetup_r
 .text.__sflush_r
                0x000000000804d268      0x10c d:/program files/stm32cubeide_1.11.2/stm32cubeide/plugins/com.st.stm32cube.ide.mcu.externaltools.gnu-tools-for-stm32.10.3-2021.10.win32_1.0.100.202210260954/tools/bin/../lib/gcc/arm-none-eabi/10.3.1/../../../../arm-none-eabi/lib/thumb/v7e-m+fp/hard\libc_nano.a(lib_a-fflush.o)
                0x000000000804d268                __sflush_r
 .text._fflush_r
                0x000000000804d374       0x78 d:/program files/stm32cubeide_1.11.2/stm32cubeide/plugins/com.st.stm32cube.ide.mcu.externaltools.gnu-tools-for-stm32.10.3-2021.10.win32_1.0.100.202210260954/tools/bin/../lib/gcc/arm-none-eabi/10.3.1/../../../../arm-none-eabi/lib/thumb/v7e-m+fp/hard\libc_nano.a(lib_a-fflush.o)
                0x000000000804d374                _fflush_r
 .text.std      0x000000000804d3ec       0x48 d:/program files/stm32cubeide_1.11.2/stm32cubeide/plugins/com.st.stm32cube.ide.mcu.externaltools.gnu-tools-for-stm32.10.3-2021.10.win32_1.0.100.202210260954/tools/bin/../lib/gcc/arm-none-eabi/10.3.1/../../../../arm-none-eabi/lib/thumb/v7e-m+fp/hard\libc_nano.a(lib_a-findfp.o)
 .text._cleanup_r
                0x000000000804d434        0xc d:/program files/stm32cubeide_1.11.2/stm32cubeide/plugins/com.st.stm32cube.ide.mcu.externaltools.gnu-tools-for-stm32.10.3-2021.10.win32_1.0.100.202210260954/tools/bin/../lib/gcc/arm-none-eabi/10.3.1/../../../../arm-none-eabi/lib/thumb/v7e-m+fp/hard\libc_nano.a(lib_a-findfp.o)
                0x000000000804d434                _cleanup_r
 .text.__sfmoreglue
                0x000000000804d440       0x2c d:/program files/stm32cubeide_1.11.2/stm32cubeide/plugins/com.st.stm32cube.ide.mcu.externaltools.gnu-tools-for-stm32.10.3-2021.10.win32_1.0.100.202210260954/tools/bin/../lib/gcc/arm-none-eabi/10.3.1/../../../../arm-none-eabi/lib/thumb/v7e-m+fp/hard\libc_nano.a(lib_a-findfp.o)
                0x000000000804d440                __sfmoreglue
 .text.__sfp_lock_acquire
                0x000000000804d46c        0xc d:/program files/stm32cubeide_1.11.2/stm32cubeide/plugins/com.st.stm32cube.ide.mcu.externaltools.gnu-tools-for-stm32.10.3-2021.10.win32_1.0.100.202210260954/tools/bin/../lib/gcc/arm-none-eabi/10.3.1/../../../../arm-none-eabi/lib/thumb/v7e-m+fp/hard\libc_nano.a(lib_a-findfp.o)
                0x000000000804d46c                __sfp_lock_acquire
 .text.__sfp_lock_release
                0x000000000804d478        0xc d:/program files/stm32cubeide_1.11.2/stm32cubeide/plugins/com.st.stm32cube.ide.mcu.externaltools.gnu-tools-for-stm32.10.3-2021.10.win32_1.0.100.202210260954/tools/bin/../lib/gcc/arm-none-eabi/10.3.1/../../../../arm-none-eabi/lib/thumb/v7e-m+fp/hard\libc_nano.a(lib_a-findfp.o)
                0x000000000804d478                __sfp_lock_release
 .text.__sinit_lock_acquire
                0x000000000804d484        0xc d:/program files/stm32cubeide_1.11.2/stm32cubeide/plugins/com.st.stm32cube.ide.mcu.externaltools.gnu-tools-for-stm32.10.3-2021.10.win32_1.0.100.202210260954/tools/bin/../lib/gcc/arm-none-eabi/10.3.1/../../../../arm-none-eabi/lib/thumb/v7e-m+fp/hard\libc_nano.a(lib_a-findfp.o)
                0x000000000804d484                __sinit_lock_acquire
 .text.__sinit_lock_release
                0x000000000804d490        0xc d:/program files/stm32cubeide_1.11.2/stm32cubeide/plugins/com.st.stm32cube.ide.mcu.externaltools.gnu-tools-for-stm32.10.3-2021.10.win32_1.0.100.202210260954/tools/bin/../lib/gcc/arm-none-eabi/10.3.1/../../../../arm-none-eabi/lib/thumb/v7e-m+fp/hard\libc_nano.a(lib_a-findfp.o)
                0x000000000804d490                __sinit_lock_release
 .text.__sinit  0x000000000804d49c       0x70 d:/program files/stm32cubeide_1.11.2/stm32cubeide/plugins/com.st.stm32cube.ide.mcu.externaltools.gnu-tools-for-stm32.10.3-2021.10.win32_1.0.100.202210260954/tools/bin/../lib/gcc/arm-none-eabi/10.3.1/../../../../arm-none-eabi/lib/thumb/v7e-m+fp/hard\libc_nano.a(lib_a-findfp.o)
                0x000000000804d49c                __sinit
 .text.__sfp    0x000000000804d50c       0x8c d:/program files/stm32cubeide_1.11.2/stm32cubeide/plugins/com.st.stm32cube.ide.mcu.externaltools.gnu-tools-for-stm32.10.3-2021.10.win32_1.0.100.202210260954/tools/bin/../lib/gcc/arm-none-eabi/10.3.1/../../../../arm-none-eabi/lib/thumb/v7e-m+fp/hard\libc_nano.a(lib_a-findfp.o)
                0x000000000804d50c                __sfp
 .text._fwalk_reent
                0x000000000804d598       0x3e d:/program files/stm32cubeide_1.11.2/stm32cubeide/plugins/com.st.stm32cube.ide.mcu.externaltools.gnu-tools-for-stm32.10.3-2021.10.win32_1.0.100.202210260954/tools/bin/../lib/gcc/arm-none-eabi/10.3.1/../../../../arm-none-eabi/lib/thumb/v7e-m+fp/hard\libc_nano.a(lib_a-fwalk.o)
                0x000000000804d598                _fwalk_reent
 .text.__retarget_lock_init_recursive
                0x000000000804d5d6        0x2 d:/program files/stm32cubeide_1.11.2/stm32cubeide/plugins/com.st.stm32cube.ide.mcu.externaltools.gnu-tools-for-stm32.10.3-2021.10.win32_1.0.100.202210260954/tools/bin/../lib/gcc/arm-none-eabi/10.3.1/../../../../arm-none-eabi/lib/thumb/v7e-m+fp/hard\libc_nano.a(lib_a-lock.o)
                0x000000000804d5d6                __retarget_lock_init_recursive
 .text.__retarget_lock_acquire_recursive
                0x000000000804d5d8        0x2 d:/program files/stm32cubeide_1.11.2/stm32cubeide/plugins/com.st.stm32cube.ide.mcu.externaltools.gnu-tools-for-stm32.10.3-2021.10.win32_1.0.100.202210260954/tools/bin/../lib/gcc/arm-none-eabi/10.3.1/../../../../arm-none-eabi/lib/thumb/v7e-m+fp/hard\libc_nano.a(lib_a-lock.o)
                0x000000000804d5d8                __retarget_lock_acquire_recursive
 .text.__retarget_lock_release_recursive
                0x000000000804d5da        0x2 d:/program files/stm32cubeide_1.11.2/stm32cubeide/plugins/com.st.stm32cube.ide.mcu.externaltools.gnu-tools-for-stm32.10.3-2021.10.win32_1.0.100.202210260954/tools/bin/../lib/gcc/arm-none-eabi/10.3.1/../../../../arm-none-eabi/lib/thumb/v7e-m+fp/hard\libc_nano.a(lib_a-lock.o)
                0x000000000804d5da                __retarget_lock_release_recursive
 .text.__swhatbuf_r
                0x000000000804d5dc       0x4a d:/program files/stm32cubeide_1.11.2/stm32cubeide/plugins/com.st.stm32cube.ide.mcu.externaltools.gnu-tools-for-stm32.10.3-2021.10.win32_1.0.100.202210260954/tools/bin/../lib/gcc/arm-none-eabi/10.3.1/../../../../arm-none-eabi/lib/thumb/v7e-m+fp/hard\libc_nano.a(lib_a-makebuf.o)
                0x000000000804d5dc                __swhatbuf_r
 *fill*         0x000000000804d626        0x2 
 .text.__smakebuf_r
                0x000000000804d628       0x80 d:/program files/stm32cubeide_1.11.2/stm32cubeide/plugins/com.st.stm32cube.ide.mcu.externaltools.gnu-tools-for-stm32.10.3-2021.10.win32_1.0.100.202210260954/tools/bin/../lib/gcc/arm-none-eabi/10.3.1/../../../../arm-none-eabi/lib/thumb/v7e-m+fp/hard\libc_nano.a(lib_a-makebuf.o)
                0x000000000804d628                __smakebuf_r
 .text.__malloc_lock
                0x000000000804d6a8        0xc d:/program files/stm32cubeide_1.11.2/stm32cubeide/plugins/com.st.stm32cube.ide.mcu.externaltools.gnu-tools-for-stm32.10.3-2021.10.win32_1.0.100.202210260954/tools/bin/../lib/gcc/arm-none-eabi/10.3.1/../../../../arm-none-eabi/lib/thumb/v7e-m+fp/hard\libc_nano.a(lib_a-mlock.o)
                0x000000000804d6a8                __malloc_lock
 .text.__malloc_unlock
                0x000000000804d6b4        0xc d:/program files/stm32cubeide_1.11.2/stm32cubeide/plugins/com.st.stm32cube.ide.mcu.externaltools.gnu-tools-for-stm32.10.3-2021.10.win32_1.0.100.202210260954/tools/bin/../lib/gcc/arm-none-eabi/10.3.1/../../../../arm-none-eabi/lib/thumb/v7e-m+fp/hard\libc_nano.a(lib_a-mlock.o)
                0x000000000804d6b4                __malloc_unlock
 .text.__ssputs_r
                0x000000000804d6c0       0xb6 d:/program files/stm32cubeide_1.11.2/stm32cubeide/plugins/com.st.stm32cube.ide.mcu.externaltools.gnu-tools-for-stm32.10.3-2021.10.win32_1.0.100.202210260954/tools/bin/../lib/gcc/arm-none-eabi/10.3.1/../../../../arm-none-eabi/lib/thumb/v7e-m+fp/hard\libc_nano.a(lib_a-nano-svfprintf.o)
                0x000000000804d6c0                __ssputs_r
 *fill*         0x000000000804d776        0x2 
 .text._svfprintf_r
                0x000000000804d778      0x200 d:/program files/stm32cubeide_1.11.2/stm32cubeide/plugins/com.st.stm32cube.ide.mcu.externaltools.gnu-tools-for-stm32.10.3-2021.10.win32_1.0.100.202210260954/tools/bin/../lib/gcc/arm-none-eabi/10.3.1/../../../../arm-none-eabi/lib/thumb/v7e-m+fp/hard\libc_nano.a(lib_a-nano-svfprintf.o)
                0x000000000804d778                _svfiprintf_r
                0x000000000804d778                _svfprintf_r
 .text.__sfputc_r
                0x000000000804d978       0x2e d:/program files/stm32cubeide_1.11.2/stm32cubeide/plugins/com.st.stm32cube.ide.mcu.externaltools.gnu-tools-for-stm32.10.3-2021.10.win32_1.0.100.202210260954/tools/bin/../lib/gcc/arm-none-eabi/10.3.1/../../../../arm-none-eabi/lib/thumb/v7e-m+fp/hard\libc_nano.a(lib_a-nano-vfprintf.o)
 .text.__sfputs_r
                0x000000000804d9a6       0x24 d:/program files/stm32cubeide_1.11.2/stm32cubeide/plugins/com.st.stm32cube.ide.mcu.externaltools.gnu-tools-for-stm32.10.3-2021.10.win32_1.0.100.202210260954/tools/bin/../lib/gcc/arm-none-eabi/10.3.1/../../../../arm-none-eabi/lib/thumb/v7e-m+fp/hard\libc_nano.a(lib_a-nano-vfprintf.o)
                0x000000000804d9a6                __sfputs_r
 *fill*         0x000000000804d9ca        0x2 
 .text._vfprintf_r
                0x000000000804d9cc      0x260 d:/program files/stm32cubeide_1.11.2/stm32cubeide/plugins/com.st.stm32cube.ide.mcu.externaltools.gnu-tools-for-stm32.10.3-2021.10.win32_1.0.100.202210260954/tools/bin/../lib/gcc/arm-none-eabi/10.3.1/../../../../arm-none-eabi/lib/thumb/v7e-m+fp/hard\libc_nano.a(lib_a-nano-vfprintf.o)
                0x000000000804d9cc                _vfprintf_r
                0x000000000804d9cc                _vfiprintf_r
 .text._printf_common
                0x000000000804dc2c       0xda d:/program files/stm32cubeide_1.11.2/stm32cubeide/plugins/com.st.stm32cube.ide.mcu.externaltools.gnu-tools-for-stm32.10.3-2021.10.win32_1.0.100.202210260954/tools/bin/../lib/gcc/arm-none-eabi/10.3.1/../../../../arm-none-eabi/lib/thumb/v7e-m+fp/hard\libc_nano.a(lib_a-nano-vfprintf_i.o)
                0x000000000804dc2c                _printf_common
 *fill*         0x000000000804dd06        0x2 
 .text._printf_i
                0x000000000804dd08      0x24c d:/program files/stm32cubeide_1.11.2/stm32cubeide/plugins/com.st.stm32cube.ide.mcu.externaltools.gnu-tools-for-stm32.10.3-2021.10.win32_1.0.100.202210260954/tools/bin/../lib/gcc/arm-none-eabi/10.3.1/../../../../arm-none-eabi/lib/thumb/v7e-m+fp/hard\libc_nano.a(lib_a-nano-vfprintf_i.o)
                0x000000000804dd08                _printf_i
 .text.__sread  0x000000000804df54       0x22 d:/program files/stm32cubeide_1.11.2/stm32cubeide/plugins/com.st.stm32cube.ide.mcu.externaltools.gnu-tools-for-stm32.10.3-2021.10.win32_1.0.100.202210260954/tools/bin/../lib/gcc/arm-none-eabi/10.3.1/../../../../arm-none-eabi/lib/thumb/v7e-m+fp/hard\libc_nano.a(lib_a-stdio.o)
                0x000000000804df54                __sread
 .text.__swrite
                0x000000000804df76       0x38 d:/program files/stm32cubeide_1.11.2/stm32cubeide/plugins/com.st.stm32cube.ide.mcu.externaltools.gnu-tools-for-stm32.10.3-2021.10.win32_1.0.100.202210260954/tools/bin/../lib/gcc/arm-none-eabi/10.3.1/../../../../arm-none-eabi/lib/thumb/v7e-m+fp/hard\libc_nano.a(lib_a-stdio.o)
                0x000000000804df76                __swrite
 .text.__sseek  0x000000000804dfae       0x24 d:/program files/stm32cubeide_1.11.2/stm32cubeide/plugins/com.st.stm32cube.ide.mcu.externaltools.gnu-tools-for-stm32.10.3-2021.10.win32_1.0.100.202210260954/tools/bin/../lib/gcc/arm-none-eabi/10.3.1/../../../../arm-none-eabi/lib/thumb/v7e-m+fp/hard\libc_nano.a(lib_a-stdio.o)
                0x000000000804dfae                __sseek
 .text.__sclose
                0x000000000804dfd2        0x8 d:/program files/stm32cubeide_1.11.2/stm32cubeide/plugins/com.st.stm32cube.ide.mcu.externaltools.gnu-tools-for-stm32.10.3-2021.10.win32_1.0.100.202210260954/tools/bin/../lib/gcc/arm-none-eabi/10.3.1/../../../../arm-none-eabi/lib/thumb/v7e-m+fp/hard\libc_nano.a(lib_a-stdio.o)
                0x000000000804dfd2                __sclose
 *fill*         0x000000000804dfda        0x2 
 .text._write_r
                0x000000000804dfdc       0x24 d:/program files/stm32cubeide_1.11.2/stm32cubeide/plugins/com.st.stm32cube.ide.mcu.externaltools.gnu-tools-for-stm32.10.3-2021.10.win32_1.0.100.202210260954/tools/bin/../lib/gcc/arm-none-eabi/10.3.1/../../../../arm-none-eabi/lib/thumb/v7e-m+fp/hard\libc_nano.a(lib_a-writer.o)
                0x000000000804dfdc                _write_r
 .text._close_r
                0x000000000804e000       0x20 d:/program files/stm32cubeide_1.11.2/stm32cubeide/plugins/com.st.stm32cube.ide.mcu.externaltools.gnu-tools-for-stm32.10.3-2021.10.win32_1.0.100.202210260954/tools/bin/../lib/gcc/arm-none-eabi/10.3.1/../../../../arm-none-eabi/lib/thumb/v7e-m+fp/hard\libc_nano.a(lib_a-closer.o)
                0x000000000804e000                _close_r
 .text._fstat_r
                0x000000000804e020       0x24 d:/program files/stm32cubeide_1.11.2/stm32cubeide/plugins/com.st.stm32cube.ide.mcu.externaltools.gnu-tools-for-stm32.10.3-2021.10.win32_1.0.100.202210260954/tools/bin/../lib/gcc/arm-none-eabi/10.3.1/../../../../arm-none-eabi/lib/thumb/v7e-m+fp/hard\libc_nano.a(lib_a-fstatr.o)
                0x000000000804e020                _fstat_r
 .text._isatty_r
                0x000000000804e044       0x20 d:/program files/stm32cubeide_1.11.2/stm32cubeide/plugins/com.st.stm32cube.ide.mcu.externaltools.gnu-tools-for-stm32.10.3-2021.10.win32_1.0.100.202210260954/tools/bin/../lib/gcc/arm-none-eabi/10.3.1/../../../../arm-none-eabi/lib/thumb/v7e-m+fp/hard\libc_nano.a(lib_a-isattyr.o)
                0x000000000804e044                _isatty_r
 .text._lseek_r
                0x000000000804e064       0x24 d:/program files/stm32cubeide_1.11.2/stm32cubeide/plugins/com.st.stm32cube.ide.mcu.externaltools.gnu-tools-for-stm32.10.3-2021.10.win32_1.0.100.202210260954/tools/bin/../lib/gcc/arm-none-eabi/10.3.1/../../../../arm-none-eabi/lib/thumb/v7e-m+fp/hard\libc_nano.a(lib_a-lseekr.o)
                0x000000000804e064                _lseek_r
 .text.memcpy   0x000000000804e088       0x1c d:/program files/stm32cubeide_1.11.2/stm32cubeide/plugins/com.st.stm32cube.ide.mcu.externaltools.gnu-tools-for-stm32.10.3-2021.10.win32_1.0.100.202210260954/tools/bin/../lib/gcc/arm-none-eabi/10.3.1/../../../../arm-none-eabi/lib/thumb/v7e-m+fp/hard\libc_nano.a(lib_a-memcpy-stub.o)
                0x000000000804e088                memcpy
 .text.memmove  0x000000000804e0a4       0x34 d:/program files/stm32cubeide_1.11.2/stm32cubeide/plugins/com.st.stm32cube.ide.mcu.externaltools.gnu-tools-for-stm32.10.3-2021.10.win32_1.0.100.202210260954/tools/bin/../lib/gcc/arm-none-eabi/10.3.1/../../../../arm-none-eabi/lib/thumb/v7e-m+fp/hard\libc_nano.a(lib_a-memmove.o)
                0x000000000804e0a4                memmove
 .text._realloc_r
                0x000000000804e0d8       0x5e d:/program files/stm32cubeide_1.11.2/stm32cubeide/plugins/com.st.stm32cube.ide.mcu.externaltools.gnu-tools-for-stm32.10.3-2021.10.win32_1.0.100.202210260954/tools/bin/../lib/gcc/arm-none-eabi/10.3.1/../../../../arm-none-eabi/lib/thumb/v7e-m+fp/hard\libc_nano.a(lib_a-nano-reallocr.o)
                0x000000000804e0d8                _realloc_r
 *fill*         0x000000000804e136        0x2 
 .text._read_r  0x000000000804e138       0x24 d:/program files/stm32cubeide_1.11.2/stm32cubeide/plugins/com.st.stm32cube.ide.mcu.externaltools.gnu-tools-for-stm32.10.3-2021.10.win32_1.0.100.202210260954/tools/bin/../lib/gcc/arm-none-eabi/10.3.1/../../../../arm-none-eabi/lib/thumb/v7e-m+fp/hard\libc_nano.a(lib_a-readr.o)
                0x000000000804e138                _read_r
 .text._malloc_usable_size_r
                0x000000000804e15c       0x10 d:/program files/stm32cubeide_1.11.2/stm32cubeide/plugins/com.st.stm32cube.ide.mcu.externaltools.gnu-tools-for-stm32.10.3-2021.10.win32_1.0.100.202210260954/tools/bin/../lib/gcc/arm-none-eabi/10.3.1/../../../../arm-none-eabi/lib/thumb/v7e-m+fp/hard\libc_nano.a(lib_a-nano-msizer.o)
                0x000000000804e15c                _malloc_usable_size_r
 *(.glue_7)
 .glue_7        0x000000000804e16c        0x0 linker stubs
 *(.glue_7t)
 .glue_7t       0x000000000804e16c        0x0 linker stubs
 *(.eh_frame)
 .eh_frame      0x000000000804e16c        0x0 d:/program files/stm32cubeide_1.11.2/stm32cubeide/plugins/com.st.stm32cube.ide.mcu.externaltools.gnu-tools-for-stm32.10.3-2021.10.win32_1.0.100.202210260954/tools/bin/../lib/gcc/arm-none-eabi/10.3.1/thumb/v7e-m+fp/hard/crtbegin.o
 *(.init)
 .init          0x000000000804e16c        0x4 d:/program files/stm32cubeide_1.11.2/stm32cubeide/plugins/com.st.stm32cube.ide.mcu.externaltools.gnu-tools-for-stm32.10.3-2021.10.win32_1.0.100.202210260954/tools/bin/../lib/gcc/arm-none-eabi/10.3.1/thumb/v7e-m+fp/hard/crti.o
                0x000000000804e16c                _init
 .init          0x000000000804e170        0x8 d:/program files/stm32cubeide_1.11.2/stm32cubeide/plugins/com.st.stm32cube.ide.mcu.externaltools.gnu-tools-for-stm32.10.3-2021.10.win32_1.0.100.202210260954/tools/bin/../lib/gcc/arm-none-eabi/10.3.1/thumb/v7e-m+fp/hard/crtn.o
 *(.fini)
 .fini          0x000000000804e178        0x4 d:/program files/stm32cubeide_1.11.2/stm32cubeide/plugins/com.st.stm32cube.ide.mcu.externaltools.gnu-tools-for-stm32.10.3-2021.10.win32_1.0.100.202210260954/tools/bin/../lib/gcc/arm-none-eabi/10.3.1/thumb/v7e-m+fp/hard/crti.o
                0x000000000804e178                _fini
 .fini          0x000000000804e17c        0x8 d:/program files/stm32cubeide_1.11.2/stm32cubeide/plugins/com.st.stm32cube.ide.mcu.externaltools.gnu-tools-for-stm32.10.3-2021.10.win32_1.0.100.202210260954/tools/bin/../lib/gcc/arm-none-eabi/10.3.1/thumb/v7e-m+fp/hard/crtn.o
                0x000000000804e184                . = ALIGN (0x4)
                0x000000000804e184                _etext = .

.vfp11_veneer   0x000000000804e184        0x0
 .vfp11_veneer  0x000000000804e184        0x0 linker stubs

.v4_bx          0x000000000804e184        0x0
 .v4_bx         0x000000000804e184        0x0 linker stubs

.iplt           0x000000000804e184        0x0
 .iplt          0x000000000804e184        0x0 d:/program files/stm32cubeide_1.11.2/stm32cubeide/plugins/com.st.stm32cube.ide.mcu.externaltools.gnu-tools-for-stm32.10.3-2021.10.win32_1.0.100.202210260954/tools/bin/../lib/gcc/arm-none-eabi/10.3.1/thumb/v7e-m+fp/hard/crtbegin.o

.rodata         0x000000000804e184     0x2684
                0x000000000804e184                . = ALIGN (0x4)
 *(.rodata)
 .rodata        0x000000000804e184       0x79 ./Core/Src/main.o
 *fill*         0x000000000804e1fd        0x3 
 .rodata        0x000000000804e200      0x21f ./Core/Src/ota_app.o
 *fill*         0x000000000804e41f        0x1 
 .rodata        0x000000000804e420        0x4 ./Middlewares/ST/STM32_USB_Host_Library/Class/CDC/Src/usbh_cdc.o
 *(.rodata*)
 .rodata.crc_table
                0x000000000804e424      0x400 ./Core/Src/ota_app.o
 .rodata.AHBPrescTable
                0x000000000804e824       0x10 ./Core/Src/system_stm32f4xx.o
                0x000000000804e824                AHBPrescTable
 .rodata.APBPrescTable
                0x000000000804e834        0x8 ./Core/Src/system_stm32f4xx.o
                0x000000000804e834                APBPrescTable
 .rodata.Font24_Table
                0x000000000804e83c     0x1ab8 ./Drivers/BSP/STM32F429I-Discovery/stm32f429i_discovery_lcd.o
                0x000000000804e83c                Font24_Table
 .rodata.Font12_Table