../Core/Src/main.c:106:5:main	8	static
../Core/Src/main.c:216:6:SystemClock_Config	88	static
../Core/Src/main.c:262:13:MX_CRC_Init	8	static
../Core/Src/main.c:288:13:MX_DMA2D_Init	8	static
../Core/Src/main.c:325:13:MX_I2C3_Init	8	static
../Core/Src/main.c:373:13:MX_LTDC_Init	64	static
../Core/Src/main.c:435:13:MX_SPI5_Init	8	static
../Core/Src/main.c:473:13:MX_TIM1_Init	32	static
../Core/Src/main.c:519:13:MX_UART5_Init	8	static
../Core/Src/main.c:552:13:MX_USART1_UART_Init	8	static
../Core/Src/main.c:581:13:MX_FMC_Init	40	static
../Core/Src/main.c:632:13:MX_GPIO_Init	64	static
../Core/Src/main.c:725:5:__io_putchar	16	static
../Core/Src/main.c:745:6:HAL_TIM_PeriodElapsedCallback	16	static
../Core/Src/main.c:762:6:Error_Handler	4	static,ignoring_inline_asm
