../Core/Src/main.c:99:5:main	8	static
../Core/Src/main.c:203:6:SystemClock_Config	88	static
../Core/Src/main.c:249:13:MX_CRC_Init	8	static
../Core/Src/main.c:275:13:MX_DMA2D_Init	8	static
../Core/Src/main.c:312:13:MX_I2C3_Init	8	static
../Core/Src/main.c:360:13:MX_LTDC_Init	64	static
../Core/Src/main.c:422:13:MX_SPI5_Init	8	static
../Core/Src/main.c:460:13:MX_TIM1_Init	32	static
../Core/Src/main.c:506:13:MX_UART5_Init	8	static
../Core/Src/main.c:539:13:MX_USART1_UART_Init	8	static
../Core/Src/main.c:568:13:MX_FMC_Init	40	static
../Core/Src/main.c:619:13:MX_GPIO_Init	64	static
../Core/Src/main.c:712:5:__io_putchar	16	static
../Core/Src/main.c:732:6:HAL_TIM_PeriodElapsedCallback	16	static
../Core/Src/main.c:749:6:Error_Handler	4	static,ignoring_inline_asm
