../Core/Src/serial_com.c:66:6:serial_app	16	static
../Core/Src/serial_com.c:147:6:ota_check	8	static
../Core/Src/serial_com.c:151:6:HAL_UART_RxCpltCallback	16	static
../Core/Src/serial_com.c:164:13:ser_receive_chunk	24	static
../Core/Src/serial_com.c:276:16:ser_proccess_data	56	static
../Core/Src/serial_com.c:447:13:ser_send_resp	32	static
../Core/Src/serial_com.c:469:6:go_to_DFU	80	static
../Core/Src/serial_com.c:504:26:write_cfg_to_flash	64	static
../Core/Src/serial_com.c:581:13:ota_req_send	32	static
../Core/Src/serial_com.c:605:10:ser_calcCRC	32	static
