../Core/Src/serial_com.c:66:6:serial_app	16	static
../Core/Src/serial_com.c:144:6:ota_check	8	static
../Core/Src/serial_com.c:148:6:HAL_UART_RxCpltCallback	16	static
../Core/Src/serial_com.c:161:13:ser_receive_chunk	24	static
../Core/Src/serial_com.c:273:16:ser_proccess_data	56	static
../Core/Src/serial_com.c:445:13:ser_send_resp	32	static
../Core/Src/serial_com.c:467:6:go_to_DFU	80	static
../Core/Src/serial_com.c:502:26:write_cfg_to_flash	64	static
../Core/Src/serial_com.c:579:13:ota_req_send	32	static
../Core/Src/serial_com.c:603:10:ser_calcCRC	32	static
