../Core/Src/stm32f4xx_it.c:82:6:NMI_Handler	4	static
../Core/Src/stm32f4xx_it.c:97:6:HardFault_Handler	4	static
../Core/Src/stm32f4xx_it.c:112:6:MemManage_Handler	4	static
../Core/Src/stm32f4xx_it.c:127:6:BusFault_Handler	4	static
../Core/Src/stm32f4xx_it.c:142:6:UsageFault_Handler	4	static
../Core/Src/stm32f4xx_it.c:157:6:SVC_Handler	4	static
../Core/Src/stm32f4xx_it.c:170:6:DebugMon_Handler	4	static
../Core/Src/stm32f4xx_it.c:183:6:PendSV_Handler	4	static
../Core/Src/stm32f4xx_it.c:196:6:SysTick_Handler	4	static
../Core/Src/stm32f4xx_it.c:217:6:EXTI0_IRQHandler	8	static
../Core/Src/stm32f4xx_it.c:231:6:UART5_IRQHandler	8	static
../Core/Src/stm32f4xx_it.c:245:6:TIM6_DAC_IRQHandler	8	static
../Core/Src/stm32f4xx_it.c:259:6:OTG_HS_IRQHandler	8	static
../Core/Src/stm32f4xx_it.c:273:6:LTDC_IRQHandler	8	static
../Core/Src/stm32f4xx_it.c:287:6:DMA2D_IRQHandler	8	static
../Core/Src/stm32f4xx_it.c:299:6:HAL_GPIO_EXTI_Callback	16	static
../Core/Src/stm32f4xx_it.c:309:6:HAL_UART_RxCpltCallback	16	static
